Archive member included to satisfy reference by file (symbol)

C:/ST/STM32CubeIDE_1.14.1/STM32CubeIDE/plugins/com.st.stm32cube.ide.mcu.externaltools.gnu-tools-for-stm32.11.3.rel1.win32_1.1.100.202309141235/tools/bin/../lib/gcc/arm-none-eabi/11.3.1/../../../../arm-none-eabi/lib/thumb/v7e-m+fp/hard\libm.a(libm_a-w_pow.o)
                              ./Core/Src/kin.o (pow)
C:/ST/STM32CubeIDE_1.14.1/STM32CubeIDE/plugins/com.st.stm32cube.ide.mcu.externaltools.gnu-tools-for-stm32.11.3.rel1.win32_1.1.100.202309141235/tools/bin/../lib/gcc/arm-none-eabi/11.3.1/../../../../arm-none-eabi/lib/thumb/v7e-m+fp/hard\libm.a(libm_a-w_sqrt.o)
                              ./Core/Src/kin.o (sqrt)
C:/ST/STM32CubeIDE_1.14.1/STM32CubeIDE/plugins/com.st.stm32cube.ide.mcu.externaltools.gnu-tools-for-stm32.11.3.rel1.win32_1.1.100.202309141235/tools/bin/../lib/gcc/arm-none-eabi/11.3.1/../../../../arm-none-eabi/lib/thumb/v7e-m+fp/hard\libm.a(libm_a-s_cos.o)
                              ./Core/Src/kin.o (cos)
C:/ST/STM32CubeIDE_1.14.1/STM32CubeIDE/plugins/com.st.stm32cube.ide.mcu.externaltools.gnu-tools-for-stm32.11.3.rel1.win32_1.1.100.202309141235/tools/bin/../lib/gcc/arm-none-eabi/11.3.1/../../../../arm-none-eabi/lib/thumb/v7e-m+fp/hard\libm.a(libm_a-s_sin.o)
                              ./Core/Src/kin.o (sin)
C:/ST/STM32CubeIDE_1.14.1/STM32CubeIDE/plugins/com.st.stm32cube.ide.mcu.externaltools.gnu-tools-for-stm32.11.3.rel1.win32_1.1.100.202309141235/tools/bin/../lib/gcc/arm-none-eabi/11.3.1/../../../../arm-none-eabi/lib/thumb/v7e-m+fp/hard\libm.a(libm_a-s_finite.o)
                              C:/ST/STM32CubeIDE_1.14.1/STM32CubeIDE/plugins/com.st.stm32cube.ide.mcu.externaltools.gnu-tools-for-stm32.11.3.rel1.win32_1.1.100.202309141235/tools/bin/../lib/gcc/arm-none-eabi/11.3.1/../../../../arm-none-eabi/lib/thumb/v7e-m+fp/hard\libm.a(libm_a-w_pow.o) (finite)
C:/ST/STM32CubeIDE_1.14.1/STM32CubeIDE/plugins/com.st.stm32cube.ide.mcu.externaltools.gnu-tools-for-stm32.11.3.rel1.win32_1.1.100.202309141235/tools/bin/../lib/gcc/arm-none-eabi/11.3.1/../../../../arm-none-eabi/lib/thumb/v7e-m+fp/hard\libm.a(libm_a-e_sqrt.o)
                              C:/ST/STM32CubeIDE_1.14.1/STM32CubeIDE/plugins/com.st.stm32cube.ide.mcu.externaltools.gnu-tools-for-stm32.11.3.rel1.win32_1.1.100.202309141235/tools/bin/../lib/gcc/arm-none-eabi/11.3.1/../../../../arm-none-eabi/lib/thumb/v7e-m+fp/hard\libm.a(libm_a-w_sqrt.o) (__ieee754_sqrt)
C:/ST/STM32CubeIDE_1.14.1/STM32CubeIDE/plugins/com.st.stm32cube.ide.mcu.externaltools.gnu-tools-for-stm32.11.3.rel1.win32_1.1.100.202309141235/tools/bin/../lib/gcc/arm-none-eabi/11.3.1/../../../../arm-none-eabi/lib/thumb/v7e-m+fp/hard\libm.a(libm_a-k_cos.o)
                              C:/ST/STM32CubeIDE_1.14.1/STM32CubeIDE/plugins/com.st.stm32cube.ide.mcu.externaltools.gnu-tools-for-stm32.11.3.rel1.win32_1.1.100.202309141235/tools/bin/../lib/gcc/arm-none-eabi/11.3.1/../../../../arm-none-eabi/lib/thumb/v7e-m+fp/hard\libm.a(libm_a-s_cos.o) (__kernel_cos)
C:/ST/STM32CubeIDE_1.14.1/STM32CubeIDE/plugins/com.st.stm32cube.ide.mcu.externaltools.gnu-tools-for-stm32.11.3.rel1.win32_1.1.100.202309141235/tools/bin/../lib/gcc/arm-none-eabi/11.3.1/../../../../arm-none-eabi/lib/thumb/v7e-m+fp/hard\libm.a(libm_a-k_sin.o)
                              C:/ST/STM32CubeIDE_1.14.1/STM32CubeIDE/plugins/com.st.stm32cube.ide.mcu.externaltools.gnu-tools-for-stm32.11.3.rel1.win32_1.1.100.202309141235/tools/bin/../lib/gcc/arm-none-eabi/11.3.1/../../../../arm-none-eabi/lib/thumb/v7e-m+fp/hard\libm.a(libm_a-s_cos.o) (__kernel_sin)
C:/ST/STM32CubeIDE_1.14.1/STM32CubeIDE/plugins/com.st.stm32cube.ide.mcu.externaltools.gnu-tools-for-stm32.11.3.rel1.win32_1.1.100.202309141235/tools/bin/../lib/gcc/arm-none-eabi/11.3.1/../../../../arm-none-eabi/lib/thumb/v7e-m+fp/hard\libm.a(libm_a-e_pow.o)
                              C:/ST/STM32CubeIDE_1.14.1/STM32CubeIDE/plugins/com.st.stm32cube.ide.mcu.externaltools.gnu-tools-for-stm32.11.3.rel1.win32_1.1.100.202309141235/tools/bin/../lib/gcc/arm-none-eabi/11.3.1/../../../../arm-none-eabi/lib/thumb/v7e-m+fp/hard\libm.a(libm_a-w_pow.o) (__ieee754_pow)
C:/ST/STM32CubeIDE_1.14.1/STM32CubeIDE/plugins/com.st.stm32cube.ide.mcu.externaltools.gnu-tools-for-stm32.11.3.rel1.win32_1.1.100.202309141235/tools/bin/../lib/gcc/arm-none-eabi/11.3.1/../../../../arm-none-eabi/lib/thumb/v7e-m+fp/hard\libm.a(libm_a-e_rem_pio2.o)
                              C:/ST/STM32CubeIDE_1.14.1/STM32CubeIDE/plugins/com.st.stm32cube.ide.mcu.externaltools.gnu-tools-for-stm32.11.3.rel1.win32_1.1.100.202309141235/tools/bin/../lib/gcc/arm-none-eabi/11.3.1/../../../../arm-none-eabi/lib/thumb/v7e-m+fp/hard\libm.a(libm_a-s_cos.o) (__ieee754_rem_pio2)
C:/ST/STM32CubeIDE_1.14.1/STM32CubeIDE/plugins/com.st.stm32cube.ide.mcu.externaltools.gnu-tools-for-stm32.11.3.rel1.win32_1.1.100.202309141235/tools/bin/../lib/gcc/arm-none-eabi/11.3.1/../../../../arm-none-eabi/lib/thumb/v7e-m+fp/hard\libm.a(libm_a-s_fabs.o)
[...]
Memory Configuration

Name             Origin             Length             Attributes
CCMRAM           0x0000000010000000 0x0000000000010000 xrw
RAM              0x0000000020000000 0x0000000000030000 xrw
FLASH            0x0000000008000000 0x0000000000200000 xr
*default*        0x0000000000000000 0xffffffffffffffff

Linker script and memory map

LOAD C:/ST/STM32CubeIDE_1.14.1/STM32CubeIDE/plugins/com.st.stm32cube.ide.mcu.externaltools.gnu-tools-for-stm32.11.3.rel1.win32_1.1.100.202309141235/tools/bin/../lib/gcc/arm-none-eabi/11.3.1/thumb/v7e-m+fp/hard/crti.o
LOAD C:/ST/STM32CubeIDE_1.14.1/STM32CubeIDE/plugins/com.st.stm32cube.ide.mcu.externaltools.gnu-tools-for-stm32.11.3.rel1.win32_1.1.100.202309141235/tools/bin/../lib/gcc/arm-none-eabi/11.3.1/thumb/v7e-m+fp/hard/crtbegin.o
LOAD C:/ST/STM32CubeIDE_1.14.1/STM32CubeIDE/plugins/com.st.stm32cube.ide.mcu.externaltools.gnu-tools-for-stm32.11.3.rel1.win32_1.1.100.202309141235/tools/bin/../lib/gcc/arm-none-eabi/11.3.1/../../../../arm-none-eabi/lib/thumb/v7e-m+fp/hard/crt0.o
LOAD ./Core/Src/bno055.o
LOAD ./Core/Src/freertos.o
LOAD ./Core/Src/i2c-lcd.o
LOAD ./Core/Src/kin.o
LOAD ./Core/Src/main.o
LOAD ./Core/Src/rosHandler.o
LOAD ./Core/Src/stm32f4xx_hal_msp.o
LOAD ./Core/Src/stm32f4xx_hal_timebase_tim.o
LOAD ./Core/Src/stm32f4xx_it.o
LOAD ./Core/Src/syscalls.o
LOAD ./Core/Src/sysmem.o
LOAD ./Core/Src/system_stm32f4xx.o
LOAD ./Core/Src/time.o
LOAD ./Core/Startup/startup_stm32f429zitx.o
LOAD ./Drivers/STM32F4xx_HAL_Driver/Src/stm32f4xx_hal.o
LOAD ./Drivers/STM32F4xx_HAL_Driver/Src/stm32f4xx_hal_cortex.o
LOAD ./Drivers/STM32F4xx_HAL_Driver/Src/stm32f4xx_hal_dma.o
LOAD ./Drivers/STM32F4xx_HAL_Driver/Src/stm32f4xx_hal_dma_ex.o
LOAD ./Drivers/STM32F4xx_HAL_Driver/Src/stm32f4xx_hal_exti.o
LOAD ./Drivers/STM32F4xx_HAL_Driver/Src/stm32f4xx_hal_flash.o
LOAD ./Drivers/STM32F4xx_HAL_Driver/Src/stm32f4xx_hal_flash_ex.o
LOAD ./Drivers/STM32F4xx_HAL_Driver/Src/stm32f4xx_hal_flash_ramfunc.o
LOAD ./Drivers/STM32F4xx_HAL_Driver/Src/stm32f4xx_hal_gpio.o
LOAD ./Drivers/STM32F4xx_HAL_Driver/Src/stm32f4xx_hal_i2c.o
LOAD ./Drivers/STM32F4xx_HAL_Driver/Src/stm32f4xx_hal_i2c_ex.o
LOAD ./Drivers/STM32F4xx_HAL_Driver/Src/stm32f4xx_hal_pwr.o
LOAD ./Drivers/STM32F4xx_HAL_Driver/Src/stm32f4xx_hal_pwr_ex.o
LOAD ./Drivers/STM32F4xx_HAL_Driver/Src/stm32f4xx_hal_rcc.o
LOAD ./Drivers/STM32F4xx_HAL_Driver/Src/stm32f4xx_hal_rcc_ex.o
LOAD ./Drivers/STM32F4xx_HAL_Driver/Src/stm32f4xx_hal_tim.o
LOAD ./Drivers/STM32F4xx_HAL_Driver/Src/stm32f4xx_hal_tim_ex.o
LOAD ./Drivers/STM32F4xx_HAL_Driver/Src/stm32f4xx_hal_uart.o
LOAD ./Middlewares/Third_Party/FreeRTOS/Source/CMSIS_RTOS_V2/cmsis_os2.o
LOAD ./Middlewares/Third_Party/FreeRTOS/Source/croutine.o
LOAD ./Middlewares/Third_Party/FreeRTOS/Source/event_groups.o
LOAD ./Middlewares/Third_Party/FreeRTOS/Source/list.o
LOAD ./Middlewares/Third_Party/FreeRTOS/Source/queue.o
LOAD ./Middlewares/Third_Party/FreeRTOS/Source/stream_buffer.o
LOAD ./Middlewares/Third_Party/FreeRTOS/Source/tasks.o
LOAD ./Middlewares/Third_Party/FreeRTOS/Source/timers.o
LOAD ./Middlewares/Third_Party/FreeRTOS/Source/portable/GCC/ARM_CM4F/port.o
LOAD ./Middlewares/Third_Party/FreeRTOS/Source/portable/MemMang/heap_4.o
START GROUP
LOAD C:/ST/STM32CubeIDE_1.14.1/STM32CubeIDE/plugins/com.st.stm32cube.ide.mcu.externaltools.gnu-tools-for-stm32.11.3.rel1.win32_1.1.100.202309141235/tools/bin/../lib/gcc/arm-none-eabi/11.3.1/../../../../arm-none-eabi/lib/thumb/v7e-m+fp/hard\libstdc++_nano.a
LOAD C:/ST/STM32CubeIDE_1.14.1/STM32CubeIDE/plugins/com.st.stm32cube.ide.mcu.externaltools.gnu-tools-for-stm32.11.3.rel1.win32_1.1.100.202309141235/tools/bin/../lib/gcc/arm-none-eabi/11.3.1/../../../../arm-none-eabi/lib/thumb/v7e-m+fp/hard\libsupc++_nano.a
END GROUP
LOAD C:/ST/STM32CubeIDE_1.14.1/STM32CubeIDE/plugins/com.st.stm32cube.ide.mcu.externaltools.gnu-tools-for-stm32.11.3.rel1.win32_1.1.100.202309141235/tools/bin/../lib/gcc/arm-none-eabi/11.3.1/../../../../arm-none-eabi/lib/thumb/v7e-m+fp/hard\libstdc++_nano.a
LOAD C:/ST/STM32CubeIDE_1.14.1/STM32CubeIDE/plugins/com.st.stm32cube.ide.mcu.externaltools.gnu-tools-for-stm32.11.3.rel1.win32_1.1.100.202309141235/tools/bin/../lib/gcc/arm-none-eabi/11.3.1/../../../../arm-none-eabi/lib/thumb/v7e-m+fp/hard\libm.a
LOAD C:/ST/STM32CubeIDE_1.14.1/STM32CubeIDE/plugins/com.st.stm32cube.ide.mcu.externaltools.gnu-tools-for-stm32.11.3.rel1.win32_1.1.100.202309141235/tools/bin/../lib/gcc/arm-none-eabi/11.3.1/../../../../arm-none-eabi/lib/thumb/v7e-m+fp/hard\libc_nano.a
START GROUP
LOAD C:/ST/STM32CubeIDE_1.14.1/STM32CubeIDE/plugins/com.st.stm32cube.ide.mcu.externaltools.gnu-tools-for-stm32.11.3.rel1.win32_1.1.100.202309141235/tools/bin/../lib/gcc/arm-none-eabi/11.3.1/thumb/v7e-m+fp/hard\libgcc.a
LOAD C:/ST/STM32CubeIDE_1.14.1/STM32CubeIDE/plugins/com.st.stm32cube.ide.mcu.externaltools.gnu-tools-for-stm32.11.3.rel1.win32_1.1.100.202309141235/tools/bin/../lib/gcc/arm-none-eabi/11.3.1/../../../../arm-none-eabi/lib/thumb/v7e-m+fp/hard\libc_nano.a
END GROUP
START GROUP
LOAD C:/ST/STM32CubeIDE_1.14.1/STM32CubeIDE/plugins/com.st.stm32cube.ide.mcu.externaltools.gnu-tools-for-stm32.11.3.rel1.win32_1.1.100.202309141235/tools/bin/../lib/gcc/arm-none-eabi/11.3.1/thumb/v7e-m+fp/hard\libgcc.a
LOAD C:/ST/STM32CubeIDE_1.14.1/STM32CubeIDE/plugins/com.st.stm32cube.ide.mcu.externaltools.gnu-tools-for-stm32.11.3.rel1.win32_1.1.100.202309141235/tools/bin/../lib/gcc/arm-none-eabi/11.3.1/../../../../arm-none-eabi/lib/thumb/v7e-m+fp/hard\libc_nano.a
LOAD C:/ST/STM32CubeIDE_1.14.1/STM32CubeIDE/plugins/com.st.stm32cube.ide.mcu.externaltools.gnu-tools-for-stm32.11.3.rel1.win32_1.1.100.202309141235/tools/bin/../lib/gcc/arm-none-eabi/11.3.1/../../../../arm-none-eabi/lib/thumb/v7e-m+fp/hard\libnosys.a
END GROUP
START GROUP
LOAD C:/ST/STM32CubeIDE_1.14.1/STM32CubeIDE/plugins/com.st.stm32cube.ide.mcu.externaltools.gnu-tools-for-stm32.11.3.rel1.win32_1.1.100.202309141235/tools/bin/../lib/gcc/arm-none-eabi/11.3.1/thumb/v7e-m+fp/hard\libgcc.a
LOAD C:/ST/STM32CubeIDE_1.14.1/STM32CubeIDE/plugins/com.st.stm32cube.ide.mcu.externaltools.gnu-tools-for-stm32.11.3.rel1.win32_1.1.100.202309141235/tools/bin/../lib/gcc/arm-none-eabi/11.3.1/../../../../arm-none-eabi/lib/thumb/v7e-m+fp/hard\libc_nano.a
LOAD C:/ST/STM32CubeIDE_1.14.1/STM32CubeIDE/plugins/com.st.stm32cube.ide.mcu.externaltools.gnu-tools-for-stm32.11.3.rel1.win32_1.1.100.202309141235/tools/bin/../lib/gcc/arm-none-eabi/11.3.1/../../../../arm-none-eabi/lib/thumb/v7e-m+fp/hard\libnosys.a
END GROUP
LOAD C:/ST/STM32CubeIDE_1.14.1/STM32CubeIDE/plugins/com.st.stm32cube.ide.mcu.externaltools.gnu-tools-for-stm32.11.3.rel1.win32_1.1.100.202309141235/tools/bin/../lib/gcc/arm-none-eabi/11.3.1/thumb/v7e-m+fp/hard/crtend.o
LOAD C:/ST/STM32CubeIDE_1.14.1/STM32CubeIDE/plugins/com.st.stm32cube.ide.mcu.externaltools.gnu-tools-for-stm32.11.3.rel1.win32_1.1.100.202309141235/tools/bin/../lib/gcc/arm-none-eabi/11.3.1/thumb/v7e-m+fp/hard/crtn.o
                0x0000000020030000                _estack = (ORIGIN (RAM) + LENGTH (RAM))
                0x0000000000000200                _Min_Heap_Size = 0x200
                0x0000000000000400                _Min_Stack_Size = 0x400

.isr_vector     0x0000000008000000      0x1ac
                0x0000000008000000                . = ALIGN (0x4)
 *(.isr_vector)
 .isr_vector    0x0000000008000000      0x1ac ./Core/Startup/startup_stm32f429zitx.o
                0x0000000008000000                g_pfnVectors
                0x00000000080001ac                . = ALIGN (0x4)

.text           0x00000000080001b0    0x14bc8
                0x00000000080001b0                . = ALIGN (0x4)
 *(.text)
 .text          0x00000000080001b0       0x40 C:/ST/STM32CubeIDE_1.14.1/STM32CubeIDE/plugins/com.st.stm32cube.ide.mcu.externaltools.gnu-tools-for-stm32.11.3.rel1.win32_1.1.100.202309141235/tools/bin/../lib/gcc/arm-none-eabi/11.3.1/thumb/v7e-m+fp/hard/crtbegin.o
 .text          0x00000000080001f0       0xa0 C:/ST/STM32CubeIDE_1.14.1/STM32CubeIDE/plugins/com.st.stm32cube.ide.mcu.externaltools.gnu-tools-for-stm32.11.3.rel1.win32_1.1.100.202309141235/tools/bin/../lib/gcc/arm-none-eabi/11.3.1/../../../../arm-none-eabi/lib/thumb/v7e-m+fp/hard\libc_nano.a(libc_a-memchr.o)
                0x00000000080001f0                memchr
 .text          0x0000000008000290       0x10 C:/ST/STM32CubeIDE_1.14.1/STM32CubeIDE/plugins/com.st.stm32cube.ide.mcu.externaltools.gnu-tools-for-stm32.11.3.rel1.win32_1.1.100.202309141235/tools/bin/../lib/gcc/arm-none-eabi/11.3.1/../../../../arm-none-eabi/lib/thumb/v7e-m+fp/hard\libc_nano.a(libc_a-strlen.o)
                0x0000000008000290                strlen
 .text          0x00000000080002a0      0x378 C:/ST/STM32CubeIDE_1.14.1/STM32CubeIDE/plugins/com.st.stm32cube.ide.mcu.externaltools.gnu-tools-for-stm32.11.3.rel1.win32_1.1.100.202309141235/tools/bin/../lib/gcc/arm-none-eabi/11.3.1/thumb/v7e-m+fp/hard\libgcc.a(_arm_addsubdf3.o)
                0x00000000080002a0                __aeabi_drsub
                0x00000000080002a8                __aeabi_dsub
                0x00000000080002a8                __subdf3
                0x00000000080002ac                __aeabi_dadd
                0x00000000080002ac                __adddf3
                0x0000000008000524                __floatunsidf
                0x0000000008000524                __aeabi_ui2d
                0x0000000008000544                __floatsidf
                0x0000000008000544                __aeabi_i2d
                0x0000000008000568                __aeabi_f2d
                0x0000000008000568                __extendsfdf2
                0x00000000080005ac                __floatundidf
                0x00000000080005ac                __aeabi_ul2d
                0x00000000080005bc                __floatdidf
                0x00000000080005bc                __aeabi_l2d
 .text          0x0000000008000618      0x424 C:/ST/STM32CubeIDE_1.14.1/STM32CubeIDE/plugins/com.st.stm32cube.ide.mcu.externaltools.gnu-tools-for-stm32.11.3.rel1.win32_1.1.100.202309141235/tools/bin/../lib/gcc/arm-none-eabi/11.3.1/thumb/v7e-m+fp/hard\libgcc.a(_arm_muldivdf3.o)
                0x0000000008000618                __aeabi_dmul
                0x0000000008000618                __muldf3
                0x000000000800086c                __divdf3
                0x000000000800086c                __aeabi_ddiv
 .text          0x0000000008000a3c      0x110 C:/ST/STM32CubeIDE_1.14.1/STM32CubeIDE/plugins/com.st.stm32cube.ide.mcu.externaltools.gnu-tools-for-stm32.11.3.rel1.win32_1.1.100.202309141235/tools/bin/../lib/gcc/arm-none-eabi/11.3.1/thumb/v7e-m+fp/hard\libgcc.a(_arm_cmpdf2.o)
                0x0000000008000a3c                __gtdf2
                0x0000000008000a3c                __gedf2
                0x0000000008000a44                __ltdf2
                0x0000000008000a44                __ledf2
                0x0000000008000a4c                __nedf2
                0x0000000008000a4c                __eqdf2
                0x0000000008000a4c                __cmpdf2
                0x0000000008000ac8                __aeabi_cdrcmple
                0x0000000008000ad8                __aeabi_cdcmpeq
                0x0000000008000ad8                __aeabi_cdcmple
                0x0000000008000ae8                __aeabi_dcmpeq
                0x0000000008000afc                __aeabi_dcmplt
                0x0000000008000b10                __aeabi_dcmple
                0x0000000008000b24                __aeabi_dcmpge
                0x0000000008000b38                __aeabi_dcmpgt
 .text          0x0000000008000b4c       0x2c C:/ST/STM32CubeIDE_1.14.1/STM32CubeIDE/plugins/com.st.stm32cube.ide.mcu.externaltools.gnu-tools-for-stm32.11.3.rel1.win32_1.1.100.202309141235/tools/bin/../lib/gcc/arm-none-eabi/11.3.1/thumb/v7e-m+fp/hard\libgcc.a(_arm_unorddf2.o)
                0x0000000008000b4c                __unorddf2
                0x0000000008000b4c                __aeabi_dcmpun
 .text          0x0000000008000b78       0x50 C:/ST/STM32CubeIDE_1.14.1/STM32CubeIDE/plugins/com.st.stm32cube.ide.mcu.externaltools.gnu-tools-for-stm32.11.3.rel1.win32_1.1.100.202309141235/tools/bin/../lib/gcc/arm-none-eabi/11.3.1/thumb/v7e-m+fp/hard\libgcc.a(_arm_fixdfsi.o)
                0x0000000008000b78                __aeabi_d2iz
                0x0000000008000b78                __fixdfsi
 .text          0x0000000008000bc8       0xa0 C:/ST/STM32CubeIDE_1.14.1/STM32CubeIDE/plugins/com.st.stm32cube.ide.mcu.externaltools.gnu-tools-for-stm32.11.3.rel1.win32_1.1.100.202309141235/tools/bin/../lib/gcc/arm-none-eabi/11.3.1/thumb/v7e-m+fp/hard\libgcc.a(_arm_truncdfsf2.o)
                0x0000000008000bc8                __truncdfsf2
                0x0000000008000bc8                __aeabi_d2f
 .text          0x0000000008000c68       0x30 C:/ST/STM32CubeIDE_1.14.1/STM32CubeIDE/plugins/com.st.stm32cube.ide.mcu.externaltools.gnu-tools-for-stm32.11.3.rel1.win32_1.1.100.202309141235/tools/bin/../lib/gcc/arm-none-eabi/11.3.1/thumb/v7e-m+fp/hard\libgcc.a(_aeabi_uldivmod.o)
                0x0000000008000c68                __aeabi_uldivmod
 .text          0x0000000008000c98      0x2c8 C:/ST/STM32CubeIDE_1.14.1/STM32CubeIDE/plugins/com.st.stm32cube.ide.mcu.externaltools.gnu-tools-for-stm32.11.3.rel1.win32_1.1.100.202309141235/tools/bin/../lib/gcc/arm-none-eabi/11.3.1/thumb/v7e-m+fp/hard\libgcc.a(_udivmoddi4.o)
                0x0000000008000c98                __udivmoddi4
 .text          0x0000000008000f60        0x4 C:/ST/STM32CubeIDE_1.14.1/STM32CubeIDE/plugins/com.st.stm32cube.ide.mcu.externaltools.gnu-tools-for-stm32.11.3.rel1.win32_1.1.100.202309141235/tools/bin/../lib/gcc/arm-none-eabi/11.3.1/thumb/v7e-m+fp/hard\libgcc.a(_dvmd_tls.o)
                0x0000000008000f60                __aeabi_idiv0
                0x0000000008000f60                __aeabi_ldiv0
 *(.text*)
 .text.bno055_setPage
                0x0000000008000f64       0x1c ./Core/Src/bno055.o
                0x0000000008000f64                bno055_setPage
 .text.bno055_setOperationMode
                0x0000000008000f80       0x30 ./Core/Src/bno055.o
                0x0000000008000f80                bno055_setOperationMode
 .text.bno055_setOperationModeConfig
                0x0000000008000fb0        0xe ./Core/Src/bno055.o
                0x0000000008000fb0                bno055_setOperationModeConfig
 .text.bno055_setOperationModeNDOF
                0x0000000008000fbe        0xe ./Core/Src/bno055.o
                0x0000000008000fbe                bno055_setOperationModeNDOF
 .text.bno055_reset
                0x0000000008000fcc       0x18 ./Core/Src/bno055.o
                0x0000000008000fcc                bno055_reset
 .text.bno055_setup
                0x0000000008000fe4       0x50 ./Core/Src/bno055.o
                0x0000000008000fe4                bno055_setup
 .text.bno055_getVector
                0x0000000008001034      0x288 ./Core/Src/bno055.o
                0x0000000008001034                bno055_getVector
 .text.bno055_getVectorEuler
                0x00000000080012bc       0x86 ./Core/Src/bno055.o
                0x00000000080012bc                bno055_getVectorEuler
 *fill*         0x0000000008001342        0x2 
 .text.lcd_send_cmd
                0x0000000008001344       0x60 ./Core/Src/i2c-lcd.o
                0x0000000008001344                lcd_send_cmd
 .text.lcd_send_data
                0x00000000080013a4       0x60 ./Core/Src/i2c-lcd.o
                0x00000000080013a4                lcd_send_data
 .text.lcd_clear
                0x0000000008001404       0x2e ./Core/Src/i2c-lcd.o
                0x0000000008001404                lcd_clear
 .text.lcd_init
                0x0000000008001432       0x7a ./Core/Src/i2c-lcd.o
                0x0000000008001432                lcd_init
 .text.lcd_send_string
                0x00000000080014ac       0x2a ./Core/Src/i2c-lcd.o
                0x00000000080014ac                lcd_send_string
 *fill*         0x00000000080014d6        0x2 
 .text.Lcd_send_int
                0x00000000080014d8       0x2c ./Core/Src/i2c-lcd.o
                0x00000000080014d8                Lcd_send_int
 .text._ZSt3absd
                0x0000000008001504       0x28 ./Core/Src/kin.o
                0x0000000008001504                std::abs(double)
 .text._ZSt3absf
                0x000000000800152c       0x20 ./Core/Src/kin.o
                0x000000000800152c                std::abs(float)
 *fill*         0x000000000800154c        0x4 
 .text.ForwardKin
                0x0000000008001550      0x57c ./Core/Src/kin.o
                0x0000000008001550                ForwardKin
 .text._ZSt3powIfiEN9__gnu_cxx11__promote_2IT_T0_NS0_9__promoteIS2_XsrSt12__is_integerIS2_E7__valueEE6__typeENS4_IS3_XsrS5_IS3_E7__valueEE6__typeEE6__typeES2_S3_
                0x0000000008001acc       0x42 ./Core/Src/kin.o
                0x0000000008001acc                __gnu_cxx::__promote_2<float, int, __gnu_cxx::__promote<float, std::__is_integer<float>::__value>::__type, __gnu_cxx::__promote<int, std::__is_integer<int>::__value>::__type>::__type std::pow<float, int>(float, int)
 .text._ZSt3powIdiEN9__gnu_cxx11__promote_2IT_T0_NS0_9__promoteIS2_XsrSt12__is_integerIS2_E7__valueEE6__typeENS4_IS3_XsrS5_IS3_E7__valueEE6__typeEE6__typeES2_S3_
                0x0000000008001b0e       0x38 ./Core/Src/kin.o
                0x0000000008001b0e                __gnu_cxx::__promote_2<double, int, __gnu_cxx::__promote<double, std::__is_integer<double>::__value>::__type, __gnu_cxx::__promote<int, std::__is_integer<int>::__value>::__type>::__type std::pow<double, int>(double, int)
 *fill*         0x0000000008001b46        0x2 
 .text.InverseKin
                0x0000000008001b48      0x160 ./Core/Src/kin.o
                0x0000000008001b48                InverseKin
 .text.kinMotor_V3
                0x0000000008001ca8      0x790 ./Core/Src/kin.o
                0x0000000008001ca8                kinMotor_V3
 .text.kinMotor
                0x0000000008002438      0x280 ./Core/Src/kin.o
                0x0000000008002438                kinMotor
 .text.bno055_assignI2C
                0x00000000080026b8       0x20 ./Core/Src/main.o
                0x00000000080026b8                bno055_assignI2C
 .text.bno055_delay
                0x00000000080026d8       0x18 ./Core/Src/main.o
                0x00000000080026d8                bno055_delay
 .text.bno055_writeData
                0x00000000080026f0      0x1d8 ./Core/Src/main.o
                0x00000000080026f0                bno055_writeData
 .text.bno055_readData
                0x00000000080028c8       0x44 ./Core/Src/main.o
                0x00000000080028c8                bno055_readData
 .text.main     0x000000000800290c       0xb0 ./Core/Src/main.o
                0x000000000800290c                main
 .text.SystemClock_Config
                0x00000000080029bc       0xd4 ./Core/Src/main.o
                0x00000000080029bc                SystemClock_Config
 .text.MX_I2C1_Init
                0x0000000008002a90       0x80 ./Core/Src/main.o
 .text.MX_I2C2_Init
                0x0000000008002b10       0x80 ./Core/Src/main.o
 .text.MX_TIM1_Init
                0x0000000008002b90      0x188 ./Core/Src/main.o
 .text.MX_TIM3_Init
                0x0000000008002d18      0x130 ./Core/Src/main.o
 .text.MX_TIM13_Init
                0x0000000008002e48       0x48 ./Core/Src/main.o
 .text.MX_USART3_UART_Init
                0x0000000008002e90       0x54 ./Core/Src/main.o
 .text.MX_DMA_Init
                0x0000000008002ee4       0x70 ./Core/Src/main.o
 .text.MX_GPIO_Init
                0x0000000008002f54      0x1e4 ./Core/Src/main.o
 .text.imuCallback
                0x0000000008003138       0x70 ./Core/Src/main.o
                0x0000000008003138                imuCallback
 .text.initializeMotor
                0x00000000080031a8       0x84 ./Core/Src/main.o
                0x00000000080031a8                initializeMotor
 .text.setPwm   0x000000000800322c      0x16c ./Core/Src/main.o
                0x000000000800322c                setPwm
 .text.HAL_GPIO_EXTI_Callback
                0x0000000008003398      0x428 ./Core/Src/main.o
                0x0000000008003398                HAL_GPIO_EXTI_Callback
 .text.StartDefaultTask
                0x00000000080037c0       0xec ./Core/Src/main.o
                0x00000000080037c0                StartDefaultTask
 .text.commTask
                0x00000000080038ac       0x18 ./Core/Src/main.o
                0x00000000080038ac                commTask
 .text.ImuTask_Function
                0x00000000080038c4       0x9c ./Core/Src/main.o
                0x00000000080038c4                ImuTask_Function
 .text.GUI_Task
                0x0000000008003960      0x154 ./Core/Src/main.o
                0x0000000008003960                GUI_Task
 .text.HAL_TIM_PeriodElapsedCallback
                0x0000000008003ab4       0x80 ./Core/Src/main.o
                0x0000000008003ab4                HAL_TIM_PeriodElapsedCallback
 .text.Error_Handler
                0x0000000008003b34        0xa ./Core/Src/main.o
                0x0000000008003b34                Error_Handler
 .text._ZN3ros4TimeC2Ev
                0x0000000008003b3e       0x22 ./Core/Src/rosHandler.o
                0x0000000008003b3e                ros::Time::Time()
                0x0000000008003b3e                ros::Time::Time()
 .text._ZN3ros3MsgC2Ev
                0x0000000008003b60       0x20 ./Core/Src/rosHandler.o
                0x0000000008003b60                ros::Msg::Msg()
                0x0000000008003b60                ros::Msg::Msg()
 .text._ZN8std_msgs4TimeC2Ev
                0x0000000008003b80       0x30 ./Core/Src/rosHandler.o
                0x0000000008003b80                std_msgs::Time::Time()
                0x0000000008003b80                std_msgs::Time::Time()
 .text._ZNK8std_msgs4Time9serializeEPh
                0x0000000008003bb0       0xb0 ./Core/Src/rosHandler.o
                0x0000000008003bb0                std_msgs::Time::serialize(unsigned char*) const
 .text._ZN8std_msgs4Time11deserializeEPh
                0x0000000008003c60       0xc8 ./Core/Src/rosHandler.o
                0x0000000008003c60                std_msgs::Time::deserialize(unsigned char*)
 .text._ZN8std_msgs4Time7getTypeEv
                0x0000000008003d28       0x1c ./Core/Src/rosHandler.o
                0x0000000008003d28                std_msgs::Time::getType()
 .text._ZN8std_msgs4Time6getMD5Ev
                0x0000000008003d44       0x1c ./Core/Src/rosHandler.o
                0x0000000008003d44                std_msgs::Time::getMD5()
 .text._ZN14rosserial_msgs9TopicInfoC2Ev
                0x0000000008003d60       0x48 ./Core/Src/rosHandler.o
                0x0000000008003d60                rosserial_msgs::TopicInfo::TopicInfo()
                0x0000000008003d60                rosserial_msgs::TopicInfo::TopicInfo()
 .text._ZNK14rosserial_msgs9TopicInfo9serializeEPh
                0x0000000008003da8      0x136 ./Core/Src/rosHandler.o
                0x0000000008003da8                rosserial_msgs::TopicInfo::serialize(unsigned char*) const
 .text._ZN14rosserial_msgs9TopicInfo11deserializeEPh
                0x0000000008003ede      0x1d0 ./Core/Src/rosHandler.o
                0x0000000008003ede                rosserial_msgs::TopicInfo::deserialize(unsigned char*)
 *fill*         0x00000000080040ae        0x2 
 .text._ZN14rosserial_msgs9TopicInfo7getTypeEv
                0x00000000080040b0       0x1c ./Core/Src/rosHandler.o
                0x00000000080040b0                rosserial_msgs::TopicInfo::getType()
 .text._ZN14rosserial_msgs9TopicInfo6getMD5Ev
                0x00000000080040cc       0x1c ./Core/Src/rosHandler.o
                0x00000000080040cc                rosserial_msgs::TopicInfo::getMD5()
 .text._ZN14rosserial_msgs3LogC2Ev
                0x00000000080040e8       0x34 ./Core/Src/rosHandler.o
                0x00000000080040e8                rosserial_msgs::Log::Log()
                0x00000000080040e8                rosserial_msgs::Log::Log()
 .text._ZNK14rosserial_msgs3Log9serializeEPh
                0x000000000800411c       0x64 ./Core/Src/rosHandler.o
                0x000000000800411c                rosserial_msgs::Log::serialize(unsigned char*) const
 .text._ZN14rosserial_msgs3Log11deserializeEPh
                0x0000000008004180       0x90 ./Core/Src/rosHandler.o
                0x0000000008004180                rosserial_msgs::Log::deserialize(unsigned char*)
 .text._ZN14rosserial_msgs3Log7getTypeEv
                0x0000000008004210       0x1c ./Core/Src/rosHandler.o
                0x0000000008004210                rosserial_msgs::Log::getType()
 .text._ZN14rosserial_msgs3Log6getMD5Ev
                0x000000000800422c       0x1c ./Core/Src/rosHandler.o
                0x000000000800422c                rosserial_msgs::Log::getMD5()
 .text._ZN14rosserial_msgs20RequestParamResponseC2Ev
                0x0000000008004248       0x5c ./Core/Src/rosHandler.o
                0x0000000008004248                rosserial_msgs::RequestParamResponse::RequestParamResponse()
                0x0000000008004248                rosserial_msgs::RequestParamResponse::RequestParamResponse()
 .text._ZNK14rosserial_msgs20RequestParamResponse9serializeEPh
                0x00000000080042a4      0x222 ./Core/Src/rosHandler.o
                0x00000000080042a4                rosserial_msgs::RequestParamResponse::serialize(unsigned char*) const
 .text._ZN14rosserial_msgs20RequestParamResponse11deserializeEPh
                0x00000000080044c6      0x2e2 ./Core/Src/rosHandler.o
                0x00000000080044c6                rosserial_msgs::RequestParamResponse::deserialize(unsigned char*)
 .text._ZN14rosserial_msgs20RequestParamResponse7getTypeEv
                0x00000000080047a8       0x1c ./Core/Src/rosHandler.o
                0x00000000080047a8                rosserial_msgs::RequestParamResponse::getType()
 .text._ZN14rosserial_msgs20RequestParamResponse6getMD5Ev
                0x00000000080047c4       0x1c ./Core/Src/rosHandler.o
                0x00000000080047c4                rosserial_msgs::RequestParamResponse::getMD5()
 .text._ZN3ros9PublisherC2EPKcPNS_3MsgEi
                0x00000000080047e0       0x2e ./Core/Src/rosHandler.o
                0x00000000080047e0                ros::Publisher::Publisher(char const*, ros::Msg*, int)
                0x00000000080047e0                ros::Publisher::Publisher(char const*, ros::Msg*, int)
 .text._ZN3ros9Publisher7publishEPKNS_3MsgE
                0x000000000800480e       0x28 ./Core/Src/rosHandler.o
                0x000000000800480e                ros::Publisher::publish(ros::Msg const*)
 .text._ZN3ros9Publisher15getEndpointTypeEv
                0x0000000008004836       0x18 ./Core/Src/rosHandler.o
                0x0000000008004836                ros::Publisher::getEndpointType()
 .text._ZN13STM32Hardware10getRdmaIndEv
                0x000000000800484e       0x26 ./Core/Src/rosHandler.o
                0x000000000800484e                STM32Hardware::getRdmaInd()
 .text._ZN13STM32HardwareC2Ev
                0x0000000008004874       0x38 ./Core/Src/rosHandler.o
                0x0000000008004874                STM32Hardware::STM32Hardware()
                0x0000000008004874                STM32Hardware::STM32Hardware()
 .text._ZN13STM32Hardware4initEv
                0x00000000080048ac       0x16 ./Core/Src/rosHandler.o
                0x00000000080048ac                STM32Hardware::init()
 .text._ZN13STM32Hardware10reset_rbufEv
                0x00000000080048c2       0x22 ./Core/Src/rosHandler.o
                0x00000000080048c2                STM32Hardware::reset_rbuf()
 .text._ZN13STM32Hardware4readEv
                0x00000000080048e4       0x5a ./Core/Src/rosHandler.o
                0x00000000080048e4                STM32Hardware::read()
 *fill*         0x000000000800493e        0x2 
 .text._ZN13STM32Hardware5flushEv
                0x0000000008004940       0xbc ./Core/Src/rosHandler.o
                0x0000000008004940                STM32Hardware::flush()
 .text._ZN13STM32Hardware5writeEPhi
                0x00000000080049fc       0x8c ./Core/Src/rosHandler.o
                0x00000000080049fc                STM32Hardware::write(unsigned char*, int)
 .text._ZN13STM32Hardware4timeEv
                0x0000000008004a88       0x16 ./Core/Src/rosHandler.o
                0x0000000008004a88                STM32Hardware::time()
 *fill*         0x0000000008004a9e        0x2 
 .text._ZN13geometry_msgs10QuaternionC2Ev
                0x0000000008004aa0       0x5c ./Core/Src/rosHandler.o
                0x0000000008004aa0                geometry_msgs::Quaternion::Quaternion()
                0x0000000008004aa0                geometry_msgs::Quaternion::Quaternion()
 .text._ZNK13geometry_msgs10Quaternion9serializeEPh
                0x0000000008004afc      0x3d4 ./Core/Src/rosHandler.o
                0x0000000008004afc                geometry_msgs::Quaternion::serialize(unsigned char*) const
 .text._ZN13geometry_msgs10Quaternion11deserializeEPh
                0x0000000008004ed0      0x914 ./Core/Src/rosHandler.o
                0x0000000008004ed0                geometry_msgs::Quaternion::deserialize(unsigned char*)
 .text._ZN13geometry_msgs10Quaternion7getTypeEv
                0x00000000080057e4       0x1c ./Core/Src/rosHandler.o
                0x00000000080057e4                geometry_msgs::Quaternion::getType()
 .text._ZN13geometry_msgs10Quaternion6getMD5Ev
                0x0000000008005800       0x1c ./Core/Src/rosHandler.o
                0x0000000008005800                geometry_msgs::Quaternion::getMD5()
 .text._ZN13geometry_msgs7Vector3C2Ev
                0x000000000800581c       0x50 ./Core/Src/rosHandler.o
                0x000000000800581c                geometry_msgs::Vector3::Vector3()
                0x000000000800581c                geometry_msgs::Vector3::Vector3()
 .text._ZNK13geometry_msgs7Vector39serializeEPh
                0x000000000800586c      0x2e6 ./Core/Src/rosHandler.o
                0x000000000800586c                geometry_msgs::Vector3::serialize(unsigned char*) const
 .text._ZN13geometry_msgs7Vector311deserializeEPh
                0x0000000008005b52      0x6be ./Core/Src/rosHandler.o
                0x0000000008005b52                geometry_msgs::Vector3::deserialize(unsigned char*)
 .text._ZN13geometry_msgs7Vector37getTypeEv
                0x0000000008006210       0x1c ./Core/Src/rosHandler.o
                0x0000000008006210                geometry_msgs::Vector3::getType()
 .text._ZN13geometry_msgs7Vector36getMD5Ev
                0x000000000800622c       0x1c ./Core/Src/rosHandler.o
                0x000000000800622c                geometry_msgs::Vector3::getMD5()
 .text._ZN8std_msgs7Float32C2Ev
                0x0000000008006248       0x2c ./Core/Src/rosHandler.o
                0x0000000008006248                std_msgs::Float32::Float32()
                0x0000000008006248                std_msgs::Float32::Float32()
 .text._ZNK8std_msgs7Float329serializeEPh
                0x0000000008006274       0x64 ./Core/Src/rosHandler.o
                0x0000000008006274                std_msgs::Float32::serialize(unsigned char*) const
 .text._ZN8std_msgs7Float3211deserializeEPh
                0x00000000080062d8       0x70 ./Core/Src/rosHandler.o
                0x00000000080062d8                std_msgs::Float32::deserialize(unsigned char*)
 .text._ZN8std_msgs7Float327getTypeEv
                0x0000000008006348       0x1c ./Core/Src/rosHandler.o
                0x0000000008006348                std_msgs::Float32::getType()
 .text._ZN8std_msgs7Float326getMD5Ev
                0x0000000008006364       0x1c ./Core/Src/rosHandler.o
                0x0000000008006364                std_msgs::Float32::getMD5()
 .text._ZN8std_msgs19MultiArrayDimensionC2Ev
                0x0000000008006380       0x3c ./Core/Src/rosHandler.o
                0x0000000008006380                std_msgs::MultiArrayDimension::MultiArrayDimension()
                0x0000000008006380                std_msgs::MultiArrayDimension::MultiArrayDimension()
 .text._ZNK8std_msgs19MultiArrayDimension9serializeEPh
                0x00000000080063bc       0xe6 ./Core/Src/rosHandler.o
                0x00000000080063bc                std_msgs::MultiArrayDimension::serialize(unsigned char*) const
 .text._ZN8std_msgs19MultiArrayDimension11deserializeEPh
                0x00000000080064a2      0x12a ./Core/Src/rosHandler.o
                0x00000000080064a2                std_msgs::MultiArrayDimension::deserialize(unsigned char*)
 .text._ZN8std_msgs19MultiArrayDimension7getTypeEv
                0x00000000080065cc       0x1c ./Core/Src/rosHandler.o
                0x00000000080065cc                std_msgs::MultiArrayDimension::getType()
 .text._ZN8std_msgs19MultiArrayDimension6getMD5Ev
                0x00000000080065e8       0x1c ./Core/Src/rosHandler.o
                0x00000000080065e8                std_msgs::MultiArrayDimension::getMD5()
 .text._ZN8std_msgs16MultiArrayLayoutC2Ev
                0x0000000008006604       0x40 ./Core/Src/rosHandler.o
                0x0000000008006604                std_msgs::MultiArrayLayout::MultiArrayLayout()
                0x0000000008006604                std_msgs::MultiArrayLayout::MultiArrayLayout()
 .text._ZNK8std_msgs16MultiArrayLayout9serializeEPh
                0x0000000008006644       0xec ./Core/Src/rosHandler.o
                0x0000000008006644                std_msgs::MultiArrayLayout::serialize(unsigned char*) const
 .text._ZN8std_msgs16MultiArrayLayout11deserializeEPh
                0x0000000008006730      0x120 ./Core/Src/rosHandler.o
                0x0000000008006730                std_msgs::MultiArrayLayout::deserialize(unsigned char*)
 .text._ZN8std_msgs16MultiArrayLayout7getTypeEv
                0x0000000008006850       0x1c ./Core/Src/rosHandler.o
                0x0000000008006850                std_msgs::MultiArrayLayout::getType()
 .text._ZN8std_msgs16MultiArrayLayout6getMD5Ev
                0x000000000800686c       0x1c ./Core/Src/rosHandler.o
                0x000000000800686c                std_msgs::MultiArrayLayout::getMD5()
 .text._ZN8std_msgs17Float32MultiArrayC2Ev
                0x0000000008006888       0x44 ./Core/Src/rosHandler.o
                0x0000000008006888                std_msgs::Float32MultiArray::Float32MultiArray()
                0x0000000008006888                std_msgs::Float32MultiArray::Float32MultiArray()
 .text._ZNK8std_msgs17Float32MultiArray9serializeEPh
                0x00000000080068cc       0xe0 ./Core/Src/rosHandler.o
                0x00000000080068cc                std_msgs::Float32MultiArray::serialize(unsigned char*) const
 .text._ZN8std_msgs17Float32MultiArray11deserializeEPh
                0x00000000080069ac      0x118 ./Core/Src/rosHandler.o
                0x00000000080069ac                std_msgs::Float32MultiArray::deserialize(unsigned char*)
 .text._ZN8std_msgs17Float32MultiArray7getTypeEv
                0x0000000008006ac4       0x1c ./Core/Src/rosHandler.o
                0x0000000008006ac4                std_msgs::Float32MultiArray::getType()
 .text._ZN8std_msgs17Float32MultiArray6getMD5Ev
                0x0000000008006ae0       0x1c ./Core/Src/rosHandler.o
                0x0000000008006ae0                std_msgs::Float32MultiArray::getMD5()
 .text._ZN8std_msgs4BoolC2Ev
                0x0000000008006afc       0x2c ./Core/Src/rosHandler.o
                0x0000000008006afc                std_msgs::Bool::Bool()
                0x0000000008006afc                std_msgs::Bool::Bool()
 .text._ZNK8std_msgs4Bool9serializeEPh
                0x0000000008006b28       0x32 ./Core/Src/rosHandler.o
                0x0000000008006b28                std_msgs::Bool::serialize(unsigned char*) const
 .text._ZN8std_msgs4Bool11deserializeEPh
                0x0000000008006b5a       0x3c ./Core/Src/rosHandler.o
                0x0000000008006b5a                std_msgs::Bool::deserialize(unsigned char*)
 *fill*         0x0000000008006b96        0x2 
 .text._ZN8std_msgs4Bool7getTypeEv
                0x0000000008006b98       0x1c ./Core/Src/rosHandler.o
                0x0000000008006b98                std_msgs::Bool::getType()
 .text._ZN8std_msgs4Bool6getMD5Ev
                0x0000000008006bb4       0x1c ./Core/Src/rosHandler.o
                0x0000000008006bb4                std_msgs::Bool::getMD5()
 .text._Z11kinCallbackRKN13geometry_msgs7Vector3E
                0x0000000008006bd0       0x58 ./Core/Src/rosHandler.o
                0x0000000008006bd0                kinCallback(geometry_msgs::Vector3 const&)
 .text._Z14invkinCallbackRKN13geometry_msgs7Vector3E
                0x0000000008006c28       0x50 ./Core/Src/rosHandler.o
                0x0000000008006c28                invkinCallback(geometry_msgs::Vector3 const&)
 .text._Z15stateInverseKinRKN8std_msgs4BoolE
                0x0000000008006c78       0x20 ./Core/Src/rosHandler.o
                0x0000000008006c78                stateInverseKin(std_msgs::Bool const&)
 .text._ZN3ros15NodeHandleBase_C2Ev
                0x0000000008006c98       0x20 ./Core/Src/rosHandler.o
                0x0000000008006c98                ros::NodeHandleBase_::NodeHandleBase_()
                0x0000000008006c98                ros::NodeHandleBase_::NodeHandleBase_()
 .text._ZN3ros11NodeHandle_I13STM32HardwareLi25ELi25ELi4096ELi4096EEC2Ev
                0x0000000008006cb8      0x134 ./Core/Src/rosHandler.o
                0x0000000008006cb8                ros::NodeHandle_<STM32Hardware, 25, 25, 4096, 4096>::NodeHandle_()
                0x0000000008006cb8                ros::NodeHandle_<STM32Hardware, 25, 25, 4096, 4096>::NodeHandle_()
 .text.HAL_UART_TxCpltCallback
                0x0000000008006dec       0x24 ./Core/Src/rosHandler.o
                0x0000000008006dec                HAL_UART_TxCpltCallback
 .text.HAL_UART_RxCpltCallback
                0x0000000008006e10       0x24 ./Core/Src/rosHandler.o
                0x0000000008006e10                HAL_UART_RxCpltCallback
 .text.setup    0x0000000008006e34       0x48 ./Core/Src/rosHandler.o
                0x0000000008006e34                setup
 .text.loop     0x0000000008006e7c       0x1c ./Core/Src/rosHandler.o
                0x0000000008006e7c                loop
 .text._Z15errorArrPublishv
                0x0000000008006e98       0x24 ./Core/Src/rosHandler.o
                0x0000000008006e98                errorArrPublish()
 .text._ZN3ros3Msg8varToArrIPhmEEvT_T0_
                0x0000000008006ebc       0x3e ./Core/Src/rosHandler.o
                0x0000000008006ebc                void ros::Msg::varToArr<unsigned char*, unsigned long>(unsigned char*, unsigned long)
 .text._ZN3ros3Msg8arrToVarImPhEEvRT_T0_
                0x0000000008006efa       0x4c ./Core/Src/rosHandler.o
                0x0000000008006efa                void ros::Msg::arrToVar<unsigned long, unsigned char*>(unsigned long&, unsigned char*)
 *fill*         0x0000000008006f46        0x2 
 .text._ZN3ros11Subscriber_C2Ev
                0x0000000008006f48       0x20 ./Core/Src/rosHandler.o
                0x0000000008006f48                ros::Subscriber_::Subscriber_()
                0x0000000008006f48                ros::Subscriber_::Subscriber_()
 .text._ZN3ros10SubscriberIN13geometry_msgs7Vector3EvEC2EPKcPFvRKS2_Ei
                0x0000000008006f68       0x48 ./Core/Src/rosHandler.o
                0x0000000008006f68                ros::Subscriber<geometry_msgs::Vector3, void>::Subscriber(char const*, void (*)(geometry_msgs::Vector3 const&), int)
                0x0000000008006f68                ros::Subscriber<geometry_msgs::Vector3, void>::Subscriber(char const*, void (*)(geometry_msgs::Vector3 const&), int)
 .text._ZN3ros10SubscriberIN8std_msgs4BoolEvEC2EPKcPFvRKS2_Ei
                0x0000000008006fb0       0x48 ./Core/Src/rosHandler.o
                0x0000000008006fb0                ros::Subscriber<std_msgs::Bool, void>::Subscriber(char const*, void (*)(std_msgs::Bool const&), int)
                0x0000000008006fb0                ros::Subscriber<std_msgs::Bool, void>::Subscriber(char const*, void (*)(std_msgs::Bool const&), int)
 .text._ZN3ros11NodeHandle_I13STM32HardwareLi25ELi25ELi4096ELi4096EE11getHardwareEv
                0x0000000008006ff8       0x18 ./Core/Src/rosHandler.o
                0x0000000008006ff8                ros::NodeHandle_<STM32Hardware, 25, 25, 4096, 4096>::getHardware()
 .text._ZN3ros11NodeHandle_I13STM32HardwareLi25ELi25ELi4096ELi4096EE8initNodeEv
                0x0000000008007010       0x52 ./Core/Src/rosHandler.o
                0x0000000008007010                ros::NodeHandle_<STM32Hardware, 25, 25, 4096, 4096>::initNode()
 .text._ZN3ros11NodeHandle_I13STM32HardwareLi25ELi25ELi4096ELi4096EE9advertiseERNS_9PublisherE
                0x0000000008007062       0x60 ./Core/Src/rosHandler.o
                0x0000000008007062                ros::NodeHandle_<STM32Hardware, 25, 25, 4096, 4096>::advertise(ros::Publisher&)
 .text._ZN3ros11NodeHandle_I13STM32HardwareLi25ELi25ELi4096ELi4096EE9subscribeERNS_11Subscriber_E
                0x00000000080070c2       0x56 ./Core/Src/rosHandler.o
                0x00000000080070c2                ros::NodeHandle_<STM32Hardware, 25, 25, 4096, 4096>::subscribe(ros::Subscriber_&)
 .text._ZN3ros11NodeHandle_I13STM32HardwareLi25ELi25ELi4096ELi4096EE8spinOnceEv
                0x0000000008007118      0x50c ./Core/Src/rosHandler.o
                0x0000000008007118                ros::NodeHandle_<STM32Hardware, 25, 25, 4096, 4096>::spinOnce()
 .text._ZN3ros11NodeHandle_I13STM32HardwareLi25ELi25ELi4096ELi4096EE15requestSyncTimeEv
                0x0000000008007624       0x3c ./Core/Src/rosHandler.o
                0x0000000008007624                ros::NodeHandle_<STM32Hardware, 25, 25, 4096, 4096>::requestSyncTime()
 .text._ZN3ros11NodeHandle_I13STM32HardwareLi25ELi25ELi4096ELi4096EE15negotiateTopicsEv
                0x0000000008007660      0x1c2 ./Core/Src/rosHandler.o
                0x0000000008007660                ros::NodeHandle_<STM32Hardware, 25, 25, 4096, 4096>::negotiateTopics()
 *fill*         0x0000000008007822        0x2 
 .text._ZN3ros11NodeHandle_I13STM32HardwareLi25ELi25ELi4096ELi4096EE8syncTimeEPh
                0x0000000008007824       0x9c ./Core/Src/rosHandler.o
                0x0000000008007824                ros::NodeHandle_<STM32Hardware, 25, 25, 4096, 4096>::syncTime(unsigned char*)
 .text._ZN3ros11NodeHandle_I13STM32HardwareLi25ELi25ELi4096ELi4096EE7publishEiPKNS_3MsgE
                0x00000000080078c0      0x158 ./Core/Src/rosHandler.o
                0x00000000080078c0                ros::NodeHandle_<STM32Hardware, 25, 25, 4096, 4096>::publish(int, ros::Msg const*)
 .text._ZN3ros11NodeHandle_I13STM32HardwareLi25ELi25ELi4096ELi4096EE6setNowERKNS_4TimeE
                0x0000000008007a18       0x80 ./Core/Src/rosHandler.o
                0x0000000008007a18                ros::NodeHandle_<STM32Hardware, 25, 25, 4096, 4096>::setNow(ros::Time const&)
 .text._ZN3ros11NodeHandle_I13STM32HardwareLi25ELi25ELi4096ELi4096EE8logerrorEPKc
                0x0000000008007a98       0x1c ./Core/Src/rosHandler.o
                0x0000000008007a98                ros::NodeHandle_<STM32Hardware, 25, 25, 4096, 4096>::logerror(char const*)
 .text._ZN3ros11NodeHandle_I13STM32HardwareLi25ELi25ELi4096ELi4096EE3logEcPKc
                0x0000000008007ab4       0x38 ./Core/Src/rosHandler.o
                0x0000000008007ab4                ros::NodeHandle_<STM32Hardware, 25, 25, 4096, 4096>::log(char, char const*)
 .text._Z41__static_initialization_and_destruction_0ii
                0x0000000008007aec       0xd8 ./Core/Src/rosHandler.o
 .text._ZN3ros10SubscriberIN8std_msgs4BoolEvE8callbackEPh
                0x0000000008007bc4       0x2a ./Core/Src/rosHandler.o
                0x0000000008007bc4                ros::Subscriber<std_msgs::Bool, void>::callback(unsigned char*)
 .text._ZN3ros10SubscriberIN8std_msgs4BoolEvE15getEndpointTypeEv
                0x0000000008007bee       0x18 ./Core/Src/rosHandler.o
                0x0000000008007bee                ros::Subscriber<std_msgs::Bool, void>::getEndpointType()
 .text._ZN3ros10SubscriberIN8std_msgs4BoolEvE10getMsgTypeEv
                0x0000000008007c06       0x1c ./Core/Src/rosHandler.o
                0x0000000008007c06                ros::Subscriber<std_msgs::Bool, void>::getMsgType()
 .text._ZN3ros10SubscriberIN8std_msgs4BoolEvE9getMsgMD5Ev
                0x0000000008007c22       0x1c ./Core/Src/rosHandler.o
                0x0000000008007c22                ros::Subscriber<std_msgs::Bool, void>::getMsgMD5()
 .text._ZN3ros10SubscriberIN13geometry_msgs7Vector3EvE8callbackEPh
                0x0000000008007c3e       0x2a ./Core/Src/rosHandler.o
                0x0000000008007c3e                ros::Subscriber<geometry_msgs::Vector3, void>::callback(unsigned char*)
 .text._ZN3ros10SubscriberIN13geometry_msgs7Vector3EvE15getEndpointTypeEv
                0x0000000008007c68       0x18 ./Core/Src/rosHandler.o
                0x0000000008007c68                ros::Subscriber<geometry_msgs::Vector3, void>::getEndpointType()
 .text._ZN3ros10SubscriberIN13geometry_msgs7Vector3EvE10getMsgTypeEv
                0x0000000008007c80       0x1c ./Core/Src/rosHandler.o
                0x0000000008007c80                ros::Subscriber<geometry_msgs::Vector3, void>::getMsgType()
 .text._ZN3ros10SubscriberIN13geometry_msgs7Vector3EvE9getMsgMD5Ev
                0x0000000008007c9c       0x1c ./Core/Src/rosHandler.o
                0x0000000008007c9c                ros::Subscriber<geometry_msgs::Vector3, void>::getMsgMD5()
 .text._ZN3ros11NodeHandle_I13STM32HardwareLi25ELi25ELi4096ELi4096EE9connectedEv
                0x0000000008007cb8       0x1e ./Core/Src/rosHandler.o
                0x0000000008007cb8                ros::NodeHandle_<STM32Hardware, 25, 25, 4096, 4096>::connected()
 .text._GLOBAL__sub_I_xtarget
                0x0000000008007cd6       0x10 ./Core/Src/rosHandler.o
 *fill*         0x0000000008007ce6        0x2 
 .text.HAL_MspInit
                0x0000000008007ce8       0x58 ./Core/Src/stm32f4xx_hal_msp.o
                0x0000000008007ce8                HAL_MspInit
 .text.HAL_I2C_MspInit
                0x0000000008007d40      0x208 ./Core/Src/stm32f4xx_hal_msp.o
                0x0000000008007d40                HAL_I2C_MspInit
 .text.HAL_TIM_Base_MspInit
                0x0000000008007f48       0xa8 ./Core/Src/stm32f4xx_hal_msp.o
                0x0000000008007f48                HAL_TIM_Base_MspInit
 .text.HAL_TIM_MspPostInit
                0x0000000008007ff0      0x148 ./Core/Src/stm32f4xx_hal_msp.o
                0x0000000008007ff0                HAL_TIM_MspPostInit
 .text.HAL_UART_MspInit
                0x0000000008008138      0x170 ./Core/Src/stm32f4xx_hal_msp.o
                0x0000000008008138                HAL_UART_MspInit
 .text.HAL_InitTick
                0x00000000080082a8       0xf8 ./Core/Src/stm32f4xx_hal_timebase_tim.o
                0x00000000080082a8                HAL_InitTick
 .text.NMI_Handler
                0x00000000080083a0        0x6 ./Core/Src/stm32f4xx_it.o
                0x00000000080083a0                NMI_Handler
 .text.HardFault_Handler
                0x00000000080083a6        0x6 ./Core/Src/stm32f4xx_it.o
                0x00000000080083a6                HardFault_Handler
 .text.MemManage_Handler
                0x00000000080083ac        0x6 ./Core/Src/stm32f4xx_it.o
                0x00000000080083ac                MemManage_Handler
 .text.BusFault_Handler
                0x00000000080083b2        0x6 ./Core/Src/stm32f4xx_it.o
                0x00000000080083b2                BusFault_Handler
 .text.UsageFault_Handler
                0x00000000080083b8        0x6 ./Core/Src/stm32f4xx_it.o
                0x00000000080083b8                UsageFault_Handler
 .text.DebugMon_Handler
                0x00000000080083be        0xe ./Core/Src/stm32f4xx_it.o
                0x00000000080083be                DebugMon_Handler
 .text.EXTI3_IRQHandler
                0x00000000080083cc        0xe ./Core/Src/stm32f4xx_it.o
                0x00000000080083cc                EXTI3_IRQHandler
 *fill*         0x00000000080083da        0x2 
 .text.DMA1_Stream0_IRQHandler
                0x00000000080083dc       0x14 ./Core/Src/stm32f4xx_it.o
                0x00000000080083dc                DMA1_Stream0_IRQHandler
 .text.DMA1_Stream1_IRQHandler
                0x00000000080083f0       0x14 ./Core/Src/stm32f4xx_it.o
                0x00000000080083f0                DMA1_Stream1_IRQHandler
 .text.DMA1_Stream3_IRQHandler
                0x0000000008008404       0x14 ./Core/Src/stm32f4xx_it.o
                0x0000000008008404                DMA1_Stream3_IRQHandler
 .text.DMA1_Stream6_IRQHandler
                0x0000000008008418       0x14 ./Core/Src/stm32f4xx_it.o
                0x0000000008008418                DMA1_Stream6_IRQHandler
 .text.USART3_IRQHandler
                0x000000000800842c       0x14 ./Core/Src/stm32f4xx_it.o
                0x000000000800842c                USART3_IRQHandler
 .text.EXTI15_10_IRQHandler
                0x0000000008008440       0x30 ./Core/Src/stm32f4xx_it.o
                0x0000000008008440                EXTI15_10_IRQHandler
 .text.TIM8_UP_TIM13_IRQHandler
                0x0000000008008470       0x14 ./Core/Src/stm32f4xx_it.o
                0x0000000008008470                TIM8_UP_TIM13_IRQHandler
 .text.TIM8_TRG_COM_TIM14_IRQHandler
                0x0000000008008484       0x14 ./Core/Src/stm32f4xx_it.o
                0x0000000008008484                TIM8_TRG_COM_TIM14_IRQHandler
 .text._getpid  0x0000000008008498       0x10 ./Core/Src/syscalls.o
                0x0000000008008498                _getpid
 .text._kill    0x00000000080084a8       0x20 ./Core/Src/syscalls.o
                0x00000000080084a8                _kill
 .text._exit    0x00000000080084c8       0x14 ./Core/Src/syscalls.o
                0x00000000080084c8                _exit
 .text._read    0x00000000080084dc       0x3a ./Core/Src/syscalls.o
                0x00000000080084dc                _read
 .text._write   0x0000000008008516       0x38 ./Core/Src/syscalls.o
                0x0000000008008516                _write
 .text._close   0x000000000800854e       0x18 ./Core/Src/syscalls.o
                0x000000000800854e                _close
 .text._fstat   0x0000000008008566       0x20 ./Core/Src/syscalls.o
                0x0000000008008566                _fstat
 .text._isatty  0x0000000008008586       0x16 ./Core/Src/syscalls.o
                0x0000000008008586                _isatty
 .text._lseek   0x000000000800859c       0x1a ./Core/Src/syscalls.o
                0x000000000800859c                _lseek
 *fill*         0x00000000080085b6        0x2 
 .text._sbrk    0x00000000080085b8       0x6c ./Core/Src/sysmem.o
                0x00000000080085b8                _sbrk
 .text.SystemInit
                0x0000000008008624       0x24 ./Core/Src/system_stm32f4xx.o
                0x0000000008008624                SystemInit
 .text._ZN3ros16normalizeSecNSecERmS0_
                0x0000000008008648       0x58 ./Core/Src/time.o
                0x0000000008008648                ros::normalizeSecNSec(unsigned long&, unsigned long&)
 .text.Reset_Handler
                0x00000000080086a0       0x50 ./Core/Startup/startup_stm32f429zitx.o
                0x00000000080086a0                Reset_Handler
 .text.Default_Handler
                0x00000000080086f0        0x2 ./Core/Startup/startup_stm32f429zitx.o
                0x00000000080086f0                RTC_Alarm_IRQHandler
                0x00000000080086f0                HASH_RNG_IRQHandler
                0x00000000080086f0                EXTI2_IRQHandler
                0x00000000080086f0                TIM8_CC_IRQHandler
                0x00000000080086f0                UART8_IRQHandler
                0x00000000080086f0                SPI4_IRQHandler
                0x00000000080086f0                TIM1_CC_IRQHandler
                0x00000000080086f0                DMA2_Stream5_IRQHandler
                0x00000000080086f0                DMA1_Stream5_IRQHandler
                0x00000000080086f0                PVD_IRQHandler
                0x00000000080086f0                SDIO_IRQHandler
                0x00000000080086f0                TAMP_STAMP_IRQHandler
                0x00000000080086f0                CAN2_RX1_IRQHandler
                0x00000000080086f0                TIM1_UP_TIM10_IRQHandler
                0x00000000080086f0                I2C3_ER_IRQHandler
                0x00000000080086f0                EXTI0_IRQHandler
                0x00000000080086f0                I2C2_EV_IRQHandler
                0x00000000080086f0                DMA1_Stream2_IRQHandler
                0x00000000080086f0                CAN1_RX0_IRQHandler
                0x00000000080086f0                FPU_IRQHandler
                0x00000000080086f0                OTG_HS_WKUP_IRQHandler
                0x00000000080086f0                LTDC_ER_IRQHandler
                0x00000000080086f0                CAN2_SCE_IRQHandler
                0x00000000080086f0                DMA2_Stream2_IRQHandler
                0x00000000080086f0                SPI1_IRQHandler
                0x00000000080086f0                TIM6_DAC_IRQHandler
                0x00000000080086f0                TIM1_BRK_TIM9_IRQHandler
                0x00000000080086f0                DCMI_IRQHandler
                0x00000000080086f0                CAN2_RX0_IRQHandler
                0x00000000080086f0                DMA2_Stream3_IRQHandler
                0x00000000080086f0                USART6_IRQHandler
                0x00000000080086f0                CAN1_RX1_IRQHandler
                0x00000000080086f0                UART5_IRQHandler
                0x00000000080086f0                DMA2_Stream0_IRQHandler
                0x00000000080086f0                TIM4_IRQHandler
                0x00000000080086f0                I2C1_EV_IRQHandler
                0x00000000080086f0                UART4_IRQHandler
                0x00000000080086f0                TIM3_IRQHandler
                0x00000000080086f0                RCC_IRQHandler
                0x00000000080086f0                TIM8_BRK_TIM12_IRQHandler
                0x00000000080086f0                Default_Handler
                0x00000000080086f0                ADC_IRQHandler
                0x00000000080086f0                DMA1_Stream7_IRQHandler
                0x00000000080086f0                SPI5_IRQHandler
                0x00000000080086f0                TIM7_IRQHandler
                0x00000000080086f0                CAN2_TX_IRQHandler
                0x00000000080086f0                TIM5_IRQHandler
                0x00000000080086f0                DMA2_Stream7_IRQHandler
                0x00000000080086f0                I2C3_EV_IRQHandler
                0x00000000080086f0                EXTI9_5_IRQHandler
                0x00000000080086f0                RTC_WKUP_IRQHandler
                0x00000000080086f0                LTDC_IRQHandler
                0x00000000080086f0                ETH_WKUP_IRQHandler
                0x00000000080086f0                SPI2_IRQHandler
                0x00000000080086f0                OTG_HS_EP1_IN_IRQHandler
                0x00000000080086f0                CAN1_TX_IRQHandler
                0x00000000080086f0                EXTI4_IRQHandler
                0x00000000080086f0                ETH_IRQHandler
                0x00000000080086f0                OTG_HS_EP1_OUT_IRQHandler
                0x00000000080086f0                WWDG_IRQHandler
                0x00000000080086f0                SPI6_IRQHandler
                0x00000000080086f0                TIM2_IRQHandler
                0x00000000080086f0                OTG_FS_WKUP_IRQHandler
                0x00000000080086f0                TIM1_TRG_COM_TIM11_IRQHandler
                0x00000000080086f0                OTG_HS_IRQHandler
                0x00000000080086f0                DMA2D_IRQHandler
                0x00000000080086f0                EXTI1_IRQHandler
                0x00000000080086f0                UART7_IRQHandler
                0x00000000080086f0                USART2_IRQHandler
                0x00000000080086f0                I2C2_ER_IRQHandler
                0x00000000080086f0                DMA2_Stream1_IRQHandler
                0x00000000080086f0                CAN1_SCE_IRQHandler
                0x00000000080086f0                FLASH_IRQHandler
                0x00000000080086f0                DMA2_Stream4_IRQHandler
                0x00000000080086f0                USART1_IRQHandler
                0x00000000080086f0                OTG_FS_IRQHandler
                0x00000000080086f0                SPI3_IRQHandler
                0x00000000080086f0                DMA1_Stream4_IRQHandler
                0x00000000080086f0                I2C1_ER_IRQHandler
                0x00000000080086f0                FMC_IRQHandler
                0x00000000080086f0                DMA2_Stream6_IRQHandler
                0x00000000080086f0                SAI1_IRQHandler
 *fill*         0x00000000080086f2        0x2 
 .text.HAL_Init
                0x00000000080086f4       0x44 ./Drivers/STM32F4xx_HAL_Driver/Src/stm32f4xx_hal.o
                0x00000000080086f4                HAL_Init
 .text.HAL_IncTick
                0x0000000008008738       0x28 ./Drivers/STM32F4xx_HAL_Driver/Src/stm32f4xx_hal.o
                0x0000000008008738                HAL_IncTick
 .text.HAL_GetTick
                0x0000000008008760       0x18 ./Drivers/STM32F4xx_HAL_Driver/Src/stm32f4xx_hal.o
                0x0000000008008760                HAL_GetTick
 .text.HAL_Delay
                0x0000000008008778       0x48 ./Drivers/STM32F4xx_HAL_Driver/Src/stm32f4xx_hal.o
                0x0000000008008778                HAL_Delay
 .text.__NVIC_SetPriorityGrouping
                0x00000000080087c0       0x48 ./Drivers/STM32F4xx_HAL_Driver/Src/stm32f4xx_hal_cortex.o
 .text.__NVIC_GetPriorityGrouping
                0x0000000008008808       0x1c ./Drivers/STM32F4xx_HAL_Driver/Src/stm32f4xx_hal_cortex.o
 .text.__NVIC_EnableIRQ
                0x0000000008008824       0x3c ./Drivers/STM32F4xx_HAL_Driver/Src/stm32f4xx_hal_cortex.o
 .text.__NVIC_SetPriority
                0x0000000008008860       0x54 ./Drivers/STM32F4xx_HAL_Driver/Src/stm32f4xx_hal_cortex.o
 .text.NVIC_EncodePriority
                0x00000000080088b4       0x66 ./Drivers/STM32F4xx_HAL_Driver/Src/stm32f4xx_hal_cortex.o
 .text.HAL_NVIC_SetPriorityGrouping
                0x000000000800891a       0x16 ./Drivers/STM32F4xx_HAL_Driver/Src/stm32f4xx_hal_cortex.o
                0x000000000800891a                HAL_NVIC_SetPriorityGrouping
 .text.HAL_NVIC_SetPriority
                0x0000000008008930       0x38 ./Drivers/STM32F4xx_HAL_Driver/Src/stm32f4xx_hal_cortex.o
                0x0000000008008930                HAL_NVIC_SetPriority
 .text.HAL_NVIC_EnableIRQ
                0x0000000008008968       0x1c ./Drivers/STM32F4xx_HAL_Driver/Src/stm32f4xx_hal_cortex.o
                0x0000000008008968                HAL_NVIC_EnableIRQ
 .text.HAL_DMA_Init
                0x0000000008008984      0x15c ./Drivers/STM32F4xx_HAL_Driver/Src/stm32f4xx_hal_dma.o
                0x0000000008008984                HAL_DMA_Init
 .text.HAL_DMA_Start_IT
                0x0000000008008ae0       0xb0 ./Drivers/STM32F4xx_HAL_Driver/Src/stm32f4xx_hal_dma.o
                0x0000000008008ae0                HAL_DMA_Start_IT
 .text.HAL_DMA_Abort
                0x0000000008008b90       0xe0 ./Drivers/STM32F4xx_HAL_Driver/Src/stm32f4xx_hal_dma.o
                0x0000000008008b90                HAL_DMA_Abort
 .text.HAL_DMA_Abort_IT
                0x0000000008008c70       0x44 ./Drivers/STM32F4xx_HAL_Driver/Src/stm32f4xx_hal_dma.o
                0x0000000008008c70                HAL_DMA_Abort_IT
 .text.HAL_DMA_IRQHandler
                0x0000000008008cb4      0x314 ./Drivers/STM32F4xx_HAL_Driver/Src/stm32f4xx_hal_dma.o
                0x0000000008008cb4                HAL_DMA_IRQHandler
 .text.DMA_SetConfig
                0x0000000008008fc8       0x5c ./Drivers/STM32F4xx_HAL_Driver/Src/stm32f4xx_hal_dma.o
 .text.DMA_CalcBaseAndBitshift
                0x0000000008009024       0x6c ./Drivers/STM32F4xx_HAL_Driver/Src/stm32f4xx_hal_dma.o
 .text.DMA_CheckFifoParam
                0x0000000008009090       0xf8 ./Drivers/STM32F4xx_HAL_Driver/Src/stm32f4xx_hal_dma.o
 .text.HAL_GPIO_Init
                0x0000000008009188      0x358 ./Drivers/STM32F4xx_HAL_Driver/Src/stm32f4xx_hal_gpio.o
                0x0000000008009188                HAL_GPIO_Init
 .text.HAL_GPIO_ReadPin
                0x00000000080094e0       0x30 ./Drivers/STM32F4xx_HAL_Driver/Src/stm32f4xx_hal_gpio.o
                0x00000000080094e0                HAL_GPIO_ReadPin
 .text.HAL_GPIO_WritePin
                0x0000000008009510       0x32 ./Drivers/STM32F4xx_HAL_Driver/Src/stm32f4xx_hal_gpio.o
                0x0000000008009510                HAL_GPIO_WritePin
 *fill*         0x0000000008009542        0x2 
 .text.HAL_GPIO_EXTI_IRQHandler
                0x0000000008009544       0x30 ./Drivers/STM32F4xx_HAL_Driver/Src/stm32f4xx_hal_gpio.o
                0x0000000008009544                HAL_GPIO_EXTI_IRQHandler
 .text.HAL_I2C_Init
                0x0000000008009574      0x288 ./Drivers/STM32F4xx_HAL_Driver/Src/stm32f4xx_hal_i2c.o
                0x0000000008009574                HAL_I2C_Init
 .text.HAL_I2C_Master_Transmit
                0x00000000080097fc      0x1fc ./Drivers/STM32F4xx_HAL_Driver/Src/stm32f4xx_hal_i2c.o
                0x00000000080097fc                HAL_I2C_Master_Transmit
 .text.HAL_I2C_Master_Receive
                0x00000000080099f8      0x464 ./Drivers/STM32F4xx_HAL_Driver/Src/stm32f4xx_hal_i2c.o
                0x00000000080099f8                HAL_I2C_Master_Receive
 .text.HAL_I2C_GetState
                0x0000000008009e5c       0x1c ./Drivers/STM32F4xx_HAL_Driver/Src/stm32f4xx_hal_i2c.o
                0x0000000008009e5c                HAL_I2C_GetState
 .text.HAL_I2C_GetError
                0x0000000008009e78       0x18 ./Drivers/STM32F4xx_HAL_Driver/Src/stm32f4xx_hal_i2c.o
                0x0000000008009e78                HAL_I2C_GetError
 .text.I2C_MasterRequestWrite
                0x0000000008009e90      0x104 ./Drivers/STM32F4xx_HAL_Driver/Src/stm32f4xx_hal_i2c.o
 .text.I2C_MasterRequestRead
                0x0000000008009f94      0x19c ./Drivers/STM32F4xx_HAL_Driver/Src/stm32f4xx_hal_i2c.o
 .text.I2C_WaitOnFlagUntilTimeout
                0x000000000800a130       0xf4 ./Drivers/STM32F4xx_HAL_Driver/Src/stm32f4xx_hal_i2c.o
 .text.I2C_WaitOnMasterAddressFlagUntilTimeout
                0x000000000800a224      0x140 ./Drivers/STM32F4xx_HAL_Driver/Src/stm32f4xx_hal_i2c.o
 .text.I2C_WaitOnTXEFlagUntilTimeout
                0x000000000800a364       0x90 ./Drivers/STM32F4xx_HAL_Driver/Src/stm32f4xx_hal_i2c.o
 .text.I2C_WaitOnBTFFlagUntilTimeout
                0x000000000800a3f4       0x90 ./Drivers/STM32F4xx_HAL_Driver/Src/stm32f4xx_hal_i2c.o
 .text.I2C_WaitOnRXNEFlagUntilTimeout
                0x000000000800a484       0xba ./Drivers/STM32F4xx_HAL_Driver/Src/stm32f4xx_hal_i2c.o
 .text.I2C_IsAcknowledgeFailed
                0x000000000800a53e       0x5e ./Drivers/STM32F4xx_HAL_Driver/Src/stm32f4xx_hal_i2c.o
 .text.HAL_I2CEx_ConfigAnalogFilter
                0x000000000800a59c       0x78 ./Drivers/STM32F4xx_HAL_Driver/Src/stm32f4xx_hal_i2c_ex.o
                0x000000000800a59c                HAL_I2CEx_ConfigAnalogFilter
 .text.HAL_I2CEx_ConfigDigitalFilter
                0x000000000800a614       0x7e ./Drivers/STM32F4xx_HAL_Driver/Src/stm32f4xx_hal_i2c_ex.o
                0x000000000800a614                HAL_I2CEx_ConfigDigitalFilter
 *fill*         0x000000000800a692        0x2 
 .text.HAL_RCC_OscConfig
                0x000000000800a694      0x4f0 ./Drivers/STM32F4xx_HAL_Driver/Src/stm32f4xx_hal_rcc.o
                0x000000000800a694                HAL_RCC_OscConfig
 .text.HAL_RCC_ClockConfig
                0x000000000800ab84      0x1cc ./Drivers/STM32F4xx_HAL_Driver/Src/stm32f4xx_hal_rcc.o
                0x000000000800ab84                HAL_RCC_ClockConfig
 .text.HAL_RCC_GetSysClockFreq
                0x000000000800ad50      0x18c ./Drivers/STM32F4xx_HAL_Driver/Src/stm32f4xx_hal_rcc.o
                0x000000000800ad50                HAL_RCC_GetSysClockFreq
 .text.HAL_RCC_GetHCLKFreq
                0x000000000800aedc       0x18 ./Drivers/STM32F4xx_HAL_Driver/Src/stm32f4xx_hal_rcc.o
                0x000000000800aedc                HAL_RCC_GetHCLKFreq
 .text.HAL_RCC_GetPCLK1Freq
                0x000000000800aef4       0x28 ./Drivers/STM32F4xx_HAL_Driver/Src/stm32f4xx_hal_rcc.o
                0x000000000800aef4                HAL_RCC_GetPCLK1Freq
 .text.HAL_RCC_GetPCLK2Freq
                0x000000000800af1c       0x28 ./Drivers/STM32F4xx_HAL_Driver/Src/stm32f4xx_hal_rcc.o
                0x000000000800af1c                HAL_RCC_GetPCLK2Freq
 .text.HAL_RCC_GetClockConfig
                0x000000000800af44       0x64 ./Drivers/STM32F4xx_HAL_Driver/Src/stm32f4xx_hal_rcc.o
                0x000000000800af44                HAL_RCC_GetClockConfig
 .text.HAL_TIM_Base_Init
                0x000000000800afa8       0x9e ./Drivers/STM32F4xx_HAL_Driver/Src/stm32f4xx_hal_tim.o
                0x000000000800afa8                HAL_TIM_Base_Init
 *fill*         0x000000000800b046        0x2 
 .text.HAL_TIM_Base_Start_IT
                0x000000000800b048       0xe0 ./Drivers/STM32F4xx_HAL_Driver/Src/stm32f4xx_hal_tim.o
                0x000000000800b048                HAL_TIM_Base_Start_IT
 .text.HAL_TIM_PWM_Init
                0x000000000800b128       0x9e ./Drivers/STM32F4xx_HAL_Driver/Src/stm32f4xx_hal_tim.o
                0x000000000800b128                HAL_TIM_PWM_Init
 .text.HAL_TIM_PWM_MspInit
                0x000000000800b1c6       0x14 ./Drivers/STM32F4xx_HAL_Driver/Src/stm32f4xx_hal_tim.o
                0x000000000800b1c6                HAL_TIM_PWM_MspInit
 *fill*         0x000000000800b1da        0x2 
 .text.HAL_TIM_PWM_Start
                0x000000000800b1dc      0x190 ./Drivers/STM32F4xx_HAL_Driver/Src/stm32f4xx_hal_tim.o
                0x000000000800b1dc                HAL_TIM_PWM_Start
 .text.HAL_TIM_IRQHandler
                0x000000000800b36c      0x1e0 ./Drivers/STM32F4xx_HAL_Driver/Src/stm32f4xx_hal_tim.o
                0x000000000800b36c                HAL_TIM_IRQHandler
 .text.HAL_TIM_PWM_ConfigChannel
                0x000000000800b54c      0x184 ./Drivers/STM32F4xx_HAL_Driver/Src/stm32f4xx_hal_tim.o
                0x000000000800b54c                HAL_TIM_PWM_ConfigChannel
 .text.HAL_TIM_ConfigClockSource
                0x000000000800b6d0      0x18e ./Drivers/STM32F4xx_HAL_Driver/Src/stm32f4xx_hal_tim.o
                0x000000000800b6d0                HAL_TIM_ConfigClockSource
 .text.HAL_TIM_OC_DelayElapsedCallback
                0x000000000800b85e       0x14 ./Drivers/STM32F4xx_HAL_Driver/Src/stm32f4xx_hal_tim.o
                0x000000000800b85e                HAL_TIM_OC_DelayElapsedCallback
 .text.HAL_TIM_IC_CaptureCallback
                0x000000000800b872       0x14 ./Drivers/STM32F4xx_HAL_Driver/Src/stm32f4xx_hal_tim.o
                0x000000000800b872                HAL_TIM_IC_CaptureCallback
 .text.HAL_TIM_PWM_PulseFinishedCallback
                0x000000000800b886       0x14 ./Drivers/STM32F4xx_HAL_Driver/Src/stm32f4xx_hal_tim.o
                0x000000000800b886                HAL_TIM_PWM_PulseFinishedCallback
 .text.HAL_TIM_TriggerCallback
                0x000000000800b89a       0x14 ./Drivers/STM32F4xx_HAL_Driver/Src/stm32f4xx_hal_tim.o
                0x000000000800b89a                HAL_TIM_TriggerCallback
 *fill*         0x000000000800b8ae        0x2 
 .text.TIM_Base_SetConfig
                0x000000000800b8b0      0x158 ./Drivers/STM32F4xx_HAL_Driver/Src/stm32f4xx_hal_tim.o
                0x000000000800b8b0                TIM_Base_SetConfig
 .text.TIM_OC1_SetConfig
                0x000000000800ba08       0xe0 ./Drivers/STM32F4xx_HAL_Driver/Src/stm32f4xx_hal_tim.o
 .text.TIM_OC2_SetConfig
                0x000000000800bae8       0xec ./Drivers/STM32F4xx_HAL_Driver/Src/stm32f4xx_hal_tim.o
                0x000000000800bae8                TIM_OC2_SetConfig
 .text.TIM_OC3_SetConfig
                0x000000000800bbd4       0xe8 ./Drivers/STM32F4xx_HAL_Driver/Src/stm32f4xx_hal_tim.o
 .text.TIM_OC4_SetConfig
                0x000000000800bcbc       0xac ./Drivers/STM32F4xx_HAL_Driver/Src/stm32f4xx_hal_tim.o
 .text.TIM_TI1_ConfigInputStage
                0x000000000800bd68       0x5e ./Drivers/STM32F4xx_HAL_Driver/Src/stm32f4xx_hal_tim.o
 .text.TIM_TI2_ConfigInputStage
                0x000000000800bdc6       0x60 ./Drivers/STM32F4xx_HAL_Driver/Src/stm32f4xx_hal_tim.o
 .text.TIM_ITRx_SetConfig
                0x000000000800be26       0x36 ./Drivers/STM32F4xx_HAL_Driver/Src/stm32f4xx_hal_tim.o
 .text.TIM_ETR_SetConfig
                0x000000000800be5c       0x40 ./Drivers/STM32F4xx_HAL_Driver/Src/stm32f4xx_hal_tim.o
                0x000000000800be5c                TIM_ETR_SetConfig
 .text.TIM_CCxChannelCmd
                0x000000000800be9c       0x4a ./Drivers/STM32F4xx_HAL_Driver/Src/stm32f4xx_hal_tim.o
                0x000000000800be9c                TIM_CCxChannelCmd
 *fill*         0x000000000800bee6        0x2 
 .text.HAL_TIMEx_MasterConfigSynchronization
                0x000000000800bee8       0xf8 ./Drivers/STM32F4xx_HAL_Driver/Src/stm32f4xx_hal_tim_ex.o
                0x000000000800bee8                HAL_TIMEx_MasterConfigSynchronization
 .text.HAL_TIMEx_ConfigBreakDeadTime
                0x000000000800bfe0       0xa4 ./Drivers/STM32F4xx_HAL_Driver/Src/stm32f4xx_hal_tim_ex.o
                0x000000000800bfe0                HAL_TIMEx_ConfigBreakDeadTime
 .text.HAL_TIMEx_CommutCallback
                0x000000000800c084       0x14 ./Drivers/STM32F4xx_HAL_Driver/Src/stm32f4xx_hal_tim_ex.o
                0x000000000800c084                HAL_TIMEx_CommutCallback
 .text.HAL_TIMEx_BreakCallback
                0x000000000800c098       0x14 ./Drivers/STM32F4xx_HAL_Driver/Src/stm32f4xx_hal_tim_ex.o
                0x000000000800c098                HAL_TIMEx_BreakCallback
 .text.HAL_UART_Init
                0x000000000800c0ac       0xa0 ./Drivers/STM32F4xx_HAL_Driver/Src/stm32f4xx_hal_uart.o
                0x000000000800c0ac                HAL_UART_Init
 .text.HAL_UART_Transmit_DMA
                0x000000000800c14c       0xe0 ./Drivers/STM32F4xx_HAL_Driver/Src/stm32f4xx_hal_uart.o
                0x000000000800c14c                HAL_UART_Transmit_DMA
 .text.HAL_UART_Receive_DMA
                0x000000000800c22c       0x4a ./Drivers/STM32F4xx_HAL_Driver/Src/stm32f4xx_hal_uart.o
                0x000000000800c22c                HAL_UART_Receive_DMA
 *fill*         0x000000000800c276        0x2 
 .text.HAL_UART_IRQHandler
                0x000000000800c278      0x524 ./Drivers/STM32F4xx_HAL_Driver/Src/stm32f4xx_hal_uart.o
                0x000000000800c278                HAL_UART_IRQHandler
 .text.HAL_UART_TxHalfCpltCallback
                0x000000000800c79c       0x14 ./Drivers/STM32F4xx_HAL_Driver/Src/stm32f4xx_hal_uart.o
                0x000000000800c79c                HAL_UART_TxHalfCpltCallback
 .text.HAL_UART_RxHalfCpltCallback
                0x000000000800c7b0       0x14 ./Drivers/STM32F4xx_HAL_Driver/Src/stm32f4xx_hal_uart.o
                0x000000000800c7b0                HAL_UART_RxHalfCpltCallback
 .text.HAL_UART_ErrorCallback
                0x000000000800c7c4       0x14 ./Drivers/STM32F4xx_HAL_Driver/Src/stm32f4xx_hal_uart.o
                0x000000000800c7c4                HAL_UART_ErrorCallback
 .text.HAL_UARTEx_RxEventCallback
                0x000000000800c7d8       0x18 ./Drivers/STM32F4xx_HAL_Driver/Src/stm32f4xx_hal_uart.o
                0x000000000800c7d8                HAL_UARTEx_RxEventCallback
 .text.UART_DMATransmitCplt
                0x000000000800c7f0       0x9a ./Drivers/STM32F4xx_HAL_Driver/Src/stm32f4xx_hal_uart.o
 .text.UART_DMATxHalfCplt
                0x000000000800c88a       0x1c ./Drivers/STM32F4xx_HAL_Driver/Src/stm32f4xx_hal_uart.o
 .text.UART_DMAReceiveCplt
                0x000000000800c8a6      0x12c ./Drivers/STM32F4xx_HAL_Driver/Src/stm32f4xx_hal_uart.o
 .text.UART_DMARxHalfCplt
                0x000000000800c9d2       0x3c ./Drivers/STM32F4xx_HAL_Driver/Src/stm32f4xx_hal_uart.o
 .text.UART_DMAError
                0x000000000800ca0e       0x94 ./Drivers/STM32F4xx_HAL_Driver/Src/stm32f4xx_hal_uart.o
 *fill*         0x000000000800caa2        0x2 
 .text.UART_Start_Receive_DMA
                0x000000000800caa4      0x134 ./Drivers/STM32F4xx_HAL_Driver/Src/stm32f4xx_hal_uart.o
                0x000000000800caa4                UART_Start_Receive_DMA
 .text.UART_EndTxTransfer
                0x000000000800cbd8       0x50 ./Drivers/STM32F4xx_HAL_Driver/Src/stm32f4xx_hal_uart.o
 .text.UART_EndRxTransfer
                0x000000000800cc28       0xc6 ./Drivers/STM32F4xx_HAL_Driver/Src/stm32f4xx_hal_uart.o
 .text.UART_DMAAbortOnError
                0x000000000800ccee       0x28 ./Drivers/STM32F4xx_HAL_Driver/Src/stm32f4xx_hal_uart.o
 .text.UART_Transmit_IT
                0x000000000800cd16       0xa0 ./Drivers/STM32F4xx_HAL_Driver/Src/stm32f4xx_hal_uart.o
 .text.UART_EndTransmit_IT
                0x000000000800cdb6       0x30 ./Drivers/STM32F4xx_HAL_Driver/Src/stm32f4xx_hal_uart.o
 .text.UART_Receive_IT
                0x000000000800cde6      0x17c ./Drivers/STM32F4xx_HAL_Driver/Src/stm32f4xx_hal_uart.o
 *fill*         0x000000000800cf62        0x2 
 .text.UART_SetConfig
                0x000000000800cf64      0x4e8 ./Drivers/STM32F4xx_HAL_Driver/Src/stm32f4xx_hal_uart.o
 .text.__NVIC_SetPriority
                0x000000000800d44c       0x54 ./Middlewares/Third_Party/FreeRTOS/Source/CMSIS_RTOS_V2/cmsis_os2.o
 .text.SysTick_Handler
                0x000000000800d4a0       0x20 ./Middlewares/Third_Party/FreeRTOS/Source/CMSIS_RTOS_V2/cmsis_os2.o
                0x000000000800d4a0                SysTick_Handler
 .text.SVC_Setup
                0x000000000800d4c0       0x12 ./Middlewares/Third_Party/FreeRTOS/Source/CMSIS_RTOS_V2/cmsis_os2.o
 *fill*         0x000000000800d4d2        0x2 
 .text.osKernelInitialize
                0x000000000800d4d4       0x48 ./Middlewares/Third_Party/FreeRTOS/Source/CMSIS_RTOS_V2/cmsis_os2.o
                0x000000000800d4d4                osKernelInitialize
 .text.osKernelStart
                0x000000000800d51c       0x4c ./Middlewares/Third_Party/FreeRTOS/Source/CMSIS_RTOS_V2/cmsis_os2.o
                0x000000000800d51c                osKernelStart
 .text.osThreadNew
                0x000000000800d568      0x124 ./Middlewares/Third_Party/FreeRTOS/Source/CMSIS_RTOS_V2/cmsis_os2.o
                0x000000000800d568                osThreadNew
 .text.osDelay  0x000000000800d68c       0x36 ./Middlewares/Third_Party/FreeRTOS/Source/CMSIS_RTOS_V2/cmsis_os2.o
                0x000000000800d68c                osDelay
 *fill*         0x000000000800d6c2        0x2 
 .text.vApplicationGetIdleTaskMemory
                0x000000000800d6c4       0x34 ./Middlewares/Third_Party/FreeRTOS/Source/CMSIS_RTOS_V2/cmsis_os2.o
                0x000000000800d6c4                vApplicationGetIdleTaskMemory
 .text.vApplicationGetTimerTaskMemory
                0x000000000800d6f8       0x34 ./Middlewares/Third_Party/FreeRTOS/Source/CMSIS_RTOS_V2/cmsis_os2.o
                0x000000000800d6f8                vApplicationGetTimerTaskMemory
 .text.vListInitialise
                0x000000000800d72c       0x40 ./Middlewares/Third_Party/FreeRTOS/Source/list.o
                0x000000000800d72c                vListInitialise
 .text.vListInitialiseItem
                0x000000000800d76c       0x1a ./Middlewares/Third_Party/FreeRTOS/Source/list.o
                0x000000000800d76c                vListInitialiseItem
 .text.vListInsertEnd
                0x000000000800d786       0x48 ./Middlewares/Third_Party/FreeRTOS/Source/list.o
                0x000000000800d786                vListInsertEnd
 .text.vListInsert
                0x000000000800d7ce       0x72 ./Middlewares/Third_Party/FreeRTOS/Source/list.o
                0x000000000800d7ce                vListInsert
 .text.uxListRemove
                0x000000000800d840       0x54 ./Middlewares/Third_Party/FreeRTOS/Source/list.o
                0x000000000800d840                uxListRemove
 .text.xQueueGenericReset
                0x000000000800d894       0xd0 ./Middlewares/Third_Party/FreeRTOS/Source/queue.o
                0x000000000800d894                xQueueGenericReset
 .text.xQueueGenericCreateStatic
                0x000000000800d964       0xf0 ./Middlewares/Third_Party/FreeRTOS/Source/queue.o
                0x000000000800d964                xQueueGenericCreateStatic
 .text.prvInitialiseNewQueue
                0x000000000800da54       0x46 ./Middlewares/Third_Party/FreeRTOS/Source/queue.o
 *fill*         0x000000000800da9a        0x2 
 .text.xQueueGenericSend
                0x000000000800da9c      0x1fc ./Middlewares/Third_Party/FreeRTOS/Source/queue.o
                0x000000000800da9c                xQueueGenericSend
 .text.xQueueGenericSendFromISR
                0x000000000800dc98      0x136 ./Middlewares/Third_Party/FreeRTOS/Source/queue.o
                0x000000000800dc98                xQueueGenericSendFromISR
 *fill*         0x000000000800ddce        0x2 
 .text.xQueueReceive
                0x000000000800ddd0      0x1c0 ./Middlewares/Third_Party/FreeRTOS/Source/queue.o
                0x000000000800ddd0                xQueueReceive
 .text.prvCopyDataToQueue
                0x000000000800df90       0xd4 ./Middlewares/Third_Party/FreeRTOS/Source/queue.o
 .text.prvCopyDataFromQueue
                0x000000000800e064       0x4c ./Middlewares/Third_Party/FreeRTOS/Source/queue.o
 .text.prvUnlockQueue
                0x000000000800e0b0       0xa4 ./Middlewares/Third_Party/FreeRTOS/Source/queue.o
 .text.prvIsQueueEmpty
                0x000000000800e154       0x2c ./Middlewares/Third_Party/FreeRTOS/Source/queue.o
 .text.prvIsQueueFull
                0x000000000800e180       0x30 ./Middlewares/Third_Party/FreeRTOS/Source/queue.o
 .text.vQueueAddToRegistry
                0x000000000800e1b0       0x54 ./Middlewares/Third_Party/FreeRTOS/Source/queue.o
                0x000000000800e1b0                vQueueAddToRegistry
 .text.vQueueWaitForMessageRestricted
                0x000000000800e204       0x68 ./Middlewares/Third_Party/FreeRTOS/Source/queue.o
                0x000000000800e204                vQueueWaitForMessageRestricted
 .text.xTaskCreateStatic
                0x000000000800e26c       0xba ./Middlewares/Third_Party/FreeRTOS/Source/tasks.o
                0x000000000800e26c                xTaskCreateStatic
 .text.xTaskCreate
                0x000000000800e326       0x8a ./Middlewares/Third_Party/FreeRTOS/Source/tasks.o
                0x000000000800e326                xTaskCreate
 .text.prvInitialiseNewTask
                0x000000000800e3b0      0x14c ./Middlewares/Third_Party/FreeRTOS/Source/tasks.o
 .text.prvAddNewTaskToReadyList
                0x000000000800e4fc       0xe0 ./Middlewares/Third_Party/FreeRTOS/Source/tasks.o
 .text.vTaskDelay
                0x000000000800e5dc       0x68 ./Middlewares/Third_Party/FreeRTOS/Source/tasks.o
                0x000000000800e5dc                vTaskDelay
 .text.vTaskStartScheduler
                0x000000000800e644       0xe0 ./Middlewares/Third_Party/FreeRTOS/Source/tasks.o
                0x000000000800e644                vTaskStartScheduler
 .text.vTaskSuspendAll
                0x000000000800e724       0x1c ./Middlewares/Third_Party/FreeRTOS/Source/tasks.o
                0x000000000800e724                vTaskSuspendAll
 .text.xTaskResumeAll
                0x000000000800e740      0x13c ./Middlewares/Third_Party/FreeRTOS/Source/tasks.o
                0x000000000800e740                xTaskResumeAll
 .text.xTaskGetTickCount
                0x000000000800e87c       0x20 ./Middlewares/Third_Party/FreeRTOS/Source/tasks.o
                0x000000000800e87c                xTaskGetTickCount
 .text.xTaskIncrementTick
                0x000000000800e89c      0x174 ./Middlewares/Third_Party/FreeRTOS/Source/tasks.o
                0x000000000800e89c                xTaskIncrementTick
 .text.vTaskSwitchContext
                0x000000000800ea10       0xc8 ./Middlewares/Third_Party/FreeRTOS/Source/tasks.o
                0x000000000800ea10                vTaskSwitchContext
 .text.vTaskPlaceOnEventList
                0x000000000800ead8       0x48 ./Middlewares/Third_Party/FreeRTOS/Source/tasks.o
                0x000000000800ead8                vTaskPlaceOnEventList
 .text.vTaskPlaceOnEventListRestricted
                0x000000000800eb20       0x58 ./Middlewares/Third_Party/FreeRTOS/Source/tasks.o
                0x000000000800eb20                vTaskPlaceOnEventListRestricted
 .text.xTaskRemoveFromEventList
                0x000000000800eb78       0xc8 ./Middlewares/Third_Party/FreeRTOS/Source/tasks.o
                0x000000000800eb78                xTaskRemoveFromEventList
 .text.vTaskInternalSetTimeOutState
                0x000000000800ec40       0x2c ./Middlewares/Third_Party/FreeRTOS/Source/tasks.o
                0x000000000800ec40                vTaskInternalSetTimeOutState
 .text.xTaskCheckForTimeOut
                0x000000000800ec6c       0xc4 ./Middlewares/Third_Party/FreeRTOS/Source/tasks.o
                0x000000000800ec6c                xTaskCheckForTimeOut
 .text.vTaskMissedYield
                0x000000000800ed30       0x18 ./Middlewares/Third_Party/FreeRTOS/Source/tasks.o
                0x000000000800ed30                vTaskMissedYield
 .text.prvIdleTask
                0x000000000800ed48       0x30 ./Middlewares/Third_Party/FreeRTOS/Source/tasks.o
 .text.prvInitialiseTaskLists
                0x000000000800ed78       0x80 ./Middlewares/Third_Party/FreeRTOS/Source/tasks.o
 .text.prvCheckTasksWaitingTermination
                0x000000000800edf8       0x5c ./Middlewares/Third_Party/FreeRTOS/Source/tasks.o
 .text.prvDeleteTCB
                0x000000000800ee54       0x68 ./Middlewares/Third_Party/FreeRTOS/Source/tasks.o
 .text.prvResetNextTaskUnblockTime
                0x000000000800eebc       0x40 ./Middlewares/Third_Party/FreeRTOS/Source/tasks.o
 .text.xTaskGetSchedulerState
                0x000000000800eefc       0x3c ./Middlewares/Third_Party/FreeRTOS/Source/tasks.o
                0x000000000800eefc                xTaskGetSchedulerState
 .text.xTaskPriorityDisinherit
                0x000000000800ef38       0xdc ./Middlewares/Third_Party/FreeRTOS/Source/tasks.o
                0x000000000800ef38                xTaskPriorityDisinherit
 .text.prvAddCurrentTaskToDelayedList
                0x000000000800f014       0xa8 ./Middlewares/Third_Party/FreeRTOS/Source/tasks.o
 .text.xTimerCreateTimerTask
                0x000000000800f0bc       0x90 ./Middlewares/Third_Party/FreeRTOS/Source/timers.o
                0x000000000800f0bc                xTimerCreateTimerTask
 .text.xTimerGenericCommand
                0x000000000800f14c       0x9c ./Middlewares/Third_Party/FreeRTOS/Source/timers.o
                0x000000000800f14c                xTimerGenericCommand
 .text.prvProcessExpiredTimer
                0x000000000800f1e8       0x98 ./Middlewares/Third_Party/FreeRTOS/Source/timers.o
 .text.prvTimerTask
                0x000000000800f280       0x24 ./Middlewares/Third_Party/FreeRTOS/Source/timers.o
 .text.prvProcessTimerOrBlockTask
                0x000000000800f2a4       0x9c ./Middlewares/Third_Party/FreeRTOS/Source/timers.o
 .text.prvGetNextExpireTime
                0x000000000800f340       0x48 ./Middlewares/Third_Party/FreeRTOS/Source/timers.o
 .text.prvSampleTimeNow
                0x000000000800f388       0x40 ./Middlewares/Third_Party/FreeRTOS/Source/timers.o
 .text.prvInsertTimerInActiveList
                0x000000000800f3c8       0x84 ./Middlewares/Third_Party/FreeRTOS/Source/timers.o
 .text.prvProcessReceivedCommands
                0x000000000800f44c      0x1c4 ./Middlewares/Third_Party/FreeRTOS/Source/timers.o
 .text.prvSwitchTimerLists
                0x000000000800f610       0xc8 ./Middlewares/Third_Party/FreeRTOS/Source/timers.o
 .text.prvCheckForValidListAndQueue
                0x000000000800f6d8       0x80 ./Middlewares/Third_Party/FreeRTOS/Source/timers.o
 .text.pxPortInitialiseStack
                0x000000000800f758       0x68 ./Middlewares/Third_Party/FreeRTOS/Source/portable/GCC/ARM_CM4F/port.o
                0x000000000800f758                pxPortInitialiseStack
 .text.prvTaskExitError
                0x000000000800f7c0       0x58 ./Middlewares/Third_Party/FreeRTOS/Source/portable/GCC/ARM_CM4F/port.o
 *fill*         0x000000000800f818        0x8 
 .text.SVC_Handler
                0x000000000800f820       0x28 ./Middlewares/Third_Party/FreeRTOS/Source/portable/GCC/ARM_CM4F/port.o
                0x000000000800f820                SVC_Handler
 .text.prvPortStartFirstTask
                0x000000000800f848       0x28 ./Middlewares/Third_Party/FreeRTOS/Source/portable/GCC/ARM_CM4F/port.o
 .text.xPortStartScheduler
                0x000000000800f870      0x144 ./Middlewares/Third_Party/FreeRTOS/Source/portable/GCC/ARM_CM4F/port.o
                0x000000000800f870                xPortStartScheduler
 .text.vPortEnterCritical
                0x000000000800f9b4       0x60 ./Middlewares/Third_Party/FreeRTOS/Source/portable/GCC/ARM_CM4F/port.o
                0x000000000800f9b4                vPortEnterCritical
 .text.vPortExitCritical
                0x000000000800fa14       0x54 ./Middlewares/Third_Party/FreeRTOS/Source/portable/GCC/ARM_CM4F/port.o
                0x000000000800fa14                vPortExitCritical
 *fill*         0x000000000800fa68        0x8 
 .text.PendSV_Handler
                0x000000000800fa70       0x68 ./Middlewares/Third_Party/FreeRTOS/Source/portable/GCC/ARM_CM4F/port.o
                0x000000000800fa70                PendSV_Handler
 .text.xPortSysTickHandler
                0x000000000800fad8       0x44 ./Middlewares/Third_Party/FreeRTOS/Source/portable/GCC/ARM_CM4F/port.o
                0x000000000800fad8                xPortSysTickHandler
 .text.vPortSetupTimerInterrupt
                0x000000000800fb1c       0x48 ./Middlewares/Third_Party/FreeRTOS/Source/portable/GCC/ARM_CM4F/port.o
                0x000000000800fb1c                vPortSetupTimerInterrupt
 .text.vPortEnableVFP
                0x000000000800fb64       0x14 ./Middlewares/Third_Party/FreeRTOS/Source/portable/GCC/ARM_CM4F/port.o
 .text.vPortValidateInterruptPriority
                0x000000000800fb78       0x80 ./Middlewares/Third_Party/FreeRTOS/Source/portable/GCC/ARM_CM4F/port.o
                0x000000000800fb78                vPortValidateInterruptPriority
 .text.pvPortMalloc
                0x000000000800fbf8      0x198 ./Middlewares/Third_Party/FreeRTOS/Source/portable/MemMang/heap_4.o
                0x000000000800fbf8                pvPortMalloc
 .text.vPortFree
                0x000000000800fd90       0xc4 ./Middlewares/Third_Party/FreeRTOS/Source/portable/MemMang/heap_4.o
                0x000000000800fd90                vPortFree
 .text.prvHeapInit
                0x000000000800fe54       0xc4 ./Middlewares/Third_Party/FreeRTOS/Source/portable/MemMang/heap_4.o
 .text.prvInsertBlockIntoFreeList
                0x000000000800ff18       0xb4 ./Middlewares/Third_Party/FreeRTOS/Source/portable/MemMang/heap_4.o
 .text.pow      0x000000000800ffcc       0xe0 C:/ST/STM32CubeIDE_1.14.1/STM32CubeIDE/plugins/com.st.stm32cube.ide.mcu.externaltools.gnu-tools-for-stm32.11.3.rel1.win32_1.1.100.202309141235/tools/bin/../lib/gcc/arm-none-eabi/11.3.1/../../../../arm-none-eabi/lib/thumb/v7e-m+fp/hard\libm.a(libm_a-w_pow.o)
                0x000000000800ffcc                pow
 .text.sqrt     0x00000000080100ac       0x58 C:/ST/STM32CubeIDE_1.14.1/STM32CubeIDE/plugins/com.st.stm32cube.ide.mcu.externaltools.gnu-tools-for-stm32.11.3.rel1.win32_1.1.100.202309141235/tools/bin/../lib/gcc/arm-none-eabi/11.3.1/../../../../arm-none-eabi/lib/thumb/v7e-m+fp/hard\libm.a(libm_a-w_sqrt.o)
                0x00000000080100ac                sqrt
 *fill*         0x0000000008010104        0x4 
 .text.cos      0x0000000008010108       0xa8 C:/ST/STM32CubeIDE_1.14.1/STM32CubeIDE/plugins/com.st.stm32cube.ide.mcu.externaltools.gnu-tools-for-stm32.11.3.rel1.win32_1.1.100.202309141235/tools/bin/../lib/gcc/arm-none-eabi/11.3.1/../../../../arm-none-eabi/lib/thumb/v7e-m+fp/hard\libm.a(libm_a-s_cos.o)
                0x0000000008010108                cos
 .text.sin      0x00000000080101b0       0xb0 C:/ST/STM32CubeIDE_1.14.1/STM32CubeIDE/plugins/com.st.stm32cube.ide.mcu.externaltools.gnu-tools-for-stm32.11.3.rel1.win32_1.1.100.202309141235/tools/bin/../lib/gcc/arm-none-eabi/11.3.1/../../../../arm-none-eabi/lib/thumb/v7e-m+fp/hard\libm.a(libm_a-s_sin.o)
                0x00000000080101b0                sin
 .text.finite   0x0000000008010260       0x16 C:/ST/STM32CubeIDE_1.14.1/STM32CubeIDE/plugins/com.st.stm32cube.ide.mcu.externaltools.gnu-tools-for-stm32.11.3.rel1.win32_1.1.100.202309141235/tools/bin/../lib/gcc/arm-none-eabi/11.3.1/../../../../arm-none-eabi/lib/thumb/v7e-m+fp/hard\libm.a(libm_a-s_finite.o)
                0x0000000008010260                finite
 *fill*         0x0000000008010276        0x2 
 .text.__ieee754_sqrt
                0x0000000008010278      0x1b4 C:/ST/STM32CubeIDE_1.14.1/STM32CubeIDE/plugins/com.st.stm32cube.ide.mcu.externaltools.gnu-tools-for-stm32.11.3.rel1.win32_1.1.100.202309141235/tools/bin/../lib/gcc/arm-none-eabi/11.3.1/../../../../arm-none-eabi/lib/thumb/v7e-m+fp/hard\libm.a(libm_a-e_sqrt.o)
                0x0000000008010278                __ieee754_sqrt
 *fill*         0x000000000801042c        0x4 
 .text.__kernel_cos
                0x0000000008010430      0x18c C:/ST/STM32CubeIDE_1.14.1/STM32CubeIDE/plugins/com.st.stm32cube.ide.mcu.externaltools.gnu-tools-for-stm32.11.3.rel1.win32_1.1.100.202309141235/tools/bin/../lib/gcc/arm-none-eabi/11.3.1/../../../../arm-none-eabi/lib/thumb/v7e-m+fp/hard\libm.a(libm_a-k_cos.o)
                0x0000000008010430                __kernel_cos
 *fill*         0x00000000080105bc        0x4 
 .text.__kernel_sin
                0x00000000080105c0      0x17c C:/ST/STM32CubeIDE_1.14.1/STM32CubeIDE/plugins/com.st.stm32cube.ide.mcu.externaltools.gnu-tools-for-stm32.11.3.rel1.win32_1.1.100.202309141235/tools/bin/../lib/gcc/arm-none-eabi/11.3.1/../../../../arm-none-eabi/lib/thumb/v7e-m+fp/hard\libm.a(libm_a-k_sin.o)
                0x00000000080105c0                __kernel_sin
 *fill*         0x000000000801073c        0x4 
 .text.__ieee754_pow
                0x0000000008010740      0xa54 C:/ST/STM32CubeIDE_1.14.1/STM32CubeIDE/plugins/com.st.stm32cube.ide.mcu.externaltools.gnu-tools-for-stm32.11.3.rel1.win32_1.1.100.202309141235/tools/bin/../lib/gcc/arm-none-eabi/11.3.1/../../../../arm-none-eabi/lib/thumb/v7e-m+fp/hard\libm.a(libm_a-e_pow.o)
                0x0000000008010740                __ieee754_pow
 *fill*         0x0000000008011194        0x4 
 .text.__ieee754_rem_pio2
                0x0000000008011198      0x40c C:/ST/STM32CubeIDE_1.14.1/STM32CubeIDE/plugins/com.st.stm32cube.ide.mcu.externaltools.gnu-tools-for-stm32.11.3.rel1.win32_1.1.100.202309141235/tools/bin/../lib/gcc/arm-none-eabi/11.3.1/../../../../arm-none-eabi/lib/thumb/v7e-m+fp/hard\libm.a(libm_a-e_rem_pio2.o)
                0x0000000008011198                __ieee754_rem_pio2
 .text.fabs     0x00000000080115a4       0x12 C:/ST/STM32CubeIDE_1.14.1/STM32CubeIDE/plugins/com.st.stm32cube.ide.mcu.externaltools.gnu-tools-for-stm32.11.3.rel1.win32_1.1.100.202309141235/tools/bin/../lib/gcc/arm-none-eabi/11.3.1/../../../../arm-none-eabi/lib/thumb/v7e-m+fp/hard\libm.a(libm_a-s_fabs.o)
                0x00000000080115a4                fabs
 *fill*         0x00000000080115b6        0x2 
 .text.scalbn   0x00000000080115b8       0xfc C:/ST/STM32CubeIDE_1.14.1/STM32CubeIDE/plugins/com.st.stm32cube.ide.mcu.externaltools.gnu-tools-for-stm32.11.3.rel1.win32_1.1.100.202309141235/tools/bin/../lib/gcc/arm-none-eabi/11.3.1/../../../../arm-none-eabi/lib/thumb/v7e-m+fp/hard\libm.a(libm_a-s_scalbn.o)
                0x00000000080115b8                scalbn
 .text.with_errno
                0x00000000080116b4       0x14 C:/ST/STM32CubeIDE_1.14.1/STM32CubeIDE/plugins/com.st.stm32cube.ide.mcu.externaltools.gnu-tools-for-stm32.11.3.rel1.win32_1.1.100.202309141235/tools/bin/../lib/gcc/arm-none-eabi/11.3.1/../../../../arm-none-eabi/lib/thumb/v7e-m+fp/hard\libm.a(libm_a-math_err.o)
 .text.xflow    0x00000000080116c8       0x28 C:/ST/STM32CubeIDE_1.14.1/STM32CubeIDE/plugins/com.st.stm32cube.ide.mcu.externaltools.gnu-tools-for-stm32.11.3.rel1.win32_1.1.100.202309141235/tools/bin/../lib/gcc/arm-none-eabi/11.3.1/../../../../arm-none-eabi/lib/thumb/v7e-m+fp/hard\libm.a(libm_a-math_err.o)
 .text.__math_uflow
                0x00000000080116f0       0x12 C:/ST/STM32CubeIDE_1.14.1/STM32CubeIDE/plugins/com.st.stm32cube.ide.mcu.externaltools.gnu-tools-for-stm32.11.3.rel1.win32_1.1.100.202309141235/tools/bin/../lib/gcc/arm-none-eabi/11.3.1/../../../../arm-none-eabi/lib/thumb/v7e-m+fp/hard\libm.a(libm_a-math_err.o)
                0x00000000080116f0                __math_uflow
 .text.__math_oflow
                0x0000000008011702       0x12 C:/ST/STM32CubeIDE_1.14.1/STM32CubeIDE/plugins/com.st.stm32cube.ide.mcu.externaltools.gnu-tools-for-stm32.11.3.rel1.win32_1.1.100.202309141235/tools/bin/../lib/gcc/arm-none-eabi/11.3.1/../../../../arm-none-eabi/lib/thumb/v7e-m+fp/hard\libm.a(libm_a-math_err.o)
                0x0000000008011702                __math_oflow
 *fill*         0x0000000008011714        0x4 
 .text.__kernel_rem_pio2
                0x0000000008011718      0x69c C:/ST/STM32CubeIDE_1.14.1/STM32CubeIDE/plugins/com.st.stm32cube.ide.mcu.externaltools.gnu-tools-for-stm32.11.3.rel1.win32_1.1.100.202309141235/tools/bin/../lib/gcc/arm-none-eabi/11.3.1/../../../../arm-none-eabi/lib/thumb/v7e-m+fp/hard\libm.a(libm_a-k_rem_pio2.o)
                0x0000000008011718                __kernel_rem_pio2
 *fill*         0x0000000008011db4        0x4 