Archive member included to satisfy reference by file (symbol)

C:/ST/STM32CubeIDE_1.14.1/STM32CubeIDE/plugins/com.st.stm32cube.ide.mcu.externaltools.gnu-tools-for-stm32.11.3.rel1.win32_1.1.100.202309141235/tools/bin/../lib/gcc/arm-none-eabi/11.3.1/../../../../arm-none-eabi/lib/thumb/v7e-m+fp/hard\libm.a(libm_a-w_pow.o)
                              ./Core/Src/kin.o (pow)
C:/ST/STM32CubeIDE_1.14.1/STM32CubeIDE/plugins/com.st.stm32cube.ide.mcu.externaltools.gnu-tools-for-stm32.11.3.rel1.win32_1.1.100.202309141235/tools/bin/../lib/gcc/arm-none-eabi/11.3.1/../../../../arm-none-eabi/lib/thumb/v7e-m+fp/hard\libm.a(libm_a-w_sqrt.o)
                              ./Core/Src/kin.o (sqrt)
C:/ST/STM32CubeIDE_1.14.1/STM32CubeIDE/plugins/com.st.stm32cube.ide.mcu.externaltools.gnu-tools-for-stm32.11.3.rel1.win32_1.1.100.202309141235/tools/bin/../lib/gcc/arm-none-eabi/11.3.1/../../../../arm-none-eabi/lib/thumb/v7e-m+fp/hard\libm.a(libm_a-s_cos.o)
                              ./Core/Src/kin.o (cos)
C:/ST/STM32CubeIDE_1.14.1/STM32CubeIDE/plugins/com.st.stm32cube.ide.mcu.externaltools.gnu-tools-for-stm32.11.3.rel1.win32_1.1.100.202309141235/tools/bin/../lib/gcc/arm-none-eabi/11.3.1/../../../../arm-none-eabi/lib/thumb/v7e-m+fp/hard\libm.a(libm_a-s_sin.o)
                              ./Core/Src/kin.o (sin)
C:/ST/STM32CubeIDE_1.14.1/STM32CubeIDE/plugins/com.st.stm32cube.ide.mcu.externaltools.gnu-tools-for-stm32.11.3.rel1.win32_1.1.100.202309141235/tools/bin/../lib/gcc/arm-none-eabi/11.3.1/../../../../arm-none-eabi/lib/thumb/v7e-m+fp/hard\libm.a(libm_a-s_finite.o)
                              C:/ST/STM32CubeIDE_1.14.1/STM32CubeIDE/plugins/com.st.stm32cube.ide.mcu.externaltools.gnu-tools-for-stm32.11.3.rel1.win32_1.1.100.202309141235/tools/bin/../lib/gcc/arm-none-eabi/11.3.1/../../../../arm-none-eabi/lib/thumb/v7e-m+fp/hard\libm.a(libm_a-w_pow.o) (finite)
C:/ST/STM32CubeIDE_1.14.1/STM32CubeIDE/plugins/com.st.stm32cube.ide.mcu.externaltools.gnu-tools-for-stm32.11.3.rel1.win32_1.1.100.202309141235/tools/bin/../lib/gcc/arm-none-eabi/11.3.1/../../../../arm-none-eabi/lib/thumb/v7e-m+fp/hard\libm.a(libm_a-e_sqrt.o)
                              C:/ST/STM32CubeIDE_1.14.1/STM32CubeIDE/plugins/com.st.stm32cube.ide.mcu.externaltools.gnu-tools-for-stm32.11.3.rel1.win32_1.1.100.202309141235/tools/bin/../lib/gcc/arm-none-eabi/11.3.1/../../../../arm-none-eabi/lib/thumb/v7e-m+fp/hard\libm.a(libm_a-w_sqrt.o) (__ieee754_sqrt)
C:/ST/STM32CubeIDE_1.14.1/STM32CubeIDE/plugins/com.st.stm32cube.ide.mcu.externaltools.gnu-tools-for-stm32.11.3.rel1.win32_1.1.100.202309141235/tools/bin/../lib/gcc/arm-none-eabi/11.3.1/../../../../arm-none-eabi/lib/thumb/v7e-m+fp/hard\libm.a(libm_a-k_cos.o)
                              C:/ST/STM32CubeIDE_1.14.1/STM32CubeIDE/plugins/com.st.stm32cube.ide.mcu.externaltools.gnu-tools-for-stm32.11.3.rel1.win32_1.1.100.202309141235/tools/bin/../lib/gcc/arm-none-eabi/11.3.1/../../../../arm-none-eabi/lib/thumb/v7e-m+fp/hard\libm.a(libm_a-s_cos.o) (__kernel_cos)
C:/ST/STM32CubeIDE_1.14.1/STM32CubeIDE/plugins/com.st.stm32cube.ide.mcu.externaltools.gnu-tools-for-stm32.11.3.rel1.win32_1.1.100.202309141235/tools/bin/../lib/gcc/arm-none-eabi/11.3.1/../../../../arm-none-eabi/lib/thumb/v7e-m+fp/hard\libm.a(libm_a-k_sin.o)
                              C:/ST/STM32CubeIDE_1.14.1/STM32CubeIDE/plugins/com.st.stm32cube.ide.mcu.externaltools.gnu-tools-for-stm32.11.3.rel1.win32_1.1.100.202309141235/tools/bin/../lib/gcc/arm-none-eabi/11.3.1/../../../../arm-none-eabi/lib/thumb/v7e-m+fp/hard\libm.a(libm_a-s_cos.o) (__kernel_sin)
C:/ST/STM32CubeIDE_1.14.1/STM32CubeIDE/plugins/com.st.stm32cube.ide.mcu.externaltools.gnu-tools-for-stm32.11.3.rel1.win32_1.1.100.202309141235/tools/bin/../lib/gcc/arm-none-eabi/11.3.1/../../../../arm-none-eabi/lib/thumb/v7e-m+fp/hard\libm.a(libm_a-e_pow.o)
                              C:/ST/STM32CubeIDE_1.14.1/STM32CubeIDE/plugins/com.st.stm32cube.ide.mcu.externaltools.gnu-tools-for-stm32.11.3.rel1.win32_1.1.100.202309141235/tools/bin/../lib/gcc/arm-none-eabi/11.3.1/../../../../arm-none-eabi/lib/thumb/v7e-m+fp/hard\libm.a(libm_a-w_pow.o) (__ieee754_pow)
C:/ST/STM32CubeIDE_1.14.1/STM32CubeIDE/plugins/com.st.stm32cube.ide.mcu.externaltools.gnu-tools-for-stm32.11.3.rel1.win32_1.1.100.202309141235/tools/bin/../lib/gcc/arm-none-eabi/11.3.1/../../../../arm-none-eabi/lib/thumb/v7e-m+fp/hard\libm.a(libm_a-e_rem_pio2.o)
                              C:/ST/STM32CubeIDE_1.14.1/STM32CubeIDE/plugins/com.st.stm32cube.ide.mcu.externaltools.gnu-tools-for-stm32.11.3.rel1.win32_1.1.100.202309141235/tools/bin/../lib/gcc/arm-none-eabi/11.3.1/../../../../arm-none-eabi/lib/thumb/v7e-m+fp/hard\libm.a(libm_a-s_cos.o) (__ieee754_rem_pio2)
C:/ST/STM32CubeIDE_1.14.1/STM32CubeIDE/plugins/com.st.stm32cube.ide.mcu.externaltools.gnu-tools-for-stm32.11.3.rel1.win32_1.1.100.202309141235/tools/bin/../lib/gcc/arm-none-eabi/11.3.1/../../../../arm-none-eabi/lib/thumb/v7e-m+fp/hard\libm.a(libm_a-s_fabs.o)
[...]
Memory Configuration

Name             Origin             Length             Attributes
CCMRAM           0x0000000010000000 0x0000000000010000 xrw
RAM              0x0000000020000000 0x0000000000030000 xrw
FLASH            0x0000000008000000 0x0000000000200000 xr
*default*        0x0000000000000000 0xffffffffffffffff

Linker script and memory map

LOAD C:/ST/STM32CubeIDE_1.14.1/STM32CubeIDE/plugins/com.st.stm32cube.ide.mcu.externaltools.gnu-tools-for-stm32.11.3.rel1.win32_1.1.100.202309141235/tools/bin/../lib/gcc/arm-none-eabi/11.3.1/thumb/v7e-m+fp/hard/crti.o
LOAD C:/ST/STM32CubeIDE_1.14.1/STM32CubeIDE/plugins/com.st.stm32cube.ide.mcu.externaltools.gnu-tools-for-stm32.11.3.rel1.win32_1.1.100.202309141235/tools/bin/../lib/gcc/arm-none-eabi/11.3.1/thumb/v7e-m+fp/hard/crtbegin.o
LOAD C:/ST/STM32CubeIDE_1.14.1/STM32CubeIDE/plugins/com.st.stm32cube.ide.mcu.externaltools.gnu-tools-for-stm32.11.3.rel1.win32_1.1.100.202309141235/tools/bin/../lib/gcc/arm-none-eabi/11.3.1/../../../../arm-none-eabi/lib/thumb/v7e-m+fp/hard/crt0.o
LOAD ./Core/Src/bno055.o
LOAD ./Core/Src/freertos.o
LOAD ./Core/Src/i2c-lcd.o
LOAD ./Core/Src/kin.o
LOAD ./Core/Src/main.o
LOAD ./Core/Src/rosHandler.o
LOAD ./Core/Src/stm32f4xx_hal_msp.o
LOAD ./Core/Src/stm32f4xx_hal_timebase_tim.o
LOAD ./Core/Src/stm32f4xx_it.o
LOAD ./Core/Src/syscalls.o
LOAD ./Core/Src/sysmem.o
LOAD ./Core/Src/system_stm32f4xx.o
LOAD ./Core/Src/time.o
LOAD ./Core/Startup/startup_stm32f429zitx.o
LOAD ./Drivers/STM32F4xx_HAL_Driver/Src/stm32f4xx_hal.o
LOAD ./Drivers/STM32F4xx_HAL_Driver/Src/stm32f4xx_hal_cortex.o
LOAD ./Drivers/STM32F4xx_HAL_Driver/Src/stm32f4xx_hal_dma.o
LOAD ./Drivers/STM32F4xx_HAL_Driver/Src/stm32f4xx_hal_dma_ex.o
LOAD ./Drivers/STM32F4xx_HAL_Driver/Src/stm32f4xx_hal_exti.o
LOAD ./Drivers/STM32F4xx_HAL_Driver/Src/stm32f4xx_hal_flash.o
LOAD ./Drivers/STM32F4xx_HAL_Driver/Src/stm32f4xx_hal_flash_ex.o
LOAD ./Drivers/STM32F4xx_HAL_Driver/Src/stm32f4xx_hal_flash_ramfunc.o
LOAD ./Drivers/STM32F4xx_HAL_Driver/Src/stm32f4xx_hal_gpio.o
LOAD ./Drivers/STM32F4xx_HAL_Driver/Src/stm32f4xx_hal_i2c.o
LOAD ./Drivers/STM32F4xx_HAL_Driver/Src/stm32f4xx_hal_i2c_ex.o
LOAD ./Drivers/STM32F4xx_HAL_Driver/Src/stm32f4xx_hal_pwr.o
LOAD ./Drivers/STM32F4xx_HAL_Driver/Src/stm32f4xx_hal_pwr_ex.o
LOAD ./Drivers/STM32F4xx_HAL_Driver/Src/stm32f4xx_hal_rcc.o
LOAD ./Drivers/STM32F4xx_HAL_Driver/Src/stm32f4xx_hal_rcc_ex.o
LOAD ./Drivers/STM32F4xx_HAL_Driver/Src/stm32f4xx_hal_tim.o
LOAD ./Drivers/STM32F4xx_HAL_Driver/Src/stm32f4xx_hal_tim_ex.o
LOAD ./Drivers/STM32F4xx_HAL_Driver/Src/stm32f4xx_hal_uart.o
LOAD ./Middlewares/Third_Party/FreeRTOS/Source/CMSIS_RTOS_V2/cmsis_os2.o
LOAD ./Middlewares/Third_Party/FreeRTOS/Source/croutine.o
LOAD ./Middlewares/Third_Party/FreeRTOS/Source/event_groups.o
LOAD ./Middlewares/Third_Party/FreeRTOS/Source/list.o
LOAD ./Middlewares/Third_Party/FreeRTOS/Source/queue.o
LOAD ./Middlewares/Third_Party/FreeRTOS/Source/stream_buffer.o
LOAD ./Middlewares/Third_Party/FreeRTOS/Source/tasks.o
LOAD ./Middlewares/Third_Party/FreeRTOS/Source/timers.o
LOAD ./Middlewares/Third_Party/FreeRTOS/Source/portable/GCC/ARM_CM4F/port.o
LOAD ./Middlewares/Third_Party/FreeRTOS/Source/portable/MemMang/heap_4.o
START GROUP
LOAD C:/ST/STM32CubeIDE_1.14.1/STM32CubeIDE/plugins/com.st.stm32cube.ide.mcu.externaltools.gnu-tools-for-stm32.11.3.rel1.win32_1.1.100.202309141235/tools/bin/../lib/gcc/arm-none-eabi/11.3.1/../../../../arm-none-eabi/lib/thumb/v7e-m+fp/hard\libstdc++_nano.a
LOAD C:/ST/STM32CubeIDE_1.14.1/STM32CubeIDE/plugins/com.st.stm32cube.ide.mcu.externaltools.gnu-tools-for-stm32.11.3.rel1.win32_1.1.100.202309141235/tools/bin/../lib/gcc/arm-none-eabi/11.3.1/../../../../arm-none-eabi/lib/thumb/v7e-m+fp/hard\libsupc++_nano.a
END GROUP
LOAD C:/ST/STM32CubeIDE_1.14.1/STM32CubeIDE/plugins/com.st.stm32cube.ide.mcu.externaltools.gnu-tools-for-stm32.11.3.rel1.win32_1.1.100.202309141235/tools/bin/../lib/gcc/arm-none-eabi/11.3.1/../../../../arm-none-eabi/lib/thumb/v7e-m+fp/hard\libstdc++_nano.a
LOAD C:/ST/STM32CubeIDE_1.14.1/STM32CubeIDE/plugins/com.st.stm32cube.ide.mcu.externaltools.gnu-tools-for-stm32.11.3.rel1.win32_1.1.100.202309141235/tools/bin/../lib/gcc/arm-none-eabi/11.3.1/../../../../arm-none-eabi/lib/thumb/v7e-m+fp/hard\libm.a
LOAD C:/ST/STM32CubeIDE_1.14.1/STM32CubeIDE/plugins/com.st.stm32cube.ide.mcu.externaltools.gnu-tools-for-stm32.11.3.rel1.win32_1.1.100.202309141235/tools/bin/../lib/gcc/arm-none-eabi/11.3.1/../../../../arm-none-eabi/lib/thumb/v7e-m+fp/hard\libc_nano.a
START GROUP
LOAD C:/ST/STM32CubeIDE_1.14.1/STM32CubeIDE/plugins/com.st.stm32cube.ide.mcu.externaltools.gnu-tools-for-stm32.11.3.rel1.win32_1.1.100.202309141235/tools/bin/../lib/gcc/arm-none-eabi/11.3.1/thumb/v7e-m+fp/hard\libgcc.a
LOAD C:/ST/STM32CubeIDE_1.14.1/STM32CubeIDE/plugins/com.st.stm32cube.ide.mcu.externaltools.gnu-tools-for-stm32.11.3.rel1.win32_1.1.100.202309141235/tools/bin/../lib/gcc/arm-none-eabi/11.3.1/../../../../arm-none-eabi/lib/thumb/v7e-m+fp/hard\libc_nano.a
END GROUP
START GROUP
LOAD C:/ST/STM32CubeIDE_1.14.1/STM32CubeIDE/plugins/com.st.stm32cube.ide.mcu.externaltools.gnu-tools-for-stm32.11.3.rel1.win32_1.1.100.202309141235/tools/bin/../lib/gcc/arm-none-eabi/11.3.1/thumb/v7e-m+fp/hard\libgcc.a
LOAD C:/ST/STM32CubeIDE_1.14.1/STM32CubeIDE/plugins/com.st.stm32cube.ide.mcu.externaltools.gnu-tools-for-stm32.11.3.rel1.win32_1.1.100.202309141235/tools/bin/../lib/gcc/arm-none-eabi/11.3.1/../../../../arm-none-eabi/lib/thumb/v7e-m+fp/hard\libc_nano.a
LOAD C:/ST/STM32CubeIDE_1.14.1/STM32CubeIDE/plugins/com.st.stm32cube.ide.mcu.externaltools.gnu-tools-for-stm32.11.3.rel1.win32_1.1.100.202309141235/tools/bin/../lib/gcc/arm-none-eabi/11.3.1/../../../../arm-none-eabi/lib/thumb/v7e-m+fp/hard\libnosys.a
END GROUP
START GROUP
LOAD C:/ST/STM32CubeIDE_1.14.1/STM32CubeIDE/plugins/com.st.stm32cube.ide.mcu.externaltools.gnu-tools-for-stm32.11.3.rel1.win32_1.1.100.202309141235/tools/bin/../lib/gcc/arm-none-eabi/11.3.1/thumb/v7e-m+fp/hard\libgcc.a
LOAD C:/ST/STM32CubeIDE_1.14.1/STM32CubeIDE/plugins/com.st.stm32cube.ide.mcu.externaltools.gnu-tools-for-stm32.11.3.rel1.win32_1.1.100.202309141235/tools/bin/../lib/gcc/arm-none-eabi/11.3.1/../../../../arm-none-eabi/lib/thumb/v7e-m+fp/hard\libc_nano.a
LOAD C:/ST/STM32CubeIDE_1.14.1/STM32CubeIDE/plugins/com.st.stm32cube.ide.mcu.externaltools.gnu-tools-for-stm32.11.3.rel1.win32_1.1.100.202309141235/tools/bin/../lib/gcc/arm-none-eabi/11.3.1/../../../../arm-none-eabi/lib/thumb/v7e-m+fp/hard\libnosys.a
END GROUP
LOAD C:/ST/STM32CubeIDE_1.14.1/STM32CubeIDE/plugins/com.st.stm32cube.ide.mcu.externaltools.gnu-tools-for-stm32.11.3.rel1.win32_1.1.100.202309141235/tools/bin/../lib/gcc/arm-none-eabi/11.3.1/thumb/v7e-m+fp/hard/crtend.o
LOAD C:/ST/STM32CubeIDE_1.14.1/STM32CubeIDE/plugins/com.st.stm32cube.ide.mcu.externaltools.gnu-tools-for-stm32.11.3.rel1.win32_1.1.100.202309141235/tools/bin/../lib/gcc/arm-none-eabi/11.3.1/thumb/v7e-m+fp/hard/crtn.o
                0x0000000020030000                _estack = (ORIGIN (RAM) + LENGTH (RAM))
                0x0000000000000200                _Min_Heap_Size = 0x200
                0x0000000000000400                _Min_Stack_Size = 0x400

.isr_vector     0x0000000008000000      0x1ac
                0x0000000008000000                . = ALIGN (0x4)
 *(.isr_vector)
 .isr_vector    0x0000000008000000      0x1ac ./Core/Startup/startup_stm32f429zitx.o
                0x0000000008000000                g_pfnVectors
                0x00000000080001ac                . = ALIGN (0x4)

.text           0x00000000080001b0    0x14c78
                0x00000000080001b0                . = ALIGN (0x4)
 *(.text)
 .text          0x00000000080001b0       0x40 C:/ST/STM32CubeIDE_1.14.1/STM32CubeIDE/plugins/com.st.stm32cube.ide.mcu.externaltools.gnu-tools-for-stm32.11.3.rel1.win32_1.1.100.202309141235/tools/bin/../lib/gcc/arm-none-eabi/11.3.1/thumb/v7e-m+fp/hard/crtbegin.o
 .text          0x00000000080001f0       0xa0 C:/ST/STM32CubeIDE_1.14.1/STM32CubeIDE/plugins/com.st.stm32cube.ide.mcu.externaltools.gnu-tools-for-stm32.11.3.rel1.win32_1.1.100.202309141235/tools/bin/../lib/gcc/arm-none-eabi/11.3.1/../../../../arm-none-eabi/lib/thumb/v7e-m+fp/hard\libc_nano.a(libc_a-memchr.o)
                0x00000000080001f0                memchr
 .text          0x0000000008000290       0x10 C:/ST/STM32CubeIDE_1.14.1/STM32CubeIDE/plugins/com.st.stm32cube.ide.mcu.externaltools.gnu-tools-for-stm32.11.3.rel1.win32_1.1.100.202309141235/tools/bin/../lib/gcc/arm-none-eabi/11.3.1/../../../../arm-none-eabi/lib/thumb/v7e-m+fp/hard\libc_nano.a(libc_a-strlen.o)
                0x0000000008000290                strlen
 .text          0x00000000080002a0      0x378 C:/ST/STM32CubeIDE_1.14.1/STM32CubeIDE/plugins/com.st.stm32cube.ide.mcu.externaltools.gnu-tools-for-stm32.11.3.rel1.win32_1.1.100.202309141235/tools/bin/../lib/gcc/arm-none-eabi/11.3.1/thumb/v7e-m+fp/hard\libgcc.a(_arm_addsubdf3.o)
                0x00000000080002a0                __aeabi_drsub
                0x00000000080002a8                __aeabi_dsub
                0x00000000080002a8                __subdf3
                0x00000000080002ac                __aeabi_dadd
                0x00000000080002ac                __adddf3
                0x0000000008000524                __floatunsidf
                0x0000000008000524                __aeabi_ui2d
                0x0000000008000544                __floatsidf
                0x0000000008000544                __aeabi_i2d
                0x0000000008000568                __aeabi_f2d
                0x0000000008000568                __extendsfdf2
                0x00000000080005ac                __floatundidf
                0x00000000080005ac                __aeabi_ul2d
                0x00000000080005bc                __floatdidf
                0x00000000080005bc                __aeabi_l2d
 .text          0x0000000008000618      0x424 C:/ST/STM32CubeIDE_1.14.1/STM32CubeIDE/plugins/com.st.stm32cube.ide.mcu.externaltools.gnu-tools-for-stm32.11.3.rel1.win32_1.1.100.202309141235/tools/bin/../lib/gcc/arm-none-eabi/11.3.1/thumb/v7e-m+fp/hard\libgcc.a(_arm_muldivdf3.o)
                0x0000000008000618                __aeabi_dmul
                0x0000000008000618                __muldf3
                0x000000000800086c                __divdf3
                0x000000000800086c                __aeabi_ddiv
 .text          0x0000000008000a3c      0x110 C:/ST/STM32CubeIDE_1.14.1/STM32CubeIDE/plugins/com.st.stm32cube.ide.mcu.externaltools.gnu-tools-for-stm32.11.3.rel1.win32_1.1.100.202309141235/tools/bin/../lib/gcc/arm-none-eabi/11.3.1/thumb/v7e-m+fp/hard\libgcc.a(_arm_cmpdf2.o)
                0x0000000008000a3c                __gtdf2
                0x0000000008000a3c                __gedf2
                0x0000000008000a44                __ltdf2
                0x0000000008000a44                __ledf2
                0x0000000008000a4c                __nedf2
                0x0000000008000a4c                __eqdf2
                0x0000000008000a4c                __cmpdf2
                0x0000000008000ac8                __aeabi_cdrcmple
                0x0000000008000ad8                __aeabi_cdcmpeq
                0x0000000008000ad8                __aeabi_cdcmple
                0x0000000008000ae8                __aeabi_dcmpeq
                0x0000000008000afc                __aeabi_dcmplt
                0x0000000008000b10                __aeabi_dcmple
                0x0000000008000b24                __aeabi_dcmpge
                0x0000000008000b38                __aeabi_dcmpgt
 .text          0x0000000008000b4c       0x2c C:/ST/STM32CubeIDE_1.14.1/STM32CubeIDE/plugins/com.st.stm32cube.ide.mcu.externaltools.gnu-tools-for-stm32.11.3.rel1.win32_1.1.100.202309141235/tools/bin/../lib/gcc/arm-none-eabi/11.3.1/thumb/v7e-m+fp/hard\libgcc.a(_arm_unorddf2.o)
                0x0000000008000b4c                __unorddf2
                0x0000000008000b4c                __aeabi_dcmpun
 .text          0x0000000008000b78       0x50 C:/ST/STM32CubeIDE_1.14.1/STM32CubeIDE/plugins/com.st.stm32cube.ide.mcu.externaltools.gnu-tools-for-stm32.11.3.rel1.win32_1.1.100.202309141235/tools/bin/../lib/gcc/arm-none-eabi/11.3.1/thumb/v7e-m+fp/hard\libgcc.a(_arm_fixdfsi.o)
                0x0000000008000b78                __aeabi_d2iz
                0x0000000008000b78                __fixdfsi
 .text          0x0000000008000bc8       0xa0 C:/ST/STM32CubeIDE_1.14.1/STM32CubeIDE/plugins/com.st.stm32cube.ide.mcu.externaltools.gnu-tools-for-stm32.11.3.rel1.win32_1.1.100.202309141235/tools/bin/../lib/gcc/arm-none-eabi/11.3.1/thumb/v7e-m+fp/hard\libgcc.a(_arm_truncdfsf2.o)
                0x0000000008000bc8                __truncdfsf2
                0x0000000008000bc8                __aeabi_d2f
 .text          0x0000000008000c68       0x30 C:/ST/STM32CubeIDE_1.14.1/STM32CubeIDE/plugins/com.st.stm32cube.ide.mcu.externaltools.gnu-tools-for-stm32.11.3.rel1.win32_1.1.100.202309141235/tools/bin/../lib/gcc/arm-none-eabi/11.3.1/thumb/v7e-m+fp/hard\libgcc.a(_aeabi_uldivmod.o)
                0x0000000008000c68                __aeabi_uldivmod
 .text          0x0000000008000c98      0x2c8 C:/ST/STM32CubeIDE_1.14.1/STM32CubeIDE/plugins/com.st.stm32cube.ide.mcu.externaltools.gnu-tools-for-stm32.11.3.rel1.win32_1.1.100.202309141235/tools/bin/../lib/gcc/arm-none-eabi/11.3.1/thumb/v7e-m+fp/hard\libgcc.a(_udivmoddi4.o)
                0x0000000008000c98                __udivmoddi4
 .text          0x0000000008000f60        0x4 C:/ST/STM32CubeIDE_1.14.1/STM32CubeIDE/plugins/com.st.stm32cube.ide.mcu.externaltools.gnu-tools-for-stm32.11.3.rel1.win32_1.1.100.202309141235/tools/bin/../lib/gcc/arm-none-eabi/11.3.1/thumb/v7e-m+fp/hard\libgcc.a(_dvmd_tls.o)
                0x0000000008000f60                __aeabi_idiv0
                0x0000000008000f60                __aeabi_ldiv0
 *(.text*)
 .text.bno055_setPage
                0x0000000008000f64       0x1c ./Core/Src/bno055.o
                0x0000000008000f64                bno055_setPage
 .text.bno055_setOperationMode
                0x0000000008000f80       0x30 ./Core/Src/bno055.o
                0x0000000008000f80                bno055_setOperationMode
 .text.bno055_setOperationModeConfig
                0x0000000008000fb0        0xe ./Core/Src/bno055.o
                0x0000000008000fb0                bno055_setOperationModeConfig
 .text.bno055_setOperationModeNDOF
                0x0000000008000fbe        0xe ./Core/Src/bno055.o
                0x0000000008000fbe                bno055_setOperationModeNDOF
 .text.bno055_reset
                0x0000000008000fcc       0x18 ./Core/Src/bno055.o
                0x0000000008000fcc                bno055_reset
 .text.bno055_setup
                0x0000000008000fe4       0x50 ./Core/Src/bno055.o
                0x0000000008000fe4                bno055_setup
 .text.bno055_getVector
                0x0000000008001034      0x288 ./Core/Src/bno055.o
                0x0000000008001034                bno055_getVector
 .text.bno055_getVectorEuler
                0x00000000080012bc       0x86 ./Core/Src/bno055.o
                0x00000000080012bc                bno055_getVectorEuler
 .text.bno055_getVectorLinearAccel
                0x0000000008001342       0x86 ./Core/Src/bno055.o
                0x0000000008001342                bno055_getVectorLinearAccel
 .text.bno055_getVectorQuaternion
                0x00000000080013c8       0x86 ./Core/Src/bno055.o
                0x00000000080013c8                bno055_getVectorQuaternion
 *fill*         0x000000000800144e        0x2 
 .text.lcd_send_cmd
                0x0000000008001450       0x60 ./Core/Src/i2c-lcd.o
                0x0000000008001450                lcd_send_cmd
 .text.lcd_send_data
                0x00000000080014b0       0x60 ./Core/Src/i2c-lcd.o
                0x00000000080014b0                lcd_send_data
 .text.lcd_clear
                0x0000000008001510       0x2e ./Core/Src/i2c-lcd.o
                0x0000000008001510                lcd_clear
 .text.lcd_init
                0x000000000800153e       0x7a ./Core/Src/i2c-lcd.o
                0x000000000800153e                lcd_init
 .text.lcd_send_string
                0x00000000080015b8       0x2a ./Core/Src/i2c-lcd.o
                0x00000000080015b8                lcd_send_string
 *fill*         0x00000000080015e2        0x2 
 .text.Lcd_send_int
                0x00000000080015e4       0x2c ./Core/Src/i2c-lcd.o
                0x00000000080015e4                Lcd_send_int
 .text.ForwardKin
                0x0000000008001610      0x50c ./Core/Src/kin.o
                0x0000000008001610                ForwardKin
 .text._ZSt3powIfiEN9__gnu_cxx11__promote_2IT_T0_NS0_9__promoteIS2_XsrSt12__is_integerIS2_E7__valueEE6__typeENS4_IS3_XsrS5_IS3_E7__valueEE6__typeEE6__typeES2_S3_
                0x0000000008001b1c       0x42 ./Core/Src/kin.o
                0x0000000008001b1c                __gnu_cxx::__promote_2<float, int, __gnu_cxx::__promote<float, std::__is_integer<float>::__value>::__type, __gnu_cxx::__promote<int, std::__is_integer<int>::__value>::__type>::__type std::pow<float, int>(float, int)
 *fill*         0x0000000008001b5e        0x2 
 .text.InverseKin
                0x0000000008001b60      0x110 ./Core/Src/kin.o
                0x0000000008001b60                InverseKin
 .text.kinMotor_V3
                0x0000000008001c70      0x770 ./Core/Src/kin.o
                0x0000000008001c70                kinMotor_V3
 .text.kinMotor
                0x00000000080023e0      0x280 ./Core/Src/kin.o
                0x00000000080023e0                kinMotor
 .text.bno055_assignI2C
                0x0000000008002660       0x20 ./Core/Src/main.o
                0x0000000008002660                bno055_assignI2C
 .text.bno055_delay
                0x0000000008002680       0x18 ./Core/Src/main.o
                0x0000000008002680                bno055_delay
 .text.bno055_writeData
                0x0000000008002698      0x1d8 ./Core/Src/main.o
                0x0000000008002698                bno055_writeData
 .text.bno055_readData
                0x0000000008002870       0x44 ./Core/Src/main.o
                0x0000000008002870                bno055_readData
 .text.main     0x00000000080028b4       0xb0 ./Core/Src/main.o
                0x00000000080028b4                main
 .text.SystemClock_Config
                0x0000000008002964       0xd4 ./Core/Src/main.o
                0x0000000008002964                SystemClock_Config
 .text.MX_I2C1_Init
                0x0000000008002a38       0x80 ./Core/Src/main.o
 .text.MX_I2C2_Init
                0x0000000008002ab8       0x80 ./Core/Src/main.o
 .text.MX_TIM1_Init
                0x0000000008002b38      0x188 ./Core/Src/main.o
 .text.MX_TIM3_Init
                0x0000000008002cc0      0x130 ./Core/Src/main.o
 .text.MX_TIM13_Init
                0x0000000008002df0       0x48 ./Core/Src/main.o
 .text.MX_USART3_UART_Init
                0x0000000008002e38       0x54 ./Core/Src/main.o
 .text.MX_DMA_Init
                0x0000000008002e8c       0x70 ./Core/Src/main.o
 .text.MX_GPIO_Init
                0x0000000008002efc      0x1e4 ./Core/Src/main.o
 .text.imuCallback
                0x00000000080030e0       0x68 ./Core/Src/main.o
                0x00000000080030e0                imuCallback
 .text.initializeMotor
                0x0000000008003148       0x84 ./Core/Src/main.o
                0x0000000008003148                initializeMotor
 .text.setPwm   0x00000000080031cc      0x16c ./Core/Src/main.o
                0x00000000080031cc                setPwm
 .text.HAL_GPIO_EXTI_Callback
                0x0000000008003338      0x3c8 ./Core/Src/main.o
                0x0000000008003338                HAL_GPIO_EXTI_Callback
 .text.StartDefaultTask
                0x0000000008003700       0xec ./Core/Src/main.o
                0x0000000008003700                StartDefaultTask
 .text.commTask
                0x00000000080037ec       0x18 ./Core/Src/main.o
                0x00000000080037ec                commTask
 .text.ImuTask_Function
                0x0000000008003804      0x1d4 ./Core/Src/main.o
                0x0000000008003804                ImuTask_Function
 .text.GUI_Task
                0x00000000080039d8      0x14c ./Core/Src/main.o
                0x00000000080039d8                GUI_Task
 .text.HAL_TIM_PeriodElapsedCallback
                0x0000000008003b24       0x80 ./Core/Src/main.o
                0x0000000008003b24                HAL_TIM_PeriodElapsedCallback
 .text.Error_Handler
                0x0000000008003ba4        0xa ./Core/Src/main.o
                0x0000000008003ba4                Error_Handler
 .text._ZN3ros4TimeC2Ev
                0x0000000008003bae       0x22 ./Core/Src/rosHandler.o
                0x0000000008003bae                ros::Time::Time()
                0x0000000008003bae                ros::Time::Time()
 .text._ZN3ros3MsgC2Ev
                0x0000000008003bd0       0x20 ./Core/Src/rosHandler.o
                0x0000000008003bd0                ros::Msg::Msg()
                0x0000000008003bd0                ros::Msg::Msg()
 .text._ZN8std_msgs4TimeC2Ev
                0x0000000008003bf0       0x30 ./Core/Src/rosHandler.o
                0x0000000008003bf0                std_msgs::Time::Time()
                0x0000000008003bf0                std_msgs::Time::Time()
 .text._ZNK8std_msgs4Time9serializeEPh
                0x0000000008003c20       0xb0 ./Core/Src/rosHandler.o
                0x0000000008003c20                std_msgs::Time::serialize(unsigned char*) const
 .text._ZN8std_msgs4Time11deserializeEPh
                0x0000000008003cd0       0xc8 ./Core/Src/rosHandler.o
                0x0000000008003cd0                std_msgs::Time::deserialize(unsigned char*)
 .text._ZN8std_msgs4Time7getTypeEv
                0x0000000008003d98       0x1c ./Core/Src/rosHandler.o
                0x0000000008003d98                std_msgs::Time::getType()
 .text._ZN8std_msgs4Time6getMD5Ev
                0x0000000008003db4       0x1c ./Core/Src/rosHandler.o
                0x0000000008003db4                std_msgs::Time::getMD5()
 .text._ZN14rosserial_msgs9TopicInfoC2Ev
                0x0000000008003dd0       0x48 ./Core/Src/rosHandler.o
                0x0000000008003dd0                rosserial_msgs::TopicInfo::TopicInfo()
                0x0000000008003dd0                rosserial_msgs::TopicInfo::TopicInfo()
 .text._ZNK14rosserial_msgs9TopicInfo9serializeEPh
                0x0000000008003e18      0x136 ./Core/Src/rosHandler.o
                0x0000000008003e18                rosserial_msgs::TopicInfo::serialize(unsigned char*) const
 .text._ZN14rosserial_msgs9TopicInfo11deserializeEPh
                0x0000000008003f4e      0x1d0 ./Core/Src/rosHandler.o
                0x0000000008003f4e                rosserial_msgs::TopicInfo::deserialize(unsigned char*)
 *fill*         0x000000000800411e        0x2 
 .text._ZN14rosserial_msgs9TopicInfo7getTypeEv
                0x0000000008004120       0x1c ./Core/Src/rosHandler.o
                0x0000000008004120                rosserial_msgs::TopicInfo::getType()
 .text._ZN14rosserial_msgs9TopicInfo6getMD5Ev
                0x000000000800413c       0x1c ./Core/Src/rosHandler.o
                0x000000000800413c                rosserial_msgs::TopicInfo::getMD5()
 .text._ZN14rosserial_msgs3LogC2Ev
                0x0000000008004158       0x34 ./Core/Src/rosHandler.o
                0x0000000008004158                rosserial_msgs::Log::Log()
                0x0000000008004158                rosserial_msgs::Log::Log()
 .text._ZNK14rosserial_msgs3Log9serializeEPh
                0x000000000800418c       0x64 ./Core/Src/rosHandler.o
                0x000000000800418c                rosserial_msgs::Log::serialize(unsigned char*) const
 .text._ZN14rosserial_msgs3Log11deserializeEPh
                0x00000000080041f0       0x90 ./Core/Src/rosHandler.o
                0x00000000080041f0                rosserial_msgs::Log::deserialize(unsigned char*)
 .text._ZN14rosserial_msgs3Log7getTypeEv
                0x0000000008004280       0x1c ./Core/Src/rosHandler.o
                0x0000000008004280                rosserial_msgs::Log::getType()
 .text._ZN14rosserial_msgs3Log6getMD5Ev
                0x000000000800429c       0x1c ./Core/Src/rosHandler.o
                0x000000000800429c                rosserial_msgs::Log::getMD5()
 .text._ZN14rosserial_msgs20RequestParamResponseC2Ev
                0x00000000080042b8       0x5c ./Core/Src/rosHandler.o
                0x00000000080042b8                rosserial_msgs::RequestParamResponse::RequestParamResponse()
                0x00000000080042b8                rosserial_msgs::RequestParamResponse::RequestParamResponse()
 .text._ZNK14rosserial_msgs20RequestParamResponse9serializeEPh
                0x0000000008004314      0x222 ./Core/Src/rosHandler.o
                0x0000000008004314                rosserial_msgs::RequestParamResponse::serialize(unsigned char*) const
 .text._ZN14rosserial_msgs20RequestParamResponse11deserializeEPh
                0x0000000008004536      0x2e2 ./Core/Src/rosHandler.o
                0x0000000008004536                rosserial_msgs::RequestParamResponse::deserialize(unsigned char*)
 .text._ZN14rosserial_msgs20RequestParamResponse7getTypeEv
                0x0000000008004818       0x1c ./Core/Src/rosHandler.o
                0x0000000008004818                rosserial_msgs::RequestParamResponse::getType()
 .text._ZN14rosserial_msgs20RequestParamResponse6getMD5Ev
                0x0000000008004834       0x1c ./Core/Src/rosHandler.o
                0x0000000008004834                rosserial_msgs::RequestParamResponse::getMD5()
 .text._ZN3ros9PublisherC2EPKcPNS_3MsgEi
                0x0000000008004850       0x2e ./Core/Src/rosHandler.o
                0x0000000008004850                ros::Publisher::Publisher(char const*, ros::Msg*, int)
                0x0000000008004850                ros::Publisher::Publisher(char const*, ros::Msg*, int)
 .text._ZN3ros9Publisher7publishEPKNS_3MsgE
                0x000000000800487e       0x28 ./Core/Src/rosHandler.o
                0x000000000800487e                ros::Publisher::publish(ros::Msg const*)
 .text._ZN3ros9Publisher15getEndpointTypeEv
                0x00000000080048a6       0x18 ./Core/Src/rosHandler.o
                0x00000000080048a6                ros::Publisher::getEndpointType()
 .text._ZN13STM32Hardware10getRdmaIndEv
                0x00000000080048be       0x26 ./Core/Src/rosHandler.o
                0x00000000080048be                STM32Hardware::getRdmaInd()
 .text._ZN13STM32HardwareC2Ev
                0x00000000080048e4       0x38 ./Core/Src/rosHandler.o
                0x00000000080048e4                STM32Hardware::STM32Hardware()
                0x00000000080048e4                STM32Hardware::STM32Hardware()
 .text._ZN13STM32Hardware4initEv
                0x000000000800491c       0x16 ./Core/Src/rosHandler.o
                0x000000000800491c                STM32Hardware::init()
 .text._ZN13STM32Hardware10reset_rbufEv
                0x0000000008004932       0x22 ./Core/Src/rosHandler.o
                0x0000000008004932                STM32Hardware::reset_rbuf()
 .text._ZN13STM32Hardware4readEv
                0x0000000008004954       0x5a ./Core/Src/rosHandler.o
                0x0000000008004954                STM32Hardware::read()
 *fill*         0x00000000080049ae        0x2 
 .text._ZN13STM32Hardware5flushEv
                0x00000000080049b0       0xbc ./Core/Src/rosHandler.o
                0x00000000080049b0                STM32Hardware::flush()
 .text._ZN13STM32Hardware5writeEPhi
                0x0000000008004a6c       0x8c ./Core/Src/rosHandler.o
                0x0000000008004a6c                STM32Hardware::write(unsigned char*, int)
 .text._ZN13STM32Hardware4timeEv
                0x0000000008004af8       0x16 ./Core/Src/rosHandler.o
                0x0000000008004af8                STM32Hardware::time()
 *fill*         0x0000000008004b0e        0x2 
 .text._ZN13geometry_msgs10QuaternionC2Ev
                0x0000000008004b10       0x5c ./Core/Src/rosHandler.o
                0x0000000008004b10                geometry_msgs::Quaternion::Quaternion()
                0x0000000008004b10                geometry_msgs::Quaternion::Quaternion()
 .text._ZNK13geometry_msgs10Quaternion9serializeEPh
                0x0000000008004b6c      0x3d4 ./Core/Src/rosHandler.o
                0x0000000008004b6c                geometry_msgs::Quaternion::serialize(unsigned char*) const
 .text._ZN13geometry_msgs10Quaternion11deserializeEPh
                0x0000000008004f40      0x914 ./Core/Src/rosHandler.o
                0x0000000008004f40                geometry_msgs::Quaternion::deserialize(unsigned char*)
 .text._ZN13geometry_msgs10Quaternion7getTypeEv
                0x0000000008005854       0x1c ./Core/Src/rosHandler.o
                0x0000000008005854                geometry_msgs::Quaternion::getType()
 .text._ZN13geometry_msgs10Quaternion6getMD5Ev
                0x0000000008005870       0x1c ./Core/Src/rosHandler.o
                0x0000000008005870                geometry_msgs::Quaternion::getMD5()
 .text._ZN13geometry_msgs7Vector3C2Ev
                0x000000000800588c       0x50 ./Core/Src/rosHandler.o
                0x000000000800588c                geometry_msgs::Vector3::Vector3()
                0x000000000800588c                geometry_msgs::Vector3::Vector3()
 .text._ZNK13geometry_msgs7Vector39serializeEPh
                0x00000000080058dc      0x2e6 ./Core/Src/rosHandler.o
                0x00000000080058dc                geometry_msgs::Vector3::serialize(unsigned char*) const
 .text._ZN13geometry_msgs7Vector311deserializeEPh
                0x0000000008005bc2      0x6be ./Core/Src/rosHandler.o
                0x0000000008005bc2                geometry_msgs::Vector3::deserialize(unsigned char*)
 .text._ZN13geometry_msgs7Vector37getTypeEv
                0x0000000008006280       0x1c ./Core/Src/rosHandler.o
                0x0000000008006280                geometry_msgs::Vector3::getType()
 .text._ZN13geometry_msgs7Vector36getMD5Ev
                0x000000000800629c       0x1c ./Core/Src/rosHandler.o
                0x000000000800629c                geometry_msgs::Vector3::getMD5()
 .text._ZN8std_msgs7Float32C2Ev
                0x00000000080062b8       0x2c ./Core/Src/rosHandler.o
                0x00000000080062b8                std_msgs::Float32::Float32()
                0x00000000080062b8                std_msgs::Float32::Float32()
 .text._ZNK8std_msgs7Float329serializeEPh
                0x00000000080062e4       0x64 ./Core/Src/rosHandler.o
                0x00000000080062e4                std_msgs::Float32::serialize(unsigned char*) const
 .text._ZN8std_msgs7Float3211deserializeEPh
                0x0000000008006348       0x70 ./Core/Src/rosHandler.o
                0x0000000008006348                std_msgs::Float32::deserialize(unsigned char*)
 .text._ZN8std_msgs7Float327getTypeEv
                0x00000000080063b8       0x1c ./Core/Src/rosHandler.o
                0x00000000080063b8                std_msgs::Float32::getType()
 .text._ZN8std_msgs7Float326getMD5Ev
                0x00000000080063d4       0x1c ./Core/Src/rosHandler.o
                0x00000000080063d4                std_msgs::Float32::getMD5()
 .text._ZN8std_msgs19MultiArrayDimensionC2Ev
                0x00000000080063f0       0x3c ./Core/Src/rosHandler.o
                0x00000000080063f0                std_msgs::MultiArrayDimension::MultiArrayDimension()
                0x00000000080063f0                std_msgs::MultiArrayDimension::MultiArrayDimension()
 .text._ZNK8std_msgs19MultiArrayDimension9serializeEPh
                0x000000000800642c       0xe6 ./Core/Src/rosHandler.o
                0x000000000800642c                std_msgs::MultiArrayDimension::serialize(unsigned char*) const
 .text._ZN8std_msgs19MultiArrayDimension11deserializeEPh
                0x0000000008006512      0x12a ./Core/Src/rosHandler.o
                0x0000000008006512                std_msgs::MultiArrayDimension::deserialize(unsigned char*)
 .text._ZN8std_msgs19MultiArrayDimension7getTypeEv
                0x000000000800663c       0x1c ./Core/Src/rosHandler.o
                0x000000000800663c                std_msgs::MultiArrayDimension::getType()
 .text._ZN8std_msgs19MultiArrayDimension6getMD5Ev
                0x0000000008006658       0x1c ./Core/Src/rosHandler.o
                0x0000000008006658                std_msgs::MultiArrayDimension::getMD5()
 .text._ZN8std_msgs16MultiArrayLayoutC2Ev
                0x0000000008006674       0x40 ./Core/Src/rosHandler.o
                0x0000000008006674                std_msgs::MultiArrayLayout::MultiArrayLayout()
                0x0000000008006674                std_msgs::MultiArrayLayout::MultiArrayLayout()
 .text._ZNK8std_msgs16MultiArrayLayout9serializeEPh
                0x00000000080066b4       0xec ./Core/Src/rosHandler.o
                0x00000000080066b4                std_msgs::MultiArrayLayout::serialize(unsigned char*) const
 .text._ZN8std_msgs16MultiArrayLayout11deserializeEPh
                0x00000000080067a0      0x120 ./Core/Src/rosHandler.o
                0x00000000080067a0                std_msgs::MultiArrayLayout::deserialize(unsigned char*)
 .text._ZN8std_msgs16MultiArrayLayout7getTypeEv
                0x00000000080068c0       0x1c ./Core/Src/rosHandler.o
                0x00000000080068c0                std_msgs::MultiArrayLayout::getType()
 .text._ZN8std_msgs16MultiArrayLayout6getMD5Ev
                0x00000000080068dc       0x1c ./Core/Src/rosHandler.o
                0x00000000080068dc                std_msgs::MultiArrayLayout::getMD5()
 .text._ZN8std_msgs17Float32MultiArrayC2Ev
                0x00000000080068f8       0x44 ./Core/Src/rosHandler.o
                0x00000000080068f8                std_msgs::Float32MultiArray::Float32MultiArray()
                0x00000000080068f8                std_msgs::Float32MultiArray::Float32MultiArray()
 .text._ZNK8std_msgs17Float32MultiArray9serializeEPh
                0x000000000800693c       0xe0 ./Core/Src/rosHandler.o
                0x000000000800693c                std_msgs::Float32MultiArray::serialize(unsigned char*) const
 .text._ZN8std_msgs17Float32MultiArray11deserializeEPh
                0x0000000008006a1c      0x118 ./Core/Src/rosHandler.o
                0x0000000008006a1c                std_msgs::Float32MultiArray::deserialize(unsigned char*)
 .text._ZN8std_msgs17Float32MultiArray7getTypeEv
                0x0000000008006b34       0x1c ./Core/Src/rosHandler.o
                0x0000000008006b34                std_msgs::Float32MultiArray::getType()
 .text._ZN8std_msgs17Float32MultiArray6getMD5Ev
                0x0000000008006b50       0x1c ./Core/Src/rosHandler.o
                0x0000000008006b50                std_msgs::Float32MultiArray::getMD5()
 .text._ZN8std_msgs4BoolC2Ev
                0x0000000008006b6c       0x2c ./Core/Src/rosHandler.o
                0x0000000008006b6c                std_msgs::Bool::Bool()
                0x0000000008006b6c                std_msgs::Bool::Bool()
 .text._ZNK8std_msgs4Bool9serializeEPh
                0x0000000008006b98       0x32 ./Core/Src/rosHandler.o
                0x0000000008006b98                std_msgs::Bool::serialize(unsigned char*) const
 .text._ZN8std_msgs4Bool11deserializeEPh
                0x0000000008006bca       0x3c ./Core/Src/rosHandler.o
                0x0000000008006bca                std_msgs::Bool::deserialize(unsigned char*)
 *fill*         0x0000000008006c06        0x2 
 .text._ZN8std_msgs4Bool7getTypeEv
                0x0000000008006c08       0x1c ./Core/Src/rosHandler.o
                0x0000000008006c08                std_msgs::Bool::getType()
 .text._ZN8std_msgs4Bool6getMD5Ev
                0x0000000008006c24       0x1c ./Core/Src/rosHandler.o
                0x0000000008006c24                std_msgs::Bool::getMD5()
 .text._Z11kinCallbackRKN13geometry_msgs7Vector3E
                0x0000000008006c40       0x58 ./Core/Src/rosHandler.o
                0x0000000008006c40                kinCallback(geometry_msgs::Vector3 const&)
 .text._Z14invkinCallbackRKN13geometry_msgs7Vector3E
                0x0000000008006c98       0x50 ./Core/Src/rosHandler.o
                0x0000000008006c98                invkinCallback(geometry_msgs::Vector3 const&)
 .text._Z15stateInverseKinRKN8std_msgs4BoolE
                0x0000000008006ce8       0x20 ./Core/Src/rosHandler.o
                0x0000000008006ce8                stateInverseKin(std_msgs::Bool const&)
 .text._ZN3ros15NodeHandleBase_C2Ev
                0x0000000008006d08       0x20 ./Core/Src/rosHandler.o
                0x0000000008006d08                ros::NodeHandleBase_::NodeHandleBase_()
                0x0000000008006d08                ros::NodeHandleBase_::NodeHandleBase_()
 .text._ZN3ros11NodeHandle_I13STM32HardwareLi25ELi25ELi4096ELi4096EEC2Ev
                0x0000000008006d28      0x134 ./Core/Src/rosHandler.o
                0x0000000008006d28                ros::NodeHandle_<STM32Hardware, 25, 25, 4096, 4096>::NodeHandle_()
                0x0000000008006d28                ros::NodeHandle_<STM32Hardware, 25, 25, 4096, 4096>::NodeHandle_()
 .text.HAL_UART_TxCpltCallback
                0x0000000008006e5c       0x24 ./Core/Src/rosHandler.o
                0x0000000008006e5c                HAL_UART_TxCpltCallback
 .text.HAL_UART_RxCpltCallback
                0x0000000008006e80       0x24 ./Core/Src/rosHandler.o
                0x0000000008006e80                HAL_UART_RxCpltCallback
 .text.setup    0x0000000008006ea4       0x54 ./Core/Src/rosHandler.o
                0x0000000008006ea4                setup
 .text.loop     0x0000000008006ef8       0x20 ./Core/Src/rosHandler.o
                0x0000000008006ef8                loop
 .text._Z15errorArrPublishv
                0x0000000008006f18       0x24 ./Core/Src/rosHandler.o
                0x0000000008006f18                errorArrPublish()
 .text._Z10imuPublishv
                0x0000000008006f3c       0x28 ./Core/Src/rosHandler.o
                0x0000000008006f3c                imuPublish()
 .text._ZN3ros3Msg8varToArrIPhmEEvT_T0_
                0x0000000008006f64       0x3e ./Core/Src/rosHandler.o
                0x0000000008006f64                void ros::Msg::varToArr<unsigned char*, unsigned long>(unsigned char*, unsigned long)
 .text._ZN3ros3Msg8arrToVarImPhEEvRT_T0_
                0x0000000008006fa2       0x4c ./Core/Src/rosHandler.o
                0x0000000008006fa2                void ros::Msg::arrToVar<unsigned long, unsigned char*>(unsigned long&, unsigned char*)
 *fill*         0x0000000008006fee        0x2 
 .text._ZN3ros11Subscriber_C2Ev
                0x0000000008006ff0       0x20 ./Core/Src/rosHandler.o
                0x0000000008006ff0                ros::Subscriber_::Subscriber_()
                0x0000000008006ff0                ros::Subscriber_::Subscriber_()
 .text._ZN3ros10SubscriberIN13geometry_msgs7Vector3EvEC2EPKcPFvRKS2_Ei
                0x0000000008007010       0x48 ./Core/Src/rosHandler.o
                0x0000000008007010                ros::Subscriber<geometry_msgs::Vector3, void>::Subscriber(char const*, void (*)(geometry_msgs::Vector3 const&), int)
                0x0000000008007010                ros::Subscriber<geometry_msgs::Vector3, void>::Subscriber(char const*, void (*)(geometry_msgs::Vector3 const&), int)
 .text._ZN3ros10SubscriberIN8std_msgs4BoolEvEC2EPKcPFvRKS2_Ei
                0x0000000008007058       0x48 ./Core/Src/rosHandler.o
                0x0000000008007058                ros::Subscriber<std_msgs::Bool, void>::Subscriber(char const*, void (*)(std_msgs::Bool const&), int)
                0x0000000008007058                ros::Subscriber<std_msgs::Bool, void>::Subscriber(char const*, void (*)(std_msgs::Bool const&), int)
 .text._ZN3ros11NodeHandle_I13STM32HardwareLi25ELi25ELi4096ELi4096EE11getHardwareEv
                0x00000000080070a0       0x18 ./Core/Src/rosHandler.o
                0x00000000080070a0                ros::NodeHandle_<STM32Hardware, 25, 25, 4096, 4096>::getHardware()
 .text._ZN3ros11NodeHandle_I13STM32HardwareLi25ELi25ELi4096ELi4096EE8initNodeEv
                0x00000000080070b8       0x52 ./Core/Src/rosHandler.o
                0x00000000080070b8                ros::NodeHandle_<STM32Hardware, 25, 25, 4096, 4096>::initNode()
 .text._ZN3ros11NodeHandle_I13STM32HardwareLi25ELi25ELi4096ELi4096EE9advertiseERNS_9PublisherE
                0x000000000800710a       0x60 ./Core/Src/rosHandler.o
                0x000000000800710a                ros::NodeHandle_<STM32Hardware, 25, 25, 4096, 4096>::advertise(ros::Publisher&)
 .text._ZN3ros11NodeHandle_I13STM32HardwareLi25ELi25ELi4096ELi4096EE9subscribeERNS_11Subscriber_E
                0x000000000800716a       0x56 ./Core/Src/rosHandler.o
                0x000000000800716a                ros::NodeHandle_<STM32Hardware, 25, 25, 4096, 4096>::subscribe(ros::Subscriber_&)
 .text._ZN3ros11NodeHandle_I13STM32HardwareLi25ELi25ELi4096ELi4096EE8spinOnceEv
                0x00000000080071c0      0x50c ./Core/Src/rosHandler.o
                0x00000000080071c0                ros::NodeHandle_<STM32Hardware, 25, 25, 4096, 4096>::spinOnce()
 .text._ZN3ros11NodeHandle_I13STM32HardwareLi25ELi25ELi4096ELi4096EE15requestSyncTimeEv
                0x00000000080076cc       0x3c ./Core/Src/rosHandler.o
                0x00000000080076cc                ros::NodeHandle_<STM32Hardware, 25, 25, 4096, 4096>::requestSyncTime()
 .text._ZN3ros11NodeHandle_I13STM32HardwareLi25ELi25ELi4096ELi4096EE15negotiateTopicsEv
                0x0000000008007708      0x1c2 ./Core/Src/rosHandler.o
                0x0000000008007708                ros::NodeHandle_<STM32Hardware, 25, 25, 4096, 4096>::negotiateTopics()
 *fill*         0x00000000080078ca        0x2 
 .text._ZN3ros11NodeHandle_I13STM32HardwareLi25ELi25ELi4096ELi4096EE8syncTimeEPh
                0x00000000080078cc       0x9c ./Core/Src/rosHandler.o
                0x00000000080078cc                ros::NodeHandle_<STM32Hardware, 25, 25, 4096, 4096>::syncTime(unsigned char*)
 .text._ZN3ros11NodeHandle_I13STM32HardwareLi25ELi25ELi4096ELi4096EE7publishEiPKNS_3MsgE
                0x0000000008007968      0x158 ./Core/Src/rosHandler.o
                0x0000000008007968                ros::NodeHandle_<STM32Hardware, 25, 25, 4096, 4096>::publish(int, ros::Msg const*)
 .text._ZN3ros11NodeHandle_I13STM32HardwareLi25ELi25ELi4096ELi4096EE6setNowERKNS_4TimeE
                0x0000000008007ac0       0x80 ./Core/Src/rosHandler.o
                0x0000000008007ac0                ros::NodeHandle_<STM32Hardware, 25, 25, 4096, 4096>::setNow(ros::Time const&)
 .text._ZN3ros11NodeHandle_I13STM32HardwareLi25ELi25ELi4096ELi4096EE8logerrorEPKc
                0x0000000008007b40       0x1c ./Core/Src/rosHandler.o
                0x0000000008007b40                ros::NodeHandle_<STM32Hardware, 25, 25, 4096, 4096>::logerror(char const*)
 .text._ZN3ros11NodeHandle_I13STM32HardwareLi25ELi25ELi4096ELi4096EE3logEcPKc
                0x0000000008007b5c       0x38 ./Core/Src/rosHandler.o
                0x0000000008007b5c                ros::NodeHandle_<STM32Hardware, 25, 25, 4096, 4096>::log(char, char const*)
 .text._Z41__static_initialization_and_destruction_0ii
                0x0000000008007b94       0xe4 ./Core/Src/rosHandler.o
 .text._ZN3ros10SubscriberIN8std_msgs4BoolEvE8callbackEPh
                0x0000000008007c78       0x2a ./Core/Src/rosHandler.o
                0x0000000008007c78                ros::Subscriber<std_msgs::Bool, void>::callback(unsigned char*)
 .text._ZN3ros10SubscriberIN8std_msgs4BoolEvE15getEndpointTypeEv
                0x0000000008007ca2       0x18 ./Core/Src/rosHandler.o
                0x0000000008007ca2                ros::Subscriber<std_msgs::Bool, void>::getEndpointType()
 .text._ZN3ros10SubscriberIN8std_msgs4BoolEvE10getMsgTypeEv
                0x0000000008007cba       0x1c ./Core/Src/rosHandler.o
                0x0000000008007cba                ros::Subscriber<std_msgs::Bool, void>::getMsgType()
 .text._ZN3ros10SubscriberIN8std_msgs4BoolEvE9getMsgMD5Ev
                0x0000000008007cd6       0x1c ./Core/Src/rosHandler.o
                0x0000000008007cd6                ros::Subscriber<std_msgs::Bool, void>::getMsgMD5()
 .text._ZN3ros10SubscriberIN13geometry_msgs7Vector3EvE8callbackEPh
                0x0000000008007cf2       0x2a ./Core/Src/rosHandler.o
                0x0000000008007cf2                ros::Subscriber<geometry_msgs::Vector3, void>::callback(unsigned char*)
 .text._ZN3ros10SubscriberIN13geometry_msgs7Vector3EvE15getEndpointTypeEv
                0x0000000008007d1c       0x18 ./Core/Src/rosHandler.o
                0x0000000008007d1c                ros::Subscriber<geometry_msgs::Vector3, void>::getEndpointType()
 .text._ZN3ros10SubscriberIN13geometry_msgs7Vector3EvE10getMsgTypeEv
                0x0000000008007d34       0x1c ./Core/Src/rosHandler.o
                0x0000000008007d34                ros::Subscriber<geometry_msgs::Vector3, void>::getMsgType()
 .text._ZN3ros10SubscriberIN13geometry_msgs7Vector3EvE9getMsgMD5Ev
                0x0000000008007d50       0x1c ./Core/Src/rosHandler.o
                0x0000000008007d50                ros::Subscriber<geometry_msgs::Vector3, void>::getMsgMD5()
 .text._ZN3ros11NodeHandle_I13STM32HardwareLi25ELi25ELi4096ELi4096EE9connectedEv
                0x0000000008007d6c       0x1e ./Core/Src/rosHandler.o
                0x0000000008007d6c                ros::NodeHandle_<STM32Hardware, 25, 25, 4096, 4096>::connected()
 .text._GLOBAL__sub_I_xtarget
                0x0000000008007d8a       0x10 ./Core/Src/rosHandler.o
 *fill*         0x0000000008007d9a        0x2 
 .text.HAL_MspInit
                0x0000000008007d9c       0x58 ./Core/Src/stm32f4xx_hal_msp.o
                0x0000000008007d9c                HAL_MspInit
 .text.HAL_I2C_MspInit
                0x0000000008007df4      0x208 ./Core/Src/stm32f4xx_hal_msp.o
                0x0000000008007df4                HAL_I2C_MspInit
 .text.HAL_TIM_Base_MspInit
                0x0000000008007ffc       0xa8 ./Core/Src/stm32f4xx_hal_msp.o
                0x0000000008007ffc                HAL_TIM_Base_MspInit
 .text.HAL_TIM_MspPostInit
                0x00000000080080a4      0x148 ./Core/Src/stm32f4xx_hal_msp.o
                0x00000000080080a4                HAL_TIM_MspPostInit
 .text.HAL_UART_MspInit
                0x00000000080081ec      0x170 ./Core/Src/stm32f4xx_hal_msp.o
                0x00000000080081ec                HAL_UART_MspInit
 .text.HAL_InitTick
                0x000000000800835c       0xf8 ./Core/Src/stm32f4xx_hal_timebase_tim.o
                0x000000000800835c                HAL_InitTick
 .text.NMI_Handler
                0x0000000008008454        0x6 ./Core/Src/stm32f4xx_it.o
                0x0000000008008454                NMI_Handler
 .text.HardFault_Handler
                0x000000000800845a        0x6 ./Core/Src/stm32f4xx_it.o
                0x000000000800845a                HardFault_Handler
 .text.MemManage_Handler
                0x0000000008008460        0x6 ./Core/Src/stm32f4xx_it.o
                0x0000000008008460                MemManage_Handler
 .text.BusFault_Handler
                0x0000000008008466        0x6 ./Core/Src/stm32f4xx_it.o
                0x0000000008008466                BusFault_Handler
 .text.UsageFault_Handler
                0x000000000800846c        0x6 ./Core/Src/stm32f4xx_it.o
                0x000000000800846c                UsageFault_Handler
 .text.DebugMon_Handler
                0x0000000008008472        0xe ./Core/Src/stm32f4xx_it.o
                0x0000000008008472                DebugMon_Handler
 .text.EXTI3_IRQHandler
                0x0000000008008480        0xe ./Core/Src/stm32f4xx_it.o
                0x0000000008008480                EXTI3_IRQHandler
 *fill*         0x000000000800848e        0x2 
 .text.DMA1_Stream0_IRQHandler
                0x0000000008008490       0x14 ./Core/Src/stm32f4xx_it.o
                0x0000000008008490                DMA1_Stream0_IRQHandler
 .text.DMA1_Stream1_IRQHandler
                0x00000000080084a4       0x14 ./Core/Src/stm32f4xx_it.o
                0x00000000080084a4                DMA1_Stream1_IRQHandler
 .text.DMA1_Stream3_IRQHandler
                0x00000000080084b8       0x14 ./Core/Src/stm32f4xx_it.o
                0x00000000080084b8                DMA1_Stream3_IRQHandler
 .text.DMA1_Stream6_IRQHandler
                0x00000000080084cc       0x14 ./Core/Src/stm32f4xx_it.o
                0x00000000080084cc                DMA1_Stream6_IRQHandler
 .text.USART3_IRQHandler
                0x00000000080084e0       0x14 ./Core/Src/stm32f4xx_it.o
                0x00000000080084e0                USART3_IRQHandler
 .text.EXTI15_10_IRQHandler
                0x00000000080084f4       0x30 ./Core/Src/stm32f4xx_it.o
                0x00000000080084f4                EXTI15_10_IRQHandler
 .text.TIM8_UP_TIM13_IRQHandler
                0x0000000008008524       0x14 ./Core/Src/stm32f4xx_it.o
                0x0000000008008524                TIM8_UP_TIM13_IRQHandler
 .text.TIM8_TRG_COM_TIM14_IRQHandler
                0x0000000008008538       0x14 ./Core/Src/stm32f4xx_it.o
                0x0000000008008538                TIM8_TRG_COM_TIM14_IRQHandler
 .text._getpid  0x000000000800854c       0x10 ./Core/Src/syscalls.o
                0x000000000800854c                _getpid
 .text._kill    0x000000000800855c       0x20 ./Core/Src/syscalls.o
                0x000000000800855c                _kill
 .text._exit    0x000000000800857c       0x14 ./Core/Src/syscalls.o
                0x000000000800857c                _exit
 .text._read    0x0000000008008590       0x3a ./Core/Src/syscalls.o
                0x0000000008008590                _read
 .text._write   0x00000000080085ca       0x38 ./Core/Src/syscalls.o
                0x00000000080085ca                _write
 .text._close   0x0000000008008602       0x18 ./Core/Src/syscalls.o
                0x0000000008008602                _close
 .text._fstat   0x000000000800861a       0x20 ./Core/Src/syscalls.o
                0x000000000800861a                _fstat
 .text._isatty  0x000000000800863a       0x16 ./Core/Src/syscalls.o
                0x000000000800863a                _isatty
 .text._lseek   0x0000000008008650       0x1a ./Core/Src/syscalls.o
                0x0000000008008650                _lseek
 *fill*         0x000000000800866a        0x2 
 .text._sbrk    0x000000000800866c       0x6c ./Core/Src/sysmem.o
                0x000000000800866c                _sbrk
 .text.SystemInit
                0x00000000080086d8       0x24 ./Core/Src/system_stm32f4xx.o
                0x00000000080086d8                SystemInit
 .text._ZN3ros16normalizeSecNSecERmS0_
                0x00000000080086fc       0x58 ./Core/Src/time.o
                0x00000000080086fc                ros::normalizeSecNSec(unsigned long&, unsigned long&)
 .text.Reset_Handler
                0x0000000008008754       0x50 ./Core/Startup/startup_stm32f429zitx.o
                0x0000000008008754                Reset_Handler
 .text.Default_Handler
                0x00000000080087a4        0x2 ./Core/Startup/startup_stm32f429zitx.o
                0x00000000080087a4                RTC_Alarm_IRQHandler
                0x00000000080087a4                HASH_RNG_IRQHandler
                0x00000000080087a4                EXTI2_IRQHandler
                0x00000000080087a4                TIM8_CC_IRQHandler
                0x00000000080087a4                UART8_IRQHandler
                0x00000000080087a4                SPI4_IRQHandler
                0x00000000080087a4                TIM1_CC_IRQHandler
                0x00000000080087a4                DMA2_Stream5_IRQHandler
                0x00000000080087a4                DMA1_Stream5_IRQHandler
                0x00000000080087a4                PVD_IRQHandler
                0x00000000080087a4                SDIO_IRQHandler
                0x00000000080087a4                TAMP_STAMP_IRQHandler
                0x00000000080087a4                CAN2_RX1_IRQHandler
                0x00000000080087a4                TIM1_UP_TIM10_IRQHandler
                0x00000000080087a4                I2C3_ER_IRQHandler
                0x00000000080087a4                EXTI0_IRQHandler
                0x00000000080087a4                I2C2_EV_IRQHandler
                0x00000000080087a4                DMA1_Stream2_IRQHandler
                0x00000000080087a4                CAN1_RX0_IRQHandler
                0x00000000080087a4                FPU_IRQHandler
                0x00000000080087a4                OTG_HS_WKUP_IRQHandler
                0x00000000080087a4                LTDC_ER_IRQHandler
                0x00000000080087a4                CAN2_SCE_IRQHandler
                0x00000000080087a4                DMA2_Stream2_IRQHandler
                0x00000000080087a4                SPI1_IRQHandler
                0x00000000080087a4                TIM6_DAC_IRQHandler
                0x00000000080087a4                TIM1_BRK_TIM9_IRQHandler
                0x00000000080087a4                DCMI_IRQHandler
                0x00000000080087a4                CAN2_RX0_IRQHandler
                0x00000000080087a4                DMA2_Stream3_IRQHandler
                0x00000000080087a4                USART6_IRQHandler
                0x00000000080087a4                CAN1_RX1_IRQHandler
                0x00000000080087a4                UART5_IRQHandler
                0x00000000080087a4                DMA2_Stream0_IRQHandler
                0x00000000080087a4                TIM4_IRQHandler
                0x00000000080087a4                I2C1_EV_IRQHandler
                0x00000000080087a4                UART4_IRQHandler
                0x00000000080087a4                TIM3_IRQHandler
                0x00000000080087a4                RCC_IRQHandler
                0x00000000080087a4                TIM8_BRK_TIM12_IRQHandler
                0x00000000080087a4                Default_Handler
                0x00000000080087a4                ADC_IRQHandler
                0x00000000080087a4                DMA1_Stream7_IRQHandler
                0x00000000080087a4                SPI5_IRQHandler
                0x00000000080087a4                TIM7_IRQHandler
                0x00000000080087a4                CAN2_TX_IRQHandler
                0x00000000080087a4                TIM5_IRQHandler
                0x00000000080087a4                DMA2_Stream7_IRQHandler
                0x00000000080087a4                I2C3_EV_IRQHandler
                0x00000000080087a4                EXTI9_5_IRQHandler
                0x00000000080087a4                RTC_WKUP_IRQHandler
                0x00000000080087a4                LTDC_IRQHandler
                0x00000000080087a4                ETH_WKUP_IRQHandler
                0x00000000080087a4                SPI2_IRQHandler
                0x00000000080087a4                OTG_HS_EP1_IN_IRQHandler
                0x00000000080087a4                CAN1_TX_IRQHandler
                0x00000000080087a4                EXTI4_IRQHandler
                0x00000000080087a4                ETH_IRQHandler
                0x00000000080087a4                OTG_HS_EP1_OUT_IRQHandler
                0x00000000080087a4                WWDG_IRQHandler
                0x00000000080087a4                SPI6_IRQHandler
                0x00000000080087a4                TIM2_IRQHandler
                0x00000000080087a4                OTG_FS_WKUP_IRQHandler
                0x00000000080087a4                TIM1_TRG_COM_TIM11_IRQHandler
                0x00000000080087a4                OTG_HS_IRQHandler
                0x00000000080087a4                DMA2D_IRQHandler
                0x00000000080087a4                EXTI1_IRQHandler
                0x00000000080087a4                UART7_IRQHandler
                0x00000000080087a4                USART2_IRQHandler
                0x00000000080087a4                I2C2_ER_IRQHandler
                0x00000000080087a4                DMA2_Stream1_IRQHandler
                0x00000000080087a4                CAN1_SCE_IRQHandler
                0x00000000080087a4                FLASH_IRQHandler
                0x00000000080087a4                DMA2_Stream4_IRQHandler
                0x00000000080087a4                USART1_IRQHandler
                0x00000000080087a4                OTG_FS_IRQHandler
                0x00000000080087a4                SPI3_IRQHandler
                0x00000000080087a4                DMA1_Stream4_IRQHandler
                0x00000000080087a4                I2C1_ER_IRQHandler
                0x00000000080087a4                FMC_IRQHandler
                0x00000000080087a4                DMA2_Stream6_IRQHandler
                0x00000000080087a4                SAI1_IRQHandler
 *fill*         0x00000000080087a6        0x2 
 .text.HAL_Init
                0x00000000080087a8       0x44 ./Drivers/STM32F4xx_HAL_Driver/Src/stm32f4xx_hal.o
                0x00000000080087a8                HAL_Init
 .text.HAL_IncTick
                0x00000000080087ec       0x28 ./Drivers/STM32F4xx_HAL_Driver/Src/stm32f4xx_hal.o
                0x00000000080087ec                HAL_IncTick
 .text.HAL_GetTick
                0x0000000008008814       0x18 ./Drivers/STM32F4xx_HAL_Driver/Src/stm32f4xx_hal.o
                0x0000000008008814                HAL_GetTick
 .text.HAL_Delay
                0x000000000800882c       0x48 ./Drivers/STM32F4xx_HAL_Driver/Src/stm32f4xx_hal.o
                0x000000000800882c                HAL_Delay
 .text.__NVIC_SetPriorityGrouping
                0x0000000008008874       0x48 ./Drivers/STM32F4xx_HAL_Driver/Src/stm32f4xx_hal_cortex.o
 .text.__NVIC_GetPriorityGrouping
                0x00000000080088bc       0x1c ./Drivers/STM32F4xx_HAL_Driver/Src/stm32f4xx_hal_cortex.o
 .text.__NVIC_EnableIRQ
                0x00000000080088d8       0x3c ./Drivers/STM32F4xx_HAL_Driver/Src/stm32f4xx_hal_cortex.o
 .text.__NVIC_SetPriority
                0x0000000008008914       0x54 ./Drivers/STM32F4xx_HAL_Driver/Src/stm32f4xx_hal_cortex.o
 .text.NVIC_EncodePriority
                0x0000000008008968       0x66 ./Drivers/STM32F4xx_HAL_Driver/Src/stm32f4xx_hal_cortex.o
 .text.HAL_NVIC_SetPriorityGrouping
                0x00000000080089ce       0x16 ./Drivers/STM32F4xx_HAL_Driver/Src/stm32f4xx_hal_cortex.o
                0x00000000080089ce                HAL_NVIC_SetPriorityGrouping
 .text.HAL_NVIC_SetPriority
                0x00000000080089e4       0x38 ./Drivers/STM32F4xx_HAL_Driver/Src/stm32f4xx_hal_cortex.o
                0x00000000080089e4                HAL_NVIC_SetPriority
 .text.HAL_NVIC_EnableIRQ
                0x0000000008008a1c       0x1c ./Drivers/STM32F4xx_HAL_Driver/Src/stm32f4xx_hal_cortex.o
                0x0000000008008a1c                HAL_NVIC_EnableIRQ
 .text.HAL_DMA_Init
                0x0000000008008a38      0x15c ./Drivers/STM32F4xx_HAL_Driver/Src/stm32f4xx_hal_dma.o
                0x0000000008008a38                HAL_DMA_Init
 .text.HAL_DMA_Start_IT
                0x0000000008008b94       0xb0 ./Drivers/STM32F4xx_HAL_Driver/Src/stm32f4xx_hal_dma.o
                0x0000000008008b94                HAL_DMA_Start_IT
 .text.HAL_DMA_Abort
                0x0000000008008c44       0xe0 ./Drivers/STM32F4xx_HAL_Driver/Src/stm32f4xx_hal_dma.o
                0x0000000008008c44                HAL_DMA_Abort
 .text.HAL_DMA_Abort_IT
                0x0000000008008d24       0x44 ./Drivers/STM32F4xx_HAL_Driver/Src/stm32f4xx_hal_dma.o
                0x0000000008008d24                HAL_DMA_Abort_IT
 .text.HAL_DMA_IRQHandler
                0x0000000008008d68      0x314 ./Drivers/STM32F4xx_HAL_Driver/Src/stm32f4xx_hal_dma.o
                0x0000000008008d68                HAL_DMA_IRQHandler
 .text.DMA_SetConfig
                0x000000000800907c       0x5c ./Drivers/STM32F4xx_HAL_Driver/Src/stm32f4xx_hal_dma.o
 .text.DMA_CalcBaseAndBitshift
                0x00000000080090d8       0x6c ./Drivers/STM32F4xx_HAL_Driver/Src/stm32f4xx_hal_dma.o
 .text.DMA_CheckFifoParam
                0x0000000008009144       0xf8 ./Drivers/STM32F4xx_HAL_Driver/Src/stm32f4xx_hal_dma.o
 .text.HAL_GPIO_Init
                0x000000000800923c      0x358 ./Drivers/STM32F4xx_HAL_Driver/Src/stm32f4xx_hal_gpio.o
                0x000000000800923c                HAL_GPIO_Init
 .text.HAL_GPIO_ReadPin
                0x0000000008009594       0x30 ./Drivers/STM32F4xx_HAL_Driver/Src/stm32f4xx_hal_gpio.o
                0x0000000008009594                HAL_GPIO_ReadPin
 .text.HAL_GPIO_WritePin
                0x00000000080095c4       0x32 ./Drivers/STM32F4xx_HAL_Driver/Src/stm32f4xx_hal_gpio.o
                0x00000000080095c4                HAL_GPIO_WritePin
 *fill*         0x00000000080095f6        0x2 
 .text.HAL_GPIO_EXTI_IRQHandler
                0x00000000080095f8       0x30 ./Drivers/STM32F4xx_HAL_Driver/Src/stm32f4xx_hal_gpio.o
                0x00000000080095f8                HAL_GPIO_EXTI_IRQHandler
 .text.HAL_I2C_Init
                0x0000000008009628      0x288 ./Drivers/STM32F4xx_HAL_Driver/Src/stm32f4xx_hal_i2c.o
                0x0000000008009628                HAL_I2C_Init
 .text.HAL_I2C_Master_Transmit
                0x00000000080098b0      0x1fc ./Drivers/STM32F4xx_HAL_Driver/Src/stm32f4xx_hal_i2c.o
                0x00000000080098b0                HAL_I2C_Master_Transmit
 .text.HAL_I2C_Master_Receive
                0x0000000008009aac      0x464 ./Drivers/STM32F4xx_HAL_Driver/Src/stm32f4xx_hal_i2c.o
                0x0000000008009aac                HAL_I2C_Master_Receive
 .text.HAL_I2C_GetState
                0x0000000008009f10       0x1c ./Drivers/STM32F4xx_HAL_Driver/Src/stm32f4xx_hal_i2c.o
                0x0000000008009f10                HAL_I2C_GetState
 .text.HAL_I2C_GetError
                0x0000000008009f2c       0x18 ./Drivers/STM32F4xx_HAL_Driver/Src/stm32f4xx_hal_i2c.o
                0x0000000008009f2c                HAL_I2C_GetError
 .text.I2C_MasterRequestWrite
                0x0000000008009f44      0x104 ./Drivers/STM32F4xx_HAL_Driver/Src/stm32f4xx_hal_i2c.o
 .text.I2C_MasterRequestRead
                0x000000000800a048      0x19c ./Drivers/STM32F4xx_HAL_Driver/Src/stm32f4xx_hal_i2c.o
 .text.I2C_WaitOnFlagUntilTimeout
                0x000000000800a1e4       0xf4 ./Drivers/STM32F4xx_HAL_Driver/Src/stm32f4xx_hal_i2c.o
 .text.I2C_WaitOnMasterAddressFlagUntilTimeout
                0x000000000800a2d8      0x140 ./Drivers/STM32F4xx_HAL_Driver/Src/stm32f4xx_hal_i2c.o
 .text.I2C_WaitOnTXEFlagUntilTimeout
                0x000000000800a418       0x90 ./Drivers/STM32F4xx_HAL_Driver/Src/stm32f4xx_hal_i2c.o
 .text.I2C_WaitOnBTFFlagUntilTimeout
                0x000000000800a4a8       0x90 ./Drivers/STM32F4xx_HAL_Driver/Src/stm32f4xx_hal_i2c.o
 .text.I2C_WaitOnRXNEFlagUntilTimeout
                0x000000000800a538       0xba ./Drivers/STM32F4xx_HAL_Driver/Src/stm32f4xx_hal_i2c.o
 .text.I2C_IsAcknowledgeFailed
                0x000000000800a5f2       0x5e ./Drivers/STM32F4xx_HAL_Driver/Src/stm32f4xx_hal_i2c.o
 .text.HAL_I2CEx_ConfigAnalogFilter
                0x000000000800a650       0x78 ./Drivers/STM32F4xx_HAL_Driver/Src/stm32f4xx_hal_i2c_ex.o
                0x000000000800a650                HAL_I2CEx_ConfigAnalogFilter
 .text.HAL_I2CEx_ConfigDigitalFilter
                0x000000000800a6c8       0x7e ./Drivers/STM32F4xx_HAL_Driver/Src/stm32f4xx_hal_i2c_ex.o
                0x000000000800a6c8                HAL_I2CEx_ConfigDigitalFilter
 *fill*         0x000000000800a746        0x2 
 .text.HAL_RCC_OscConfig
                0x000000000800a748      0x4f0 ./Drivers/STM32F4xx_HAL_Driver/Src/stm32f4xx_hal_rcc.o
                0x000000000800a748                HAL_RCC_OscConfig
 .text.HAL_RCC_ClockConfig
                0x000000000800ac38      0x1cc ./Drivers/STM32F4xx_HAL_Driver/Src/stm32f4xx_hal_rcc.o
                0x000000000800ac38                HAL_RCC_ClockConfig
 .text.HAL_RCC_GetSysClockFreq
                0x000000000800ae04      0x18c ./Drivers/STM32F4xx_HAL_Driver/Src/stm32f4xx_hal_rcc.o
                0x000000000800ae04                HAL_RCC_GetSysClockFreq
 .text.HAL_RCC_GetHCLKFreq
                0x000000000800af90       0x18 ./Drivers/STM32F4xx_HAL_Driver/Src/stm32f4xx_hal_rcc.o
                0x000000000800af90                HAL_RCC_GetHCLKFreq
 .text.HAL_RCC_GetPCLK1Freq
                0x000000000800afa8       0x28 ./Drivers/STM32F4xx_HAL_Driver/Src/stm32f4xx_hal_rcc.o
                0x000000000800afa8                HAL_RCC_GetPCLK1Freq
 .text.HAL_RCC_GetPCLK2Freq
                0x000000000800afd0       0x28 ./Drivers/STM32F4xx_HAL_Driver/Src/stm32f4xx_hal_rcc.o
                0x000000000800afd0                HAL_RCC_GetPCLK2Freq
 .text.HAL_RCC_GetClockConfig
                0x000000000800aff8       0x64 ./Drivers/STM32F4xx_HAL_Driver/Src/stm32f4xx_hal_rcc.o
                0x000000000800aff8                HAL_RCC_GetClockConfig
 .text.HAL_TIM_Base_Init
                0x000000000800b05c       0x9e ./Drivers/STM32F4xx_HAL_Driver/Src/stm32f4xx_hal_tim.o
                0x000000000800b05c                HAL_TIM_Base_Init
 *fill*         0x000000000800b0fa        0x2 
 .text.HAL_TIM_Base_Start_IT
                0x000000000800b0fc       0xe0 ./Drivers/STM32F4xx_HAL_Driver/Src/stm32f4xx_hal_tim.o
                0x000000000800b0fc                HAL_TIM_Base_Start_IT
 .text.HAL_TIM_PWM_Init
                0x000000000800b1dc       0x9e ./Drivers/STM32F4xx_HAL_Driver/Src/stm32f4xx_hal_tim.o
                0x000000000800b1dc                HAL_TIM_PWM_Init
 .text.HAL_TIM_PWM_MspInit
                0x000000000800b27a       0x14 ./Drivers/STM32F4xx_HAL_Driver/Src/stm32f4xx_hal_tim.o
                0x000000000800b27a                HAL_TIM_PWM_MspInit
 *fill*         0x000000000800b28e        0x2 
 .text.HAL_TIM_PWM_Start
                0x000000000800b290      0x190 ./Drivers/STM32F4xx_HAL_Driver/Src/stm32f4xx_hal_tim.o
                0x000000000800b290                HAL_TIM_PWM_Start
 .text.HAL_TIM_IRQHandler
                0x000000000800b420      0x1e0 ./Drivers/STM32F4xx_HAL_Driver/Src/stm32f4xx_hal_tim.o
                0x000000000800b420                HAL_TIM_IRQHandler
 .text.HAL_TIM_PWM_ConfigChannel
                0x000000000800b600      0x184 ./Drivers/STM32F4xx_HAL_Driver/Src/stm32f4xx_hal_tim.o
                0x000000000800b600                HAL_TIM_PWM_ConfigChannel
 .text.HAL_TIM_ConfigClockSource
                0x000000000800b784      0x18e ./Drivers/STM32F4xx_HAL_Driver/Src/stm32f4xx_hal_tim.o
                0x000000000800b784                HAL_TIM_ConfigClockSource
 .text.HAL_TIM_OC_DelayElapsedCallback
                0x000000000800b912       0x14 ./Drivers/STM32F4xx_HAL_Driver/Src/stm32f4xx_hal_tim.o
                0x000000000800b912                HAL_TIM_OC_DelayElapsedCallback
 .text.HAL_TIM_IC_CaptureCallback
                0x000000000800b926       0x14 ./Drivers/STM32F4xx_HAL_Driver/Src/stm32f4xx_hal_tim.o
                0x000000000800b926                HAL_TIM_IC_CaptureCallback
 .text.HAL_TIM_PWM_PulseFinishedCallback
                0x000000000800b93a       0x14 ./Drivers/STM32F4xx_HAL_Driver/Src/stm32f4xx_hal_tim.o
                0x000000000800b93a                HAL_TIM_PWM_PulseFinishedCallback
 .text.HAL_TIM_TriggerCallback
                0x000000000800b94e       0x14 ./Drivers/STM32F4xx_HAL_Driver/Src/stm32f4xx_hal_tim.o
                0x000000000800b94e                HAL_TIM_TriggerCallback
 *fill*         0x000000000800b962        0x2 
 .text.TIM_Base_SetConfig
                0x000000000800b964      0x158 ./Drivers/STM32F4xx_HAL_Driver/Src/stm32f4xx_hal_tim.o
                0x000000000800b964                TIM_Base_SetConfig
 .text.TIM_OC1_SetConfig
                0x000000000800babc       0xe0 ./Drivers/STM32F4xx_HAL_Driver/Src/stm32f4xx_hal_tim.o
 .text.TIM_OC2_SetConfig
                0x000000000800bb9c       0xec ./Drivers/STM32F4xx_HAL_Driver/Src/stm32f4xx_hal_tim.o
                0x000000000800bb9c                TIM_OC2_SetConfig
 .text.TIM_OC3_SetConfig
                0x000000000800bc88       0xe8 ./Drivers/STM32F4xx_HAL_Driver/Src/stm32f4xx_hal_tim.o
 .text.TIM_OC4_SetConfig
                0x000000000800bd70       0xac ./Drivers/STM32F4xx_HAL_Driver/Src/stm32f4xx_hal_tim.o
 .text.TIM_TI1_ConfigInputStage
                0x000000000800be1c       0x5e ./Drivers/STM32F4xx_HAL_Driver/Src/stm32f4xx_hal_tim.o
 .text.TIM_TI2_ConfigInputStage
                0x000000000800be7a       0x60 ./Drivers/STM32F4xx_HAL_Driver/Src/stm32f4xx_hal_tim.o
 .text.TIM_ITRx_SetConfig
                0x000000000800beda       0x36 ./Drivers/STM32F4xx_HAL_Driver/Src/stm32f4xx_hal_tim.o
 .text.TIM_ETR_SetConfig
                0x000000000800bf10       0x40 ./Drivers/STM32F4xx_HAL_Driver/Src/stm32f4xx_hal_tim.o
                0x000000000800bf10                TIM_ETR_SetConfig
 .text.TIM_CCxChannelCmd
                0x000000000800bf50       0x4a ./Drivers/STM32F4xx_HAL_Driver/Src/stm32f4xx_hal_tim.o
                0x000000000800bf50                TIM_CCxChannelCmd
 *fill*         0x000000000800bf9a        0x2 
 .text.HAL_TIMEx_MasterConfigSynchronization
                0x000000000800bf9c       0xf8 ./Drivers/STM32F4xx_HAL_Driver/Src/stm32f4xx_hal_tim_ex.o
                0x000000000800bf9c                HAL_TIMEx_MasterConfigSynchronization
 .text.HAL_TIMEx_ConfigBreakDeadTime
                0x000000000800c094       0xa4 ./Drivers/STM32F4xx_HAL_Driver/Src/stm32f4xx_hal_tim_ex.o
                0x000000000800c094                HAL_TIMEx_ConfigBreakDeadTime
 .text.HAL_TIMEx_CommutCallback
                0x000000000800c138       0x14 ./Drivers/STM32F4xx_HAL_Driver/Src/stm32f4xx_hal_tim_ex.o
                0x000000000800c138                HAL_TIMEx_CommutCallback
 .text.HAL_TIMEx_BreakCallback
                0x000000000800c14c       0x14 ./Drivers/STM32F4xx_HAL_Driver/Src/stm32f4xx_hal_tim_ex.o
                0x000000000800c14c                HAL_TIMEx_BreakCallback
 .text.HAL_UART_Init
                0x000000000800c160       0xa0 ./Drivers/STM32F4xx_HAL_Driver/Src/stm32f4xx_hal_uart.o
                0x000000000800c160                HAL_UART_Init
 .text.HAL_UART_Transmit_DMA
                0x000000000800c200       0xe0 ./Drivers/STM32F4xx_HAL_Driver/Src/stm32f4xx_hal_uart.o
                0x000000000800c200                HAL_UART_Transmit_DMA
 .text.HAL_UART_Receive_DMA
                0x000000000800c2e0       0x4a ./Drivers/STM32F4xx_HAL_Driver/Src/stm32f4xx_hal_uart.o
                0x000000000800c2e0                HAL_UART_Receive_DMA
 *fill*         0x000000000800c32a        0x2 
 .text.HAL_UART_IRQHandler
                0x000000000800c32c      0x524 ./Drivers/STM32F4xx_HAL_Driver/Src/stm32f4xx_hal_uart.o
                0x000000000800c32c                HAL_UART_IRQHandler
 .text.HAL_UART_TxHalfCpltCallback
                0x000000000800c850       0x14 ./Drivers/STM32F4xx_HAL_Driver/Src/stm32f4xx_hal_uart.o
                0x000000000800c850                HAL_UART_TxHalfCpltCallback
 .text.HAL_UART_RxHalfCpltCallback
                0x000000000800c864       0x14 ./Drivers/STM32F4xx_HAL_Driver/Src/stm32f4xx_hal_uart.o
                0x000000000800c864                HAL_UART_RxHalfCpltCallback
 .text.HAL_UART_ErrorCallback
                0x000000000800c878       0x14 ./Drivers/STM32F4xx_HAL_Driver/Src/stm32f4xx_hal_uart.o
                0x000000000800c878                HAL_UART_ErrorCallback
 .text.HAL_UARTEx_RxEventCallback
                0x000000000800c88c       0x18 ./Drivers/STM32F4xx_HAL_Driver/Src/stm32f4xx_hal_uart.o
                0x000000000800c88c                HAL_UARTEx_RxEventCallback
 .text.UART_DMATransmitCplt
                0x000000000800c8a4       0x9a ./Drivers/STM32F4xx_HAL_Driver/Src/stm32f4xx_hal_uart.o
 .text.UART_DMATxHalfCplt
                0x000000000800c93e       0x1c ./Drivers/STM32F4xx_HAL_Driver/Src/stm32f4xx_hal_uart.o
 .text.UART_DMAReceiveCplt
                0x000000000800c95a      0x12c ./Drivers/STM32F4xx_HAL_Driver/Src/stm32f4xx_hal_uart.o
 .text.UART_DMARxHalfCplt
                0x000000000800ca86       0x3c ./Drivers/STM32F4xx_HAL_Driver/Src/stm32f4xx_hal_uart.o
 .text.UART_DMAError
                0x000000000800cac2       0x94 ./Drivers/STM32F4xx_HAL_Driver/Src/stm32f4xx_hal_uart.o
 *fill*         0x000000000800cb56        0x2 
 .text.UART_Start_Receive_DMA
                0x000000000800cb58      0x134 ./Drivers/STM32F4xx_HAL_Driver/Src/stm32f4xx_hal_uart.o
                0x000000000800cb58                UART_Start_Receive_DMA
 .text.UART_EndTxTransfer
                0x000000000800cc8c       0x50 ./Drivers/STM32F4xx_HAL_Driver/Src/stm32f4xx_hal_uart.o
 .text.UART_EndRxTransfer
                0x000000000800ccdc       0xc6 ./Drivers/STM32F4xx_HAL_Driver/Src/stm32f4xx_hal_uart.o
 .text.UART_DMAAbortOnError
                0x000000000800cda2       0x28 ./Drivers/STM32F4xx_HAL_Driver/Src/stm32f4xx_hal_uart.o
 .text.UART_Transmit_IT
                0x000000000800cdca       0xa0 ./Drivers/STM32F4xx_HAL_Driver/Src/stm32f4xx_hal_uart.o
 .text.UART_EndTransmit_IT
                0x000000000800ce6a       0x30 ./Drivers/STM32F4xx_HAL_Driver/Src/stm32f4xx_hal_uart.o
 .text.UART_Receive_IT
                0x000000000800ce9a      0x17c ./Drivers/STM32F4xx_HAL_Driver/Src/stm32f4xx_hal_uart.o
 *fill*         0x000000000800d016        0x2 
 .text.UART_SetConfig
                0x000000000800d018      0x4e8 ./Drivers/STM32F4xx_HAL_Driver/Src/stm32f4xx_hal_uart.o
 .text.__NVIC_SetPriority
                0x000000000800d500       0x54 ./Middlewares/Third_Party/FreeRTOS/Source/CMSIS_RTOS_V2/cmsis_os2.o
 .text.SysTick_Handler
                0x000000000800d554       0x20 ./Middlewares/Third_Party/FreeRTOS/Source/CMSIS_RTOS_V2/cmsis_os2.o
                0x000000000800d554                SysTick_Handler
 .text.SVC_Setup
                0x000000000800d574       0x12 ./Middlewares/Third_Party/FreeRTOS/Source/CMSIS_RTOS_V2/cmsis_os2.o
 *fill*         0x000000000800d586        0x2 
 .text.osKernelInitialize
                0x000000000800d588       0x48 ./Middlewares/Third_Party/FreeRTOS/Source/CMSIS_RTOS_V2/cmsis_os2.o
                0x000000000800d588                osKernelInitialize
 .text.osKernelStart
                0x000000000800d5d0       0x4c ./Middlewares/Third_Party/FreeRTOS/Source/CMSIS_RTOS_V2/cmsis_os2.o
                0x000000000800d5d0                osKernelStart
 .text.osThreadNew
                0x000000000800d61c      0x124 ./Middlewares/Third_Party/FreeRTOS/Source/CMSIS_RTOS_V2/cmsis_os2.o
                0x000000000800d61c                osThreadNew
 .text.osDelay  0x000000000800d740       0x36 ./Middlewares/Third_Party/FreeRTOS/Source/CMSIS_RTOS_V2/cmsis_os2.o
                0x000000000800d740                osDelay
 *fill*         0x000000000800d776        0x2 
 .text.vApplicationGetIdleTaskMemory
                0x000000000800d778       0x34 ./Middlewares/Third_Party/FreeRTOS/Source/CMSIS_RTOS_V2/cmsis_os2.o
                0x000000000800d778                vApplicationGetIdleTaskMemory
 .text.vApplicationGetTimerTaskMemory
                0x000000000800d7ac       0x34 ./Middlewares/Third_Party/FreeRTOS/Source/CMSIS_RTOS_V2/cmsis_os2.o
                0x000000000800d7ac                vApplicationGetTimerTaskMemory
 .text.vListInitialise
                0x000000000800d7e0       0x40 ./Middlewares/Third_Party/FreeRTOS/Source/list.o
                0x000000000800d7e0                vListInitialise
 .text.vListInitialiseItem
                0x000000000800d820       0x1a ./Middlewares/Third_Party/FreeRTOS/Source/list.o
                0x000000000800d820                vListInitialiseItem
 .text.vListInsertEnd
                0x000000000800d83a       0x48 ./Middlewares/Third_Party/FreeRTOS/Source/list.o
                0x000000000800d83a                vListInsertEnd
 .text.vListInsert
                0x000000000800d882       0x72 ./Middlewares/Third_Party/FreeRTOS/Source/list.o
                0x000000000800d882                vListInsert
 .text.uxListRemove
                0x000000000800d8f4       0x54 ./Middlewares/Third_Party/FreeRTOS/Source/list.o
                0x000000000800d8f4                uxListRemove
 .text.xQueueGenericReset
                0x000000000800d948       0xd0 ./Middlewares/Third_Party/FreeRTOS/Source/queue.o
                0x000000000800d948                xQueueGenericReset
 .text.xQueueGenericCreateStatic
                0x000000000800da18       0xf0 ./Middlewares/Third_Party/FreeRTOS/Source/queue.o
                0x000000000800da18                xQueueGenericCreateStatic
 .text.prvInitialiseNewQueue
                0x000000000800db08       0x46 ./Middlewares/Third_Party/FreeRTOS/Source/queue.o
 *fill*         0x000000000800db4e        0x2 
 .text.xQueueGenericSend
                0x000000000800db50      0x1fc ./Middlewares/Third_Party/FreeRTOS/Source/queue.o
                0x000000000800db50                xQueueGenericSend
 .text.xQueueGenericSendFromISR
                0x000000000800dd4c      0x136 ./Middlewares/Third_Party/FreeRTOS/Source/queue.o
                0x000000000800dd4c                xQueueGenericSendFromISR
 *fill*         0x000000000800de82        0x2 
 .text.xQueueReceive
                0x000000000800de84      0x1c0 ./Middlewares/Third_Party/FreeRTOS/Source/queue.o
                0x000000000800de84                xQueueReceive
 .text.prvCopyDataToQueue
                0x000000000800e044       0xd4 ./Middlewares/Third_Party/FreeRTOS/Source/queue.o
 .text.prvCopyDataFromQueue
                0x000000000800e118       0x4c ./Middlewares/Third_Party/FreeRTOS/Source/queue.o
 .text.prvUnlockQueue
                0x000000000800e164       0xa4 ./Middlewares/Third_Party/FreeRTOS/Source/queue.o
 .text.prvIsQueueEmpty
                0x000000000800e208       0x2c ./Middlewares/Third_Party/FreeRTOS/Source/queue.o
 .text.prvIsQueueFull
                0x000000000800e234       0x30 ./Middlewares/Third_Party/FreeRTOS/Source/queue.o
 .text.vQueueAddToRegistry
                0x000000000800e264       0x54 ./Middlewares/Third_Party/FreeRTOS/Source/queue.o
                0x000000000800e264                vQueueAddToRegistry
 .text.vQueueWaitForMessageRestricted
                0x000000000800e2b8       0x68 ./Middlewares/Third_Party/FreeRTOS/Source/queue.o
                0x000000000800e2b8                vQueueWaitForMessageRestricted
 .text.xTaskCreateStatic
                0x000000000800e320       0xba ./Middlewares/Third_Party/FreeRTOS/Source/tasks.o
                0x000000000800e320                xTaskCreateStatic
 .text.xTaskCreate
                0x000000000800e3da       0x8a ./Middlewares/Third_Party/FreeRTOS/Source/tasks.o
                0x000000000800e3da                xTaskCreate
 .text.prvInitialiseNewTask
                0x000000000800e464      0x14c ./Middlewares/Third_Party/FreeRTOS/Source/tasks.o
 .text.prvAddNewTaskToReadyList
                0x000000000800e5b0       0xe0 ./Middlewares/Third_Party/FreeRTOS/Source/tasks.o
 .text.vTaskDelay
                0x000000000800e690       0x68 ./Middlewares/Third_Party/FreeRTOS/Source/tasks.o
                0x000000000800e690                vTaskDelay
 .text.vTaskStartScheduler
                0x000000000800e6f8       0xe0 ./Middlewares/Third_Party/FreeRTOS/Source/tasks.o
                0x000000000800e6f8                vTaskStartScheduler
 .text.vTaskSuspendAll
                0x000000000800e7d8       0x1c ./Middlewares/Third_Party/FreeRTOS/Source/tasks.o
                0x000000000800e7d8                vTaskSuspendAll
 .text.xTaskResumeAll
                0x000000000800e7f4      0x13c ./Middlewares/Third_Party/FreeRTOS/Source/tasks.o
                0x000000000800e7f4                xTaskResumeAll
 .text.xTaskGetTickCount
                0x000000000800e930       0x20 ./Middlewares/Third_Party/FreeRTOS/Source/tasks.o
                0x000000000800e930                xTaskGetTickCount
 .text.xTaskIncrementTick
                0x000000000800e950      0x174 ./Middlewares/Third_Party/FreeRTOS/Source/tasks.o
                0x000000000800e950                xTaskIncrementTick
 .text.vTaskSwitchContext
                0x000000000800eac4       0xc8 ./Middlewares/Third_Party/FreeRTOS/Source/tasks.o
                0x000000000800eac4                vTaskSwitchContext
 .text.vTaskPlaceOnEventList
                0x000000000800eb8c       0x48 ./Middlewares/Third_Party/FreeRTOS/Source/tasks.o
                0x000000000800eb8c                vTaskPlaceOnEventList
 .text.vTaskPlaceOnEventListRestricted
                0x000000000800ebd4       0x58 ./Middlewares/Third_Party/FreeRTOS/Source/tasks.o
                0x000000000800ebd4                vTaskPlaceOnEventListRestricted
 .text.xTaskRemoveFromEventList
                0x000000000800ec2c       0xc8 ./Middlewares/Third_Party/FreeRTOS/Source/tasks.o
                0x000000000800ec2c                xTaskRemoveFromEventList
 .text.vTaskInternalSetTimeOutState
                0x000000000800ecf4       0x2c ./Middlewares/Third_Party/FreeRTOS/Source/tasks.o
                0x000000000800ecf4                vTaskInternalSetTimeOutState
 .text.xTaskCheckForTimeOut
                0x000000000800ed20       0xc4 ./Middlewares/Third_Party/FreeRTOS/Source/tasks.o
                0x000000000800ed20                xTaskCheckForTimeOut
 .text.vTaskMissedYield
                0x000000000800ede4       0x18 ./Middlewares/Third_Party/FreeRTOS/Source/tasks.o
                0x000000000800ede4                vTaskMissedYield
 .text.prvIdleTask
                0x000000000800edfc       0x30 ./Middlewares/Third_Party/FreeRTOS/Source/tasks.o
 .text.prvInitialiseTaskLists
                0x000000000800ee2c       0x80 ./Middlewares/Third_Party/FreeRTOS/Source/tasks.o
 .text.prvCheckTasksWaitingTermination
                0x000000000800eeac       0x5c ./Middlewares/Third_Party/FreeRTOS/Source/tasks.o
 .text.prvDeleteTCB
                0x000000000800ef08       0x68 ./Middlewares/Third_Party/FreeRTOS/Source/tasks.o
 .text.prvResetNextTaskUnblockTime
                0x000000000800ef70       0x40 ./Middlewares/Third_Party/FreeRTOS/Source/tasks.o
 .text.xTaskGetSchedulerState
                0x000000000800efb0       0x3c ./Middlewares/Third_Party/FreeRTOS/Source/tasks.o
                0x000000000800efb0                xTaskGetSchedulerState
 .text.xTaskPriorityDisinherit
                0x000000000800efec       0xdc ./Middlewares/Third_Party/FreeRTOS/Source/tasks.o
                0x000000000800efec                xTaskPriorityDisinherit
 .text.prvAddCurrentTaskToDelayedList
                0x000000000800f0c8       0xa8 ./Middlewares/Third_Party/FreeRTOS/Source/tasks.o
 .text.xTimerCreateTimerTask
                0x000000000800f170       0x90 ./Middlewares/Third_Party/FreeRTOS/Source/timers.o
                0x000000000800f170                xTimerCreateTimerTask
 .text.xTimerGenericCommand
                0x000000000800f200       0x9c ./Middlewares/Third_Party/FreeRTOS/Source/timers.o
                0x000000000800f200                xTimerGenericCommand
 .text.prvProcessExpiredTimer
                0x000000000800f29c       0x98 ./Middlewares/Third_Party/FreeRTOS/Source/timers.o
 .text.prvTimerTask
                0x000000000800f334       0x24 ./Middlewares/Third_Party/FreeRTOS/Source/timers.o
 .text.prvProcessTimerOrBlockTask
                0x000000000800f358       0x9c ./Middlewares/Third_Party/FreeRTOS/Source/timers.o
 .text.prvGetNextExpireTime
                0x000000000800f3f4       0x48 ./Middlewares/Third_Party/FreeRTOS/Source/timers.o
 .text.prvSampleTimeNow
                0x000000000800f43c       0x40 ./Middlewares/Third_Party/FreeRTOS/Source/timers.o
 .text.prvInsertTimerInActiveList
                0x000000000800f47c       0x84 ./Middlewares/Third_Party/FreeRTOS/Source/timers.o
 .text.prvProcessReceivedCommands
                0x000000000800f500      0x1c4 ./Middlewares/Third_Party/FreeRTOS/Source/timers.o
 .text.prvSwitchTimerLists
                0x000000000800f6c4       0xc8 ./Middlewares/Third_Party/FreeRTOS/Source/timers.o
 .text.prvCheckForValidListAndQueue
                0x000000000800f78c       0x80 ./Middlewares/Third_Party/FreeRTOS/Source/timers.o
 .text.pxPortInitialiseStack
                0x000000000800f80c       0x68 ./Middlewares/Third_Party/FreeRTOS/Source/portable/GCC/ARM_CM4F/port.o
                0x000000000800f80c                pxPortInitialiseStack
 .text.prvTaskExitError
                0x000000000800f874       0x58 ./Middlewares/Third_Party/FreeRTOS/Source/portable/GCC/ARM_CM4F/port.o
 *fill*         0x000000000800f8cc        0x4 
 .text.SVC_Handler
                0x000000000800f8d0       0x28 ./Middlewares/Third_Party/FreeRTOS/Source/portable/GCC/ARM_CM4F/port.o
                0x000000000800f8d0                SVC_Handler
 .text.prvPortStartFirstTask
                0x000000000800f8f8       0x28 ./Middlewares/Third_Party/FreeRTOS/Source/portable/GCC/ARM_CM4F/port.o
 .text.xPortStartScheduler
                0x000000000800f920      0x144 ./Middlewares/Third_Party/FreeRTOS/Source/portable/GCC/ARM_CM4F/port.o
                0x000000000800f920                xPortStartScheduler
 .text.vPortEnterCritical
                0x000000000800fa64       0x60 ./Middlewares/Third_Party/FreeRTOS/Source/portable/GCC/ARM_CM4F/port.o
                0x000000000800fa64                vPortEnterCritical
 .text.vPortExitCritical
                0x000000000800fac4       0x54 ./Middlewares/Third_Party/FreeRTOS/Source/portable/GCC/ARM_CM4F/port.o
                0x000000000800fac4                vPortExitCritical
 *fill*         0x000000000800fb18        0x8 
 .text.PendSV_Handler
                0x000000000800fb20       0x68 ./Middlewares/Third_Party/FreeRTOS/Source/portable/GCC/ARM_CM4F/port.o
                0x000000000800fb20                PendSV_Handler
 .text.xPortSysTickHandler
                0x000000000800fb88       0x44 ./Middlewares/Third_Party/FreeRTOS/Source/portable/GCC/ARM_CM4F/port.o
                0x000000000800fb88                xPortSysTickHandler
 .text.vPortSetupTimerInterrupt
                0x000000000800fbcc       0x48 ./Middlewares/Third_Party/FreeRTOS/Source/portable/GCC/ARM_CM4F/port.o
                0x000000000800fbcc                vPortSetupTimerInterrupt
 .text.vPortEnableVFP
                0x000000000800fc14       0x14 ./Middlewares/Third_Party/FreeRTOS/Source/portable/GCC/ARM_CM4F/port.o
 .text.vPortValidateInterruptPriority
                0x000000000800fc28       0x80 ./Middlewares/Third_Party/FreeRTOS/Source/portable/GCC/ARM_CM4F/port.o
                0x000000000800fc28                vPortValidateInterruptPriority
 .text.pvPortMalloc
                0x000000000800fca8      0x198 ./Middlewares/Third_Party/FreeRTOS/Source/portable/MemMang/heap_4.o
                0x000000000800fca8                pvPortMalloc
 .text.vPortFree
                0x000000000800fe40       0xc4 ./Middlewares/Third_Party/FreeRTOS/Source/portable/MemMang/heap_4.o
                0x000000000800fe40                vPortFree
 .text.prvHeapInit
                0x000000000800ff04       0xc4 ./Middlewares/Third_Party/FreeRTOS/Source/portable/MemMang/heap_4.o
 .text.prvInsertBlockIntoFreeList
                0x000000000800ffc8       0xb4 ./Middlewares/Third_Party/FreeRTOS/Source/portable/MemMang/heap_4.o
 .text.pow      0x000000000801007c       0xe0 C:/ST/STM32CubeIDE_1.14.1/STM32CubeIDE/plugins/com.st.stm32cube.ide.mcu.externaltools.gnu-tools-for-stm32.11.3.rel1.win32_1.1.100.202309141235/tools/bin/../lib/gcc/arm-none-eabi/11.3.1/../../../../arm-none-eabi/lib/thumb/v7e-m+fp/hard\libm.a(libm_a-w_pow.o)
                0x000000000801007c                pow
 .text.sqrt     0x000000000801015c       0x58 C:/ST/STM32CubeIDE_1.14.1/STM32CubeIDE/plugins/com.st.stm32cube.ide.mcu.externaltools.gnu-tools-for-stm32.11.3.rel1.win32_1.1.100.202309141235/tools/bin/../lib/gcc/arm-none-eabi/11.3.1/../../../../arm-none-eabi/lib/thumb/v7e-m+fp/hard\libm.a(libm_a-w_sqrt.o)
                0x000000000801015c                sqrt
 *fill*         0x00000000080101b4        0x4 
 .text.cos      0x00000000080101b8       0xa8 C:/ST/STM32CubeIDE_1.14.1/STM32CubeIDE/plugins/com.st.stm32cube.ide.mcu.externaltools.gnu-tools-for-stm32.11.3.rel1.win32_1.1.100.202309141235/tools/bin/../lib/gcc/arm-none-eabi/11.3.1/../../../../arm-none-eabi/lib/thumb/v7e-m+fp/hard\libm.a(libm_a-s_cos.o)
                0x00000000080101b8                cos
 .text.sin      0x0000000008010260       0xb0 C:/ST/STM32CubeIDE_1.14.1/STM32CubeIDE/plugins/com.st.stm32cube.ide.mcu.externaltools.gnu-tools-for-stm32.11.3.rel1.win32_1.1.100.202309141235/tools/bin/../lib/gcc/arm-none-eabi/11.3.1/../../../../arm-none-eabi/lib/thumb/v7e-m+fp/hard\libm.a(libm_a-s_sin.o)
                0x0000000008010260                sin
 .text.finite   0x0000000008010310       0x16 C:/ST/STM32CubeIDE_1.14.1/STM32CubeIDE/plugins/com.st.stm32cube.ide.mcu.externaltools.gnu-tools-for-stm32.11.3.rel1.win32_1.1.100.202309141235/tools/bin/../lib/gcc/arm-none-eabi/11.3.1/../../../../arm-none-eabi/lib/thumb/v7e-m+fp/hard\libm.a(libm_a-s_finite.o)
                0x0000000008010310                finite
 *fill*         0x0000000008010326        0x2 
 .text.__ieee754_sqrt
                0x0000000008010328      0x1b4 C:/ST/STM32CubeIDE_1.14.1/STM32CubeIDE/plugins/com.st.stm32cube.ide.mcu.externaltools.gnu-tools-for-stm32.11.3.rel1.win32_1.1.100.202309141235/tools/bin/../lib/gcc/arm-none-eabi/11.3.1/../../../../arm-none-eabi/lib/thumb/v7e-m+fp/hard\libm.a(libm_a-e_sqrt.o)
                0x0000000008010328                __ieee754_sqrt
 *fill*         0x00000000080104dc        0x4 
 .text.__kernel_cos
                0x00000000080104e0      0x18c C:/ST/STM32CubeIDE_1.14.1/STM32CubeIDE/plugins/com.st.stm32cube.ide.mcu.externaltools.gnu-tools-for-stm32.11.3.rel1.win32_1.1.100.202309141235/tools/bin/../lib/gcc/arm-none-eabi/11.3.1/../../../../arm-none-eabi/lib/thumb/v7e-m+fp/hard\libm.a(libm_a-k_cos.o)
                0x00000000080104e0                __kernel_cos
 *fill*         0x000000000801066c        0x4 
 .text.__kernel_sin
                0x0000000008010670      0x17c C:/ST/STM32CubeIDE_1.14.1/STM32CubeIDE/plugins/com.st.stm32cube.ide.mcu.externaltools.gnu-tools-for-stm32.11.3.rel1.win32_1.1.100.202309141235/tools/bin/../lib/gcc/arm-none-eabi/11.3.1/../../../../arm-none-eabi/lib/thumb/v7e-m+fp/hard\libm.a(libm_a-k_sin.o)
                0x0000000008010670                __kernel_sin
 *fill*         0x00000000080107ec        0x4 
 .text.__ieee754_pow
                0x00000000080107f0      0xa54 C:/ST/STM32CubeIDE_1.14.1/STM32CubeIDE/plugins/com.st.stm32cube.ide.mcu.externaltools.gnu-tools-for-stm32.11.3.rel1.win32_1.1.100.202309141235/tools/bin/../lib/gcc/arm-none-eabi/11.3.1/../../../../arm-none-eabi/lib/thumb/v7e-m+fp/hard\libm.a(libm_a-e_pow.o)
                0x00000000080107f0                __ieee754_pow
 *fill*         0x0000000008011244        0x4 
 .text.__ieee754_rem_pio2
                0x0000000008011248      0x40c C:/ST/STM32CubeIDE_1.14.1/STM32CubeIDE/plugins/com.st.stm32cube.ide.mcu.externaltools.gnu-tools-for-stm32.11.3.rel1.win32_1.1.100.202309141235/tools/bin/../lib/gcc/arm-none-eabi/11.3.1/../../../../arm-none-eabi/lib/thumb/v7e-m+fp/hard\libm.a(libm_a-e_rem_pio2.o)
                0x0000000008011248                __ieee754_rem_pio2
 .text.fabs     0x0000000008011654       0x12 C:/ST/STM32CubeIDE_1.14.1/STM32CubeIDE/plugins/com.st.stm32cube.ide.mcu.externaltools.gnu-tools-for-stm32.11.3.rel1.win32_1.1.100.202309141235/tools/bin/../lib/gcc/arm-none-eabi/11.3.1/../../../../arm-none-eabi/lib/thumb/v7e-m+fp/hard\libm.a(libm_a-s_fabs.o)
                0x0000000008011654                fabs
 *fill*         0x0000000008011666        0x2 
 .text.scalbn   0x0000000008011668       0xfc C:/ST/STM32CubeIDE_1.14.1/STM32CubeIDE/plugins/com.st.stm32cube.ide.mcu.externaltools.gnu-tools-for-stm32.11.3.rel1.win32_1.1.100.202309141235/tools/bin/../lib/gcc/arm-none-eabi/11.3.1/../../../../arm-none-eabi/lib/thumb/v7e-m+fp/hard\libm.a(libm_a-s_scalbn.o)
                0x0000000008011668                scalbn
 .text.with_errno
                0x0000000008011764       0x14 C:/ST/STM32CubeIDE_1.14.1/STM32CubeIDE/plugins/com.st.stm32cube.ide.mcu.externaltools.gnu-tools-for-stm32.11.3.rel1.win32_1.1.100.202309141235/tools/bin/../lib/gcc/arm-none-eabi/11.3.1/../../../../arm-none-eabi/lib/thumb/v7e-m+fp/hard\libm.a(libm_a-math_err.o)
 .text.xflow    0x0000000008011778       0x28 C:/ST/STM32CubeIDE_1.14.1/STM32CubeIDE/plugins/com.st.stm32cube.ide.mcu.externaltools.gnu-tools-for-stm32.11.3.rel1.win32_1.1.100.202309141235/tools/bin/../lib/gcc/arm-none-eabi/11.3.1/../../../../arm-none-eabi/lib/thumb/v7e-m+fp/hard\libm.a(libm_a-math_err.o)
 .text.__math_uflow
                0x00000000080117a0       0x12 C:/ST/STM32CubeIDE_1.14.1/STM32CubeIDE/plugins/com.st.stm32cube.ide.mcu.externaltools.gnu-tools-for-stm32.11.3.rel1.win32_1.1.100.202309141235/tools/bin/../lib/gcc/arm-none-eabi/11.3.1/../../../../arm-none-eabi/lib/thumb/v7e-m+fp/hard\libm.a(libm_a-math_err.o)
                0x00000000080117a0                __math_uflow
 .text.__math_oflow
                0x00000000080117b2       0x12 C:/ST/STM32CubeIDE_1.14.1/STM32CubeIDE/plugins/com.st.stm32cube.ide.mcu.externaltools.gnu-tools-for-stm32.11.3.rel1.win32_1.1.100.202309141235/tools/bin/../lib/gcc/arm-none-eabi/11.3.1/../../../../arm-none-eabi/lib/thumb/v7e-m+fp/hard\libm.a(libm_a-math_err.o)
                0x00000000080117b2                __math_oflow
 *fill*         0x00000000080117c4        0x4 
 .text.__kernel_rem_pio2
                0x00000000080117c8      0x69c C:/ST/STM32CubeIDE_1.14.1/STM32CubeIDE/plugins/com.st.stm32cube.ide.mcu.externaltools.gnu-tools-for-stm32.11.3.rel1.win32_1.1.100.202309141235/tools/bin/../lib/gcc/arm-none-eabi/11.3.1/../../../../arm-none-eabi/lib/thumb/v7e-m+fp/hard\libm.a(libm_a-k_rem_pio2.o)
                0x00000000080117c8                __kernel_rem_pio2
 *fill*         0x0000000008011e64        0x4 
 .text.floor    0x0000000008011e68      0x100 C:/ST/STM32CubeIDE_1.14.1/STM32CubeIDE/plugins/com.st.stm32cube.ide.mcu.externaltools.gnu-tools-for-stm32.11.3.rel1.win32_1.1.100.202309141235/tools/bin/../lib/gcc/arm-none-eabi/11.3.1/../../../../arm-none-eabi/lib/thumb/v7e-m+fp/hard\libm.a(libm_a-s_floor.o)
                0x0000000008011e68                floor