../Core/Inc/bno055_stm32.h:20:6:bno055_assignI2C	16	static
../Core/Inc/bno055_stm32.h:24:6:bno055_delay	16	static
../Core/Inc/bno055_stm32.h:32:6:bno055_writeData	40	static
../Core/Inc/bno055_stm32.h:96:6:bno055_readData	24	static
../Core/Src/main.c:162:5:main	8	static
../Core/Src/main.c:259:6:SystemClock_Config	88	static
../Core/Src/main.c:306:13:MX_I2C1_Init	8	static
../Core/Src/main.c:354:13:MX_I2C2_Init	8	static
../Core/Src/main.c:402:13:MX_TIM1_Init	96	static
../Core/Src/main.c:489:13:MX_TIM3_Init	64	static
../Core/Src/main.c:560:13:MX_TIM13_Init	8	static
../Core/Src/main.c:591:13:MX_USART3_UART_Init	8	static
../Core/Src/main.c:622:13:MX_DMA_Init	16	static
../Core/Src/main.c:649:13:MX_GPIO_Init	64	static
../Core/Src/main.c:722:5:imuCallback	24	static
../Core/Src/main.c:738:6:initializeMotor	8	static
../Core/Src/main.c:754:6:setPwm	16	static
../Core/Src/main.c:819:6:HAL_GPIO_EXTI_Callback	16	static
../Core/Src/main.c:879:6:DefaultTask	40	static
../Core/Src/main.c:908:6:commTask	16	static
../Core/Src/main.c:927:6:ImuTask_Function	16	static
../Core/Src/main.c:952:6:GUI_Task	88	static
../Core/Src/main.c:980:6:Callback01	16	static
../Core/Src/main.c:995:6:HAL_TIM_PeriodElapsedCallback	24	static
../Core/Src/main.c:1019:6:Error_Handler	4	static,ignoring_inline_asm
