../Core/Inc/bno055_stm32.h:20:6:bno055_assignI2C	16	static
../Core/Inc/bno055_stm32.h:24:6:bno055_delay	16	static
../Core/Inc/bno055_stm32.h:32:6:bno055_writeData	40	static
../Core/Inc/bno055_stm32.h:96:6:bno055_readData	24	static
../Core/Src/main.c:157:5:main	8	static
../Core/Src/main.c:250:6:SystemClock_Config	88	static
../Core/Src/main.c:297:13:MX_I2C1_Init	8	static
../Core/Src/main.c:345:13:MX_I2C2_Init	8	static
../Core/Src/main.c:393:13:MX_TIM1_Init	96	static
../Core/Src/main.c:480:13:MX_TIM3_Init	64	static
../Core/Src/main.c:551:13:MX_TIM13_Init	8	static
../Core/Src/main.c:582:13:MX_USART3_UART_Init	8	static
../Core/Src/main.c:613:13:MX_DMA_Init	16	static
../Core/Src/main.c:640:13:MX_GPIO_Init	64	static
../Core/Src/main.c:713:5:imuCallback	24	static
../Core/Src/main.c:725:6:initializeMotor	8	static
../Core/Src/main.c:741:6:setPwm	16	static
../Core/Src/main.c:806:6:HAL_GPIO_EXTI_Callback	16	static
../Core/Src/main.c:866:6:StartDefaultTask	40	static
../Core/Src/main.c:895:6:commTask	16	static
../Core/Src/main.c:914:6:ImuTask_Function	16	static
../Core/Src/main.c:957:6:GUI_Task	88	static
../Core/Src/main.c:993:6:HAL_TIM_PeriodElapsedCallback	24	static
../Core/Src/main.c:1016:6:Error_Handler	4	static,ignoring_inline_asm
