../Core/Inc/bno055_stm32.h:20:6:bno055_assignI2C	16	static
../Core/Inc/bno055_stm32.h:24:6:bno055_delay	16	static
../Core/Inc/bno055_stm32.h:32:6:bno055_writeData	40	static
../Core/Inc/bno055_stm32.h:96:6:bno055_readData	24	static
../Core/Src/main.c:148:5:main	8	static
../Core/Src/main.c:241:6:SystemClock_Config	88	static
../Core/Src/main.c:288:13:MX_I2C1_Init	8	static
../Core/Src/main.c:336:13:MX_I2C2_Init	8	static
../Core/Src/main.c:384:13:MX_TIM1_Init	96	static
../Core/Src/main.c:471:13:MX_TIM3_Init	64	static
../Core/Src/main.c:542:13:MX_TIM13_Init	8	static
../Core/Src/main.c:573:13:MX_USART3_UART_Init	8	static
../Core/Src/main.c:604:13:MX_DMA_Init	16	static
../Core/Src/main.c:631:13:MX_GPIO_Init	64	static
../Core/Src/main.c:704:5:imuCallback	24	static
../Core/Src/main.c:716:6:initializeMotor	8	static
../Core/Src/main.c:732:6:setPwm	16	static
../Core/Src/main.c:797:6:HAL_GPIO_EXTI_Callback	16	static
../Core/Src/main.c:857:6:StartDefaultTask	40	static
../Core/Src/main.c:886:6:commTask	16	static
../Core/Src/main.c:905:6:ImuTask_Function	16	static
../Core/Src/main.c:931:6:GUI_Task	88	static
../Core/Src/main.c:967:6:HAL_TIM_PeriodElapsedCallback	24	static
../Core/Src/main.c:990:6:Error_Handler	4	static,ignoring_inline_asm
