../Core/Inc/bno055_stm32.h:20:6:bno055_assignI2C	16	static
../Core/Inc/bno055_stm32.h:24:6:bno055_delay	16	static
../Core/Inc/bno055_stm32.h:32:6:bno055_writeData	40	static
../Core/Inc/bno055_stm32.h:96:6:bno055_readData	24	static
../Core/Src/main.c:153:5:main	8	static
../Core/Src/main.c:246:6:SystemClock_Config	88	static
../Core/Src/main.c:293:13:MX_I2C1_Init	8	static
../Core/Src/main.c:341:13:MX_I2C2_Init	8	static
../Core/Src/main.c:389:13:MX_TIM1_Init	96	static
../Core/Src/main.c:476:13:MX_TIM3_Init	64	static
../Core/Src/main.c:547:13:MX_TIM13_Init	8	static
../Core/Src/main.c:578:13:MX_USART3_UART_Init	8	static
../Core/Src/main.c:609:13:MX_DMA_Init	16	static
../Core/Src/main.c:636:13:MX_GPIO_Init	64	static
../Core/Src/main.c:709:5:imuCallback	24	static
../Core/Src/main.c:725:6:initializeMotor	8	static
../Core/Src/main.c:741:6:setPwm	16	static
../Core/Src/main.c:806:6:HAL_GPIO_EXTI_Callback	16	static
../Core/Src/main.c:866:6:StartDefaultTask	40	static
../Core/Src/main.c:894:6:commTask	16	static
../Core/Src/main.c:913:6:ImuTask_Function	16	static
../Core/Src/main.c:942:6:GUI_Task	88	static
../Core/Src/main.c:977:6:HAL_TIM_PeriodElapsedCallback	24	static
../Core/Src/main.c:1000:6:Error_Handler	4	static,ignoring_inline_asm
